[08:19:42] Başlangıç: 2026-09-27 08:19:42 UTC, Mac saat dilimi: UTC
[08:19:45] Seçim: CREATE	com.apple.CoreSimulator.SimDeviceType.iPhone-14-Pro-Max	com.apple.CoreSimulator.SimRuntime.iOS-26-5	iPhone 14 Pro Max	iOS 26.5	841190F6-F927-4F0D-B152-62A06B4040CA
[08:19:45] Simülatör oluşturuldu: iPhone 14 Pro Max (0B334702-C92F-4075-879B-981DCCB543A3)
[08:19:45] Simülatör: iPhone 14 Pro Max — iOS 26.5 (udid 0B334702-C92F-4075-879B-981DCCB543A3)
[08:19:51] AsistSeed derleniyor (swift build)…
[08:21:57] AsistSeed hazır: /Users/runner/work/Asist/Asist/Packages/AsistCore/.build/arm64-apple-macosx/debug/AsistSeed
Monitoring boot status for Asist Duman (0B334702-C92F-4075-879B-981DCCB543A3).
[2026-09-27 08:21:59 +0000] Status=2, isTerminal=NO, Elapsed=02:11.
	Waiting on Data Migration
		Reason:Running plugin com.apple.locationd.migrator (CoreLocationMigrator.migrator)
		Migration Elapsed:01:58 seconds

[2026-09-27 08:22:00 +0000] Status=2, isTerminal=NO, Elapsed=02:12.
	Waiting on Data Migration
		Reason:Running plugin com.apple.locationd.migrator (CoreLocationMigrator.migrator)
		Migration Elapsed:01:59 seconds

[2026-09-27 08:22:01 +0000] Status=2, isTerminal=NO, Elapsed=02:13.
	Waiting on Data Migration
		Reason:Running plugin com.apple.locationd.migrator (CoreLocationMigrator.migrator)
		Migration Elapsed:02:00 seconds

[2026-09-27 08:22:02 +0000] Status=2, isTerminal=NO, Elapsed=02:14.
	Waiting on Data Migration
		Reason:Running plugin com.apple.locationd.migrator (CoreLocationMigrator.migrator)
		Migration Elapsed:02:01 seconds

[2026-09-27 08:22:03 +0000] Status=2, isTerminal=NO, Elapsed=02:15.
	Waiting on Data Migration
		Reason:Running plugin com.apple.locationd.migrator (CoreLocationMigrator.migrator)
		Migration Elapsed:02:02 seconds

[2026-09-27 08:22:04 +0000] Status=2, isTerminal=NO, Elapsed=02:16.
	Waiting on Data Migration
		Reason:Running plugin com.apple.locationd.migrator (CoreLocationMigrator.migrator)
		Migration Elapsed:02:03 seconds

[2026-09-27 08:22:05 +0000] Status=2, isTerminal=NO, Elapsed=02:17.
	Waiting on Data Migration
		Reason:Running plugin com.apple.locationd.migrator (CoreLocationMigrator.migrator)
		Migration Elapsed:02:04 seconds

[2026-09-27 08:22:06 +0000] Status=2, isTerminal=NO, Elapsed=02:18.
	Waiting on Data Migration
		Reason:Running plugin com.apple.locationd.migrator (CoreLocationMigrator.migrator)
		Migration Elapsed:02:05 seconds

[2026-09-27 08:22:07 +0000] Status=2, isTerminal=NO, Elapsed=02:19.
	Waiting on Data Migration
		Reason:Running plugin com.apple.locationd.migrator (CoreLocationMigrator.migrator)
		Migration Elapsed:02:06 seconds

[2026-09-27 08:22:08 +0000] Status=2, isTerminal=NO, Elapsed=02:20.
	Waiting on Data Migration
		Reason:Running plugin com.apple.locationd.migrator (CoreLocationMigrator.migrator)
		Migration Elapsed:02:07 seconds

[2026-09-27 08:22:09 +0000] Status=2, isTerminal=NO, Elapsed=02:21.
	Waiting on Data Migration
		Reason:Running plugin com.apple.locationd.migrator (CoreLocationMigrator.migrator)
		Migration Elapsed:02:08 seconds

[2026-09-27 08:22:10 +0000] Status=2, isTerminal=NO, Elapsed=02:22.
	Waiting on Data Migration
		Reason:Running plugin com.apple.locationd.migrator (CoreLocationMigrator.migrator)
		Migration Elapsed:02:09 seconds

[2026-09-27 08:22:11 +0000] Status=2, isTerminal=NO, Elapsed=02:23.
	Waiting on Data Migration
		Reason:Running plugin com.apple.locationd.migrator (CoreLocationMigrator.migrator)
		Migration Elapsed:02:10 seconds

[2026-09-27 08:22:12 +0000] Status=2, isTerminal=NO, Elapsed=02:24.
	Waiting on Data Migration
		Reason:Running plugin com.apple.locationd.migrator (CoreLocationMigrator.migrator)
		Migration Elapsed:02:11 seconds

[2026-09-27 08:22:13 +0000] Status=2, isTerminal=NO, Elapsed=02:25.
	Waiting on Data Migration
		Reason:Running plugin com.apple.locationd.migrator (CoreLocationMigrator.migrator)
		Migration Elapsed:02:12 seconds

[2026-09-27 08:22:14 +0000] Status=2, isTerminal=NO, Elapsed=02:26.
	Waiting on Data Migration
		Reason:Running plugin com.apple.locationd.migrator (CoreLocationMigrator.migrator)
		Migration Elapsed:02:13 seconds

[2026-09-27 08:22:15 +0000] Status=2, isTerminal=NO, Elapsed=02:27.
	Waiting on Data Migration
		Reason:Running plugin com.apple.locationd.migrator (CoreLocationMigrator.migrator)
		Migration Elapsed:02:14 seconds

[2026-09-27 08:22:16 +0000] Status=2, isTerminal=NO, Elapsed=02:28.
	Waiting on Data Migration
		Reason:Running plugin com.apple.locationd.migrator (CoreLocationMigrator.migrator)
		Migration Elapsed:02:15 seconds

[2026-09-27 08:22:17 +0000] Status=2, isTerminal=NO, Elapsed=02:29.
	Waiting on Data Migration
		Reason:Running plugin com.apple.locationd.migrator (CoreLocationMigrator.migrator)
		Migration Elapsed:02:16 seconds

[2026-09-27 08:22:18 +0000] Status=2, isTerminal=NO, Elapsed=02:30.
	Waiting on Data Migration
		Reason:Running plugin com.apple.locationd.migrator (CoreLocationMigrator.migrator)
		Migration Elapsed:02:17 seconds

[2026-09-27 08:22:19 +0000] Status=2, isTerminal=NO, Elapsed=02:31.
	Waiting on Data Migration
		Reason:Running plugin com.apple.locationd.migrator (CoreLocationMigrator.migrator)
		Migration Elapsed:02:18 seconds

[2026-09-27 08:22:20 +0000] Status=2, isTerminal=NO, Elapsed=02:33.
	Waiting on Data Migration
		Reason:Running plugin com.apple.locationd.migrator (CoreLocationMigrator.migrator)
		Migration Elapsed:02:19 seconds

[2026-09-27 08:22:21 +0000] Status=2, isTerminal=NO, Elapsed=02:34.
	Waiting on Data Migration
		Reason:Running plugin com.apple.locationd.migrator (CoreLocationMigrator.migrator)
		Migration Elapsed:02:20 seconds

[2026-09-27 08:22:22 +0000] Status=2, isTerminal=NO, Elapsed=02:35.
	Waiting on Data Migration
		Reason:Running plugin com.apple.locationd.migrator (CoreLocationMigrator.migrator)
		Migration Elapsed:02:21 seconds

[2026-09-27 08:22:23 +0000] Status=2, isTerminal=NO, Elapsed=02:36.
	Waiting on Data Migration
		Reason:Running plugin com.apple.locationd.migrator (CoreLocationMigrator.migrator)
		Migration Elapsed:02:22 seconds

[2026-09-27 08:22:24 +0000] Status=2, isTerminal=NO, Elapsed=02:37.
	Waiting on Data Migration
		Reason:Running plugin com.apple.locationd.migrator (CoreLocationMigrator.migrator)
		Migration Elapsed:02:23 seconds

[2026-09-27 08:22:25 +0000] Status=2, isTerminal=NO, Elapsed=02:37.
	Waiting on Data Migration
		Reason:Running plugin com.apple.locationd.migrator (CoreLocationMigrator.migrator)
		Migration Elapsed:02:24 seconds

[2026-09-27 08:22:26 +0000] Status=2, isTerminal=NO, Elapsed=02:39.
	Waiting on Data Migration
		Reason:Running plugin com.apple.locationd.migrator (CoreLocationMigrator.migrator)
		Migration Elapsed:02:25 seconds

[2026-09-27 08:22:27 +0000] Status=2, isTerminal=NO, Elapsed=02:39.
	Waiting on Data Migration
		Reason:Running plugin com.apple.locationd.migrator (CoreLocationMigrator.migrator)
		Migration Elapsed:02:26 seconds

[2026-09-27 08:22:28 +0000] Status=2, isTerminal=NO, Elapsed=02:40.
	Waiting on Data Migration
		Reason:Running plugin com.apple.locationd.migrator (CoreLocationMigrator.migrator)
		Migration Elapsed:02:27 seconds

[2026-09-27 08:22:29 +0000] Status=2, isTerminal=NO, Elapsed=02:41.
	Waiting on Data Migration
		Reason:Running plugin com.apple.locationd.migrator (CoreLocationMigrator.migrator)
		Migration Elapsed:02:28 seconds

[2026-09-27 08:22:30 +0000] Status=2, isTerminal=NO, Elapsed=02:42.
	Waiting on Data Migration
		Reason:Running plugin com.apple.locationd.migrator (CoreLocationMigrator.migrator)
		Migration Elapsed:02:29 seconds

[2026-09-27 08:22:31 +0000] Status=2, isTerminal=NO, Elapsed=02:43.
	Waiting on Data Migration
		Reason:Running plugin com.apple.locationd.migrator (CoreLocationMigrator.migrator)
		Migration Elapsed:02:30 seconds

[2026-09-27 08:22:32 +0000] Status=2, isTerminal=NO, Elapsed=02:44.
	Waiting on Data Migration
		Reason:Running plugin com.apple.locationd.migrator (CoreLocationMigrator.migrator)
		Migration Elapsed:02:31 seconds

[2026-09-27 08:22:33 +0000] Status=2, isTerminal=NO, Elapsed=02:45.
	Waiting on Data Migration
		Reason:Running plugin com.apple.locationd.migrator (CoreLocationMigrator.migrator)
		Migration Elapsed:02:32 seconds

[2026-09-27 08:22:34 +0000] Status=2, isTerminal=NO, Elapsed=02:47.
	Waiting on Data Migration
		Reason:Running plugin com.apple.locationd.migrator (CoreLocationMigrator.migrator)
		Migration Elapsed:02:33 seconds

[2026-09-27 08:22:35 +0000] Status=2, isTerminal=NO, Elapsed=02:47.
	Waiting on Data Migration
		Reason:Running plugin com.apple.locationd.migrator (CoreLocationMigrator.migrator)
		Migration Elapsed:02:34 seconds

[2026-09-27 08:22:36 +0000] Status=2, isTerminal=NO, Elapsed=02:48.
	Waiting on Data Migration
		Reason:Running plugin com.apple.locationd.migrator (CoreLocationMigrator.migrator)
		Migration Elapsed:02:35 seconds

[2026-09-27 08:22:37 +0000] Status=2, isTerminal=NO, Elapsed=02:49.
	Waiting on Data Migration
		Reason:Running plugin com.apple.locationd.migrator (CoreLocationMigrator.migrator)
		Migration Elapsed:02:36 seconds

[2026-09-27 08:22:38 +0000] Status=2, isTerminal=NO, Elapsed=02:50.
	Waiting on Data Migration
		Reason:Running plugin com.apple.locationd.migrator (CoreLocationMigrator.migrator)
		Migration Elapsed:02:37 seconds

[2026-09-27 08:22:39 +0000] Status=2, isTerminal=NO, Elapsed=02:51.
	Waiting on Data Migration
		Reason:Running plugin com.apple.locationd.migrator (CoreLocationMigrator.migrator)
		Migration Elapsed:02:38 seconds

[2026-09-27 08:22:40 +0000] Status=2, isTerminal=NO, Elapsed=02:52.
	Waiting on Data Migration
		Reason:Running plugin com.apple.locationd.migrator (CoreLocationMigrator.migrator)
		Migration Elapsed:02:39 seconds

[2026-09-27 08:22:41 +0000] Status=2, isTerminal=NO, Elapsed=02:53.
	Waiting on Data Migration
		Reason:Running plugin com.apple.locationd.migrator (CoreLocationMigrator.migrator)
		Migration Elapsed:02:40 seconds

[2026-09-27 08:22:42 +0000] Status=2, isTerminal=NO, Elapsed=02:55.
	Waiting on Data Migration
		Reason:Running plugin com.apple.locationd.migrator (CoreLocationMigrator.migrator)
		Migration Elapsed:02:41 seconds

[2026-09-27 08:22:43 +0000] Status=2, isTerminal=NO, Elapsed=02:55.
	Waiting on Data Migration
		Reason:Running plugin com.apple.locationd.migrator (CoreLocationMigrator.migrator)
		Migration Elapsed:02:42 seconds

[2026-09-27 08:22:44 +0000] Status=2, isTerminal=NO, Elapsed=02:56.
	Waiting on Data Migration
		Reason:Running plugin com.apple.locationd.migrator (CoreLocationMigrator.migrator)
		Migration Elapsed:02:43 seconds

[2026-09-27 08:22:45 +0000] Status=2, isTerminal=NO, Elapsed=02:57.
	Waiting on Data Migration
		Reason:Running plugin com.apple.locationd.migrator (CoreLocationMigrator.migrator)
		Migration Elapsed:02:44 seconds

[2026-09-27 08:22:46 +0000] Status=2, isTerminal=NO, Elapsed=02:59.
	Waiting on Data Migration
		Reason:Running plugin com.apple.locationd.migrator (CoreLocationMigrator.migrator)
		Migration Elapsed:02:45 seconds

[2026-09-27 08:22:47 +0000] Status=2, isTerminal=NO, Elapsed=03:00.
	Waiting on Data Migration
		Reason:Running plugin com.apple.locationd.migrator (CoreLocationMigrator.migrator)
		Migration Elapsed:02:46 seconds

[2026-09-27 08:22:48 +0000] Status=2, isTerminal=NO, Elapsed=03:00.
	Waiting on Data Migration
		Reason:Running plugin com.apple.locationd.migrator (CoreLocationMigrator.migrator)
		Migration Elapsed:02:47 seconds

[2026-09-27 08:22:49 +0000] Status=2, isTerminal=NO, Elapsed=03:01.
	Waiting on Data Migration
		Reason:Running plugin com.apple.locationd.migrator (CoreLocationMigrator.migrator)
		Migration Elapsed:02:48 seconds

[2026-09-27 08:22:50 +0000] Status=2, isTerminal=NO, Elapsed=03:02.
	Waiting on Data Migration
		Reason:Running plugin com.apple.locationd.migrator (CoreLocationMigrator.migrator)
		Migration Elapsed:02:49 seconds

[2026-09-27 08:22:51 +0000] Status=2, isTerminal=NO, Elapsed=03:03.
	Waiting on Data Migration
		Reason:Running plugin com.apple.locationd.migrator (CoreLocationMigrator.migrator)
		Migration Elapsed:02:50 seconds

[2026-09-27 08:22:52 +0000] Status=2, isTerminal=NO, Elapsed=03:05.
	Waiting on Data Migration
		Reason:Running plugin com.apple.locationd.migrator (CoreLocationMigrator.migrator)
		Migration Elapsed:02:51 seconds

[2026-09-27 08:22:53 +0000] Status=2, isTerminal=NO, Elapsed=03:05.
	Waiting on Data Migration
		Reason:Running plugin com.apple.locationd.migrator (CoreLocationMigrator.migrator)
		Migration Elapsed:02:52 seconds

[2026-09-27 08:22:54 +0000] Status=2, isTerminal=NO, Elapsed=03:06.
	Waiting on Data Migration
		Reason:Running plugin com.apple.locationd.migrator (CoreLocationMigrator.migrator)
		Migration Elapsed:02:53 seconds

[2026-09-27 08:22:55 +0000] Status=2, isTerminal=NO, Elapsed=03:08.
	Waiting on Data Migration
		Reason:Running plugin com.apple.locationd.migrator (CoreLocationMigrator.migrator)
		Migration Elapsed:02:54 seconds

[2026-09-27 08:22:56 +0000] Status=2, isTerminal=NO, Elapsed=03:09.
	Waiting on Data Migration
		Reason:Running plugin com.apple.locationd.migrator (CoreLocationMigrator.migrator)
		Migration Elapsed:02:55 seconds

[2026-09-27 08:22:57 +0000] Status=2, isTerminal=NO, Elapsed=03:09.
	Waiting on Data Migration
		Reason:Running plugin com.apple.locationd.migrator (CoreLocationMigrator.migrator)
		Migration Elapsed:02:56 seconds

[2026-09-27 08:22:58 +0000] Status=2, isTerminal=NO, Elapsed=03:10.
	Waiting on Data Migration
		Reason:Running plugin com.apple.locationd.migrator (CoreLocationMigrator.migrator)
		Migration Elapsed:02:57 seconds

[2026-09-27 08:22:59 +0000] Status=2, isTerminal=NO, Elapsed=03:11.
	Waiting on Data Migration
		Reason:Running plugin com.apple.locationd.migrator (CoreLocationMigrator.migrator)
		Migration Elapsed:02:58 seconds

[2026-09-27 08:23:00 +0000] Status=2, isTerminal=NO, Elapsed=03:12.
	Waiting on Data Migration
		Reason:Running plugin com.apple.locationd.migrator (CoreLocationMigrator.migrator)
		Migration Elapsed:02:59 seconds

[2026-09-27 08:23:01 +0000] Status=2, isTerminal=NO, Elapsed=03:14.
	Waiting on Data Migration
		Reason:Running plugin com.apple.locationd.migrator (CoreLocationMigrator.migrator)
		Migration Elapsed:03:00 seconds

[2026-09-27 08:23:02 +0000] Status=2, isTerminal=NO, Elapsed=03:14.
	Waiting on Data Migration
		Reason:Running plugin com.apple.locationd.migrator (CoreLocationMigrator.migrator)
		Migration Elapsed:03:01 seconds

[2026-09-27 08:23:03 +0000] Status=2, isTerminal=NO, Elapsed=03:15.
	Waiting on Data Migration
		Reason:Running plugin com.apple.locationd.migrator (CoreLocationMigrator.migrator)
		Migration Elapsed:03:02 seconds

[2026-09-27 08:23:04 +0000] Status=2, isTerminal=NO, Elapsed=03:16.
	Waiting on Data Migration
		Reason:Running plugin com.apple.locationd.migrator (CoreLocationMigrator.migrator)
		Migration Elapsed:03:03 seconds

[2026-09-27 08:23:06 +0000] Status=2, isTerminal=NO, Elapsed=03:19.
	Waiting on Data Migration
		Reason:Running plugin com.apple.locationd.migrator (CoreLocationMigrator.migrator)
		Migration Elapsed:03:04 seconds

[2026-09-27 08:23:08 +0000] Status=2, isTerminal=NO, Elapsed=03:21.
	Waiting on Data Migration
		Reason:Running plugin com.apple.locationd.migrator (CoreLocationMigrator.migrator)
		Migration Elapsed:03:05 seconds

[2026-09-27 08:23:09 +0000] Status=2, isTerminal=NO, Elapsed=03:21.
	Waiting on Data Migration
		Reason:Running plugin com.apple.locationd.migrator (CoreLocationMigrator.migrator)
		Migration Elapsed:03:07 seconds

[2026-09-27 08:23:09 +0000] Status=2, isTerminal=NO, Elapsed=03:22.
	Waiting on Data Migration
		Reason:Running plugin com.apple.CloudTabsMigrator.migrator (CloudTabsMigrator.migrator)
		Migration Elapsed:03:08 seconds

[2026-09-27 08:23:10 +0000] Status=2, isTerminal=NO, Elapsed=03:23.
	Waiting on Data Migration
		Reason:Running plugin com.apple.keyboards.uimigrator (KeyboardUIMigrator.migrator)
		Migration Elapsed:03:09 seconds

[2026-09-27 08:23:13 +0000] Status=4, isTerminal=NO, Elapsed=03:25.
	Waiting on System App

[2026-09-27 08:23:13 +0000] Status=4, isTerminal=NO, Elapsed=03:25.
	Waiting on System App

[2026-09-27 08:23:13 +0000] Status=4, isTerminal=NO, Elapsed=03:26.
	Waiting on System App

[2026-09-27 08:23:14 +0000] Status=4, isTerminal=NO, Elapsed=03:27.
	Waiting on System App

[2026-09-27 08:23:15 +0000] Status=4, isTerminal=NO, Elapsed=03:27.
	Waiting on System App

[2026-09-27 08:23:16 +0000] Status=4, isTerminal=NO, Elapsed=03:28.
	Waiting on System App

[2026-09-27 08:23:17 +0000] Status=4, isTerminal=NO, Elapsed=03:30.
	Waiting on System App

[2026-09-27 08:23:24 +0000] Status=4294967295, isTerminal=YES, Elapsed=03:36.
	Finished

[08:23:29] Simülatör açıldı
[08:23:58] AsistSeed çalışıyor: --now 2026-09-27T08:23:58Z (Mac saat dilimi: UTC)
[08:23:59] Tohum: 18 satır, ayrıntı kaydı: 5EED0001-0000-4000-8000-000000000014
[08:24:00] Tohum verisi kopyalandı: /Users/runner/Library/Developer/CoreSimulator/Devices/0B334702-C92F-4075-879B-981DCCB543A3/data/Containers/Data/Application/1392FF18-D239-4311-80B4-ECE28F45CAB2/Library/Application Support/Asist/asist-data.json
[08:24:00] Tohum verisi yüklendi
[08:25:03] Uygulama başlatıldı (tohumlu ilk açılış), pid=15792
Note: No display specified. Defaulting to display: 79C4E638-EC51-46B5-A0DE-04A348C457FB (screenID: 1, name: LCD)
Wrote screenshot to: /Users/runner/work/_temp/sim/tam/01-bugun.png
[08:26:17] Ekran görüntüsü: 01-bugun.png (Bugün (açık tema))
Note: No display specified. Defaulting to display: 79C4E638-EC51-46B5-A0DE-04A348C457FB (screenID: 1, name: LCD)
Wrote screenshot to: /Users/runner/work/_temp/sim/tam/02-bugun-karanlik.png
[08:26:35] Ekran görüntüsü: 02-bugun-karanlik.png (Bugün (karanlık tema))
[08:26:39] Bağlantı (başlatma argümanı): asist://sekme/listeler
[08:26:44] Uygulama başlatıldı (03-listeler), pid=17741
Note: No display specified. Defaulting to display: 79C4E638-EC51-46B5-A0DE-04A348C457FB (screenID: 1, name: LCD)
Wrote screenshot to: /Users/runner/work/_temp/sim/tam/03-listeler.png
[08:26:53] Ekran görüntüsü: 03-listeler.png (Listeler sekmesi (asist://sekme/listeler))
[08:26:53] Bağlantı (başlatma argümanı): asist://sekme/projeler
[08:26:55] Uygulama başlatıldı (04-projeler), pid=18478
Note: No display specified. Defaulting to display: 79C4E638-EC51-46B5-A0DE-04A348C457FB (screenID: 1, name: LCD)
Wrote screenshot to: /Users/runner/work/_temp/sim/tam/04-projeler.png
[08:27:03] Ekran görüntüsü: 04-projeler.png (Projeler sekmesi (asist://sekme/projeler))
[08:27:03] Bağlantı (başlatma argümanı): asist://sekme/ayarlar
[08:27:08] Uygulama başlatıldı (05-ayarlar), pid=18697
Note: No display specified. Defaulting to display: 79C4E638-EC51-46B5-A0DE-04A348C457FB (screenID: 1, name: LCD)
Wrote screenshot to: /Users/runner/work/_temp/sim/tam/05-ayarlar.png
[08:27:16] Ekran görüntüsü: 05-ayarlar.png (Ayarlar sekmesi (asist://sekme/ayarlar))
[08:27:16] Bağlantı (başlatma argümanı): asist://ayarlar/tetikleyiciler
[08:27:18] Uygulama başlatıldı (06-ayarlar-tetikleyiciler), pid=19668
Note: No display specified. Defaulting to display: 79C4E638-EC51-46B5-A0DE-04A348C457FB (screenID: 1, name: LCD)
Wrote screenshot to: /Users/runner/work/_temp/sim/tam/06-ayarlar-tetikleyiciler.png
[08:27:27] Ekran görüntüsü: 06-ayarlar-tetikleyiciler.png (Ayarlar › Tetikleyiciler)
[08:27:27] Bağlantı (başlatma argümanı): asist://kayit/5EED0001-0000-4000-8000-000000000014
[08:27:29] Uygulama başlatıldı (07-kayit-detay), pid=20430
Note: No display specified. Defaulting to display: 79C4E638-EC51-46B5-A0DE-04A348C457FB (screenID: 1, name: LCD)
Wrote screenshot to: /Users/runner/work/_temp/sim/tam/07-kayit-detay.png
[08:27:38] Ekran görüntüsü: 07-kayit-detay.png (Kayıt ayrıntısı (asist://kayit/5EED0001-0000-4000-8000-000000000014))
[08:27:38] Bağlantı (başlatma argümanı): asist://gunsonu
[08:27:40] Uygulama başlatıldı (08-gun-sonu), pid=20676
Note: No display specified. Defaulting to display: 79C4E638-EC51-46B5-A0DE-04A348C457FB (screenID: 1, name: LCD)
Wrote screenshot to: /Users/runner/work/_temp/sim/tam/08-gun-sonu.png
[08:27:49] Ekran görüntüsü: 08-gun-sonu.png (Gün sonu (asist://gunsonu))
[08:27:49] Bağlantı (başlatma argümanı): asist://yaz
[08:27:51] Uygulama başlatıldı (09-yaz), pid=21237
Note: No display specified. Defaulting to display: 79C4E638-EC51-46B5-A0DE-04A348C457FB (screenID: 1, name: LCD)
Wrote screenshot to: /Users/runner/work/_temp/sim/tam/09-yaz.png
[08:28:04] Ekran görüntüsü: 09-yaz.png (Yaz sayfası (asist://yaz))
[08:28:04] Bağlantı (başlatma argümanı): asist://sekme/bugun
[08:28:08] Uygulama başlatıldı (10-bugun-sekme), pid=21991
Note: No display specified. Defaulting to display: 79C4E638-EC51-46B5-A0DE-04A348C457FB (screenID: 1, name: LCD)
Wrote screenshot to: /Users/runner/work/_temp/sim/tam/10-bugun-sekme.png
[08:28:17] Ekran görüntüsü: 10-bugun-sekme.png (asist://sekme/bugun (sayfa kapanır, Bugün kökü))
[08:28:28] Uygulama başlatıldı (temiz kurulum (tohumsuz)), pid=22864
Note: No display specified. Defaulting to display: 79C4E638-EC51-46B5-A0DE-04A348C457FB (screenID: 1, name: LCD)
Wrote screenshot to: /Users/runner/work/_temp/sim/tam/11-tanitim.png
[08:28:45] Ekran görüntüsü: 11-tanitim.png (Temiz kurulum: tanıtım ekranı)
[08:28:54] Sonuç: BAŞARILI (ekran görüntüsü: 11, çökme raporu: 0, betik kodu: 0)
