AsistSeed: now=2026-09-27 08:23 tz=GMT kayıt=18 proje=3
[01] | reminder | başlık=Ahmet Bey'i ara | vade=2026-09-27 06:53 | öncelik=critical | kişi=Ahmet Bey | proje=- | tekrar=- | durum=open | güven=%90 | düzey=autoSave | bayrak=- | söz="çok acil Ahmet Bey'i hemen ara"
[02] | reminder | başlık=Hat 3 servo parametrelerini yedekle | vade=2026-09-27 07:23 | öncelik=high | kişi=- | proje=Hat 3 | tekrar=- | durum=open | güven=%90 | düzey=autoSave | bayrak=- | söz="önemli: 3 saat sonra Hat 3 servo parametrelerini yedekle"
[03] | reminder | başlık=Arka cep hattında pnömatik kaçağı kontrol et | vade=2026-09-27 07:13 | ertelendi=2026-09-27 08:48 | öncelik=normal | kişi=- | proje=Arka Cep | tekrar=- | durum=open | güven=%90 | düzey=autoSave | bayrak=- | söz="yarım saat sonra arka cep hattında pnömatik kaçağı kontrol et"
[04] | reminder | başlık=Mehmet Bey'i ara | vade=2026-09-27 10:13 | öncelik=normal | kişi=Mehmet Bey | proje=- | tekrar=- | durum=open | güven=%90 | düzey=autoSave | bayrak=- | söz="2 saat sonra Mehmet Bey'i ara"
[05] | reminder/etkinlik | başlık=Kaynak Robotu bakım toplantısı | vade=2026-09-27 12:03 | öncelik=normal | kişi=- | proje=Kaynak Robotu | tekrar=- | durum=open | güven=%90 | düzey=autoSave | bayrak=- | söz="4 saat sonra Kaynak Robotu bakım toplantısı"
[06] | reminder | başlık=Günlük üretim raporunu kontrol et | vade=2026-09-28 08:00 | öncelik=normal | kişi=- | proje=- | tekrar=daily | durum=open | güven=%90 | düzey=autoSave | bayrak=- | söz="her gün saat 8'de günlük üretim raporunu kontrol et"
[07] | waiting | başlık=Fiyat listesi | vade=2026-09-27 16:00 | öncelik=normal | kişi=Ayşe Hanım | proje=- | tekrar=- | durum=open | güven=%95 | düzey=autoSave | bayrak=defaultTimeApplied | söz="Ayşe Hanım'dan fiyat listesini bekliyorum yarın takip et"
[08] | waiting | başlık=Test sonuçları | vade=2026-10-02 15:00 | öncelik=normal | kişi=Burak | proje=- | tekrar=- | durum=open | güven=%90 | düzey=autoSave | bayrak=ambiguousHourPM | söz="Burak'tan cuma 3'e kadar test sonuçlarını bekliyorum"
[09] | note | başlık=Hat 3 robot hücresinde kapı sensörü gevşek | vade=- (saatsiz) | öncelik=normal | kişi=- | proje=Hat 3 | tekrar=- | durum=open | güven=%100 | düzey=autoSave | bayrak=- | söz="not al Hat 3 robot hücresinde kapı sensörü gevşek"
[10] | note | başlık=Arka Cep müşterisi ekim sonunda kabul istiyor | vade=- (saatsiz) | öncelik=normal | kişi=- | proje=Arka Cep | tekrar=- | durum=open | güven=%100 | düzey=autoSave | bayrak=- | söz="not et Arka Cep müşterisi ekim sonunda kabul istiyor"
[11] | task | başlık=Ahmet'le Hat 3 bütçesini konuş | vade=2026-09-28 15:00 | öncelik=normal | kişi=Ahmet | proje=Hat 3 | tekrar=- | durum=open | güven=%95 | düzey=autoSave | bayrak=ambiguousHourPM | söz="görev: yarın 3'te Ahmet'le Hat 3 bütçesini konuş"
[12] | task | başlık=Hat 3 HMI ekranlarını güncelle | vade=2026-09-27 09:00 (saatsiz) | öncelik=normal | kişi=- | proje=Hat 3 | tekrar=- | durum=open | güven=%100 | düzey=autoSave | bayrak=- | söz="görev ekle Hat 3 HMI ekranlarını güncelle"
[13] | task | başlık=PLC lisanslarını yenile | vade=- (saatsiz) | öncelik=normal | kişi=- | proje=- | tekrar=- | durum=open | güven=%100 | düzey=autoSave | bayrak=- | söz="yapılacaklara ekle PLC lisanslarını yenile"
[14] | task | başlık=Arka Cep FAT hazırlığını tamamla | vade=2026-10-02 09:00 (saatsiz) | öncelik=normal | kişi=- | proje=Arka Cep | tekrar=- | durum=open | liste=3/7 | güven=%100 | düzey=autoSave | bayrak=defaultTimeApplied | söz="görev: cuma günü Arka Cep FAT hazırlığını tamamla"
[15] | reminder/etkinlik | başlık=Tedarikçi denetimi var | vade=2026-09-28 08:00 | öncelik=critical | kişi=- | proje=- | tekrar=- | durum=open | güven=%100 | düzey=autoSave | bayrak=- | söz="sakın unutma yarın 8'de tedarikçi denetimi var"
[16] | reminder | başlık=Bütçe onayı | vade=2026-09-28 10:00 | öncelik=high | kişi=- | proje=- | tekrar=- | durum=open | güven=%90 | düzey=autoSave | bayrak=- | söz="önemli: yarın 10'da bütçe onayı"
[17] | reminder | başlık=Kaynak Robotu torç temizliğini kontrol et | vade=2026-09-27 04:23 | öncelik=normal | kişi=- | proje=Kaynak Robotu | tekrar=- | durum=done | güven=%90 | düzey=autoSave | bayrak=- | söz="1 saat sonra Kaynak Robotu torç temizliğini kontrol et"
[18] | task | başlık=Arka Cep sevkiyat evrakları | vade=2026-09-27 09:00 (saatsiz) | öncelik=normal | kişi=- | proje=Arka Cep | tekrar=- | durum=open/emin-degil | güven=%55 | düzey=review | bayrak=noKindCue,smartModeSuggested | söz="Arka Cep sevkiyat evrakları"
Bugün ekranı: geciken=2, emin olamadıklarım=1, bugün=5, takip=1, yaklaşan=6, zamanı belirsiz=1, bu hafta biten=1
DETAY_ID=5EED0001-0000-4000-8000-000000000014
Yazıldı: /Users/runner/work/_temp/sim/seed/asist-data.json (14602 bayt)
