getpwuid_r did not find a match for uid 501
Timestamp               Ty Process[PID:TID]
2026-09-27 08:27:28.842 I  Asist[20430:f0e5] [com.gokhanbudak.asist:app] embedded.mobileprovision okunamadı (imzasız/ad-hoc kurulum): imza uyarıları planlanmaz
2026-09-27 08:27:28.889 I  Asist[20430:f0e5] [com.gokhanbudak.asist:store] Veri yüklendi: kaynak=ana dosya, kayıt=18, proje=3, şema=1, writerBuild=0, build=4, temizlenen=0, sorun=yok
2026-09-27 08:27:29.756 I  Asist[20430:f0e5] [com.gokhanbudak.asist:notif] reconcile active: bildirim izni yok, planlama yapılmadı
2026-09-27 08:27:29.870 I  Asist[20430:f0e5] [com.gokhanbudak.asist:voice] Ses kısma ×2 tetikleyicisi hazır
2026-09-27 08:27:30.501 I  Asist[20430:f0e5] [com.gokhanbudak.asist:notif] reconcile data.all+launch: bildirim izni yok, planlama yapılmadı
2026-09-27 08:27:39.911 I  Asist[20676:f49a] [com.gokhanbudak.asist:app] embedded.mobileprovision okunamadı (imzasız/ad-hoc kurulum): imza uyarıları planlanmaz
2026-09-27 08:27:39.944 I  Asist[20676:f49a] [com.gokhanbudak.asist:store] Veri yüklendi: kaynak=ana dosya, kayıt=18, proje=3, şema=1, writerBuild=0, build=4, temizlenen=0, sorun=yok
2026-09-27 08:27:40.873 I  Asist[20676:f49a] [com.gokhanbudak.asist:notif] reconcile active: bildirim izni yok, planlama yapılmadı
2026-09-27 08:27:41.084 I  Asist[20676:f49a] [com.gokhanbudak.asist:voice] Ses kısma ×2 tetikleyicisi hazır
2026-09-27 08:27:41.441 I  Asist[20676:f49a] [com.gokhanbudak.asist:notif] reconcile data.all+launch: bildirim izni yok, planlama yapılmadı
2026-09-27 08:27:51.401 I  Asist[21237:fa3a] [com.gokhanbudak.asist:app] embedded.mobileprovision okunamadı (imzasız/ad-hoc kurulum): imza uyarıları planlanmaz
2026-09-27 08:27:51.443 I  Asist[21237:fa3a] [com.gokhanbudak.asist:store] Veri yüklendi: kaynak=ana dosya, kayıt=18, proje=3, şema=1, writerBuild=0, build=4, temizlenen=0, sorun=yok
2026-09-27 08:27:52.590 I  Asist[21237:fa3a] [com.gokhanbudak.asist:notif] reconcile active: bildirim izni yok, planlama yapılmadı
2026-09-27 08:27:52.796 I  Asist[21237:fa3a] [com.gokhanbudak.asist:voice] Ses kısma ×2 tetikleyicisi hazır
2026-09-27 08:27:53.344 I  Asist[21237:fa3a] [com.gokhanbudak.asist:notif] reconcile data.all+launch: bildirim izni yok, planlama yapılmadı
2026-09-27 08:28:05.637 I  Asist[21991:10133] [com.gokhanbudak.asist:app] embedded.mobileprovision okunamadı (imzasız/ad-hoc kurulum): imza uyarıları planlanmaz
2026-09-27 08:28:05.679 I  Asist[21991:10133] [com.gokhanbudak.asist:store] Veri yüklendi: kaynak=ana dosya, kayıt=18, proje=3, şema=1, writerBuild=0, build=4, temizlenen=0, sorun=yok
2026-09-27 08:28:06.653 I  Asist[21991:10133] [com.gokhanbudak.asist:notif] reconcile active: bildirim izni yok, planlama yapılmadı
2026-09-27 08:28:07.129 I  Asist[21991:10133] [com.gokhanbudak.asist:voice] Ses kısma ×2 tetikleyicisi hazır
2026-09-27 08:28:07.183 I  Asist[21991:10133] [com.gokhanbudak.asist:notif] reconcile data.all+launch: bildirim izni yok, planlama yapılmadı
2026-09-27 08:28:28.052 I  Asist[22864:10aca] [com.gokhanbudak.asist:app] embedded.mobileprovision okunamadı (imzasız/ad-hoc kurulum): imza uyarıları planlanmaz
2026-09-27 08:28:28.073 I  Asist[22864:10aca] [com.gokhanbudak.asist:store] Veri yüklendi: kaynak=ilk açılış, kayıt=0, proje=0, şema=1, writerBuild=0, build=4, temizlenen=0, sorun=yok
2026-09-27 08:28:28.944 I  Asist[22864:10aca] [com.gokhanbudak.asist:notif] reconcile active: bildirim izni yok, planlama yapılmadı
2026-09-27 08:28:29.224 I  Asist[22864:10aca] [com.gokhanbudak.asist:notif] reconcile data.all+launch: bildirim izni yok, planlama yapılmadı
