getpwuid_r did not find a match for uid 501
Timestamp               Ty Process[PID:TID]
2026-09-27 08:24:53.518 E  Asist[15792:bf4a] [com.apple.appintents:General] Failed to connect to linkd to request update AppShortcut parameters, error: Yardımcı uygulamayla iletişim kurulamadı.
2026-09-27 08:24:58.677 E  Asist[15792:bf43] [com.apple.CFBundle:plugin] AddInstanceForFactory: No factory registered for id <CFUUID 0x110eb00e0> F8BB1C28-BAE8-11D6-9C31-00039315CD46
2026-09-27 08:26:43.831 E  Asist[17741:d869] [com.apple.appintents:General] Failed to connect to linkd to request update AppShortcut parameters, error: Yardımcı uygulamayla iletişim kurulamadı.
2026-09-27 08:26:46.057 E  Asist[17741:d861] [com.apple.CFBundle:plugin] AddInstanceForFactory: No factory registered for id <CFUUID 0x107565340> F8BB1C28-BAE8-11D6-9C31-00039315CD46
2026-09-27 08:26:54.726 E  Asist[18478:de21] [com.apple.appintents:General] Failed to connect to linkd to request update AppShortcut parameters, error: Yardımcı uygulamayla iletişim kurulamadı.
2026-09-27 08:26:55.805 E  Asist[18478:de14] [com.apple.CFBundle:plugin] AddInstanceForFactory: No factory registered for id <CFUUID 0x113750200> F8BB1C28-BAE8-11D6-9C31-00039315CD46
2026-09-27 08:27:05.249 E  Asist[18697:e0b0] [com.apple.appintents:General] Failed to connect to linkd to request update AppShortcut parameters, error: Yardımcı uygulamayla iletişim kurulamadı.
2026-09-27 08:27:06.137 E  Asist[18697:e0b1] [com.apple.app_launch_measurement:General] Failed to send CA Event for app launch measurements for ca_event_type: 0 event_name: com.apple.app_launch_measurement.FirstFramePresentationMetric
2026-09-27 08:27:06.514 E  Asist[18697:e0ad] [com.apple.CFBundle:plugin] AddInstanceForFactory: No factory registered for id <CFUUID 0x110b6e5e0> F8BB1C28-BAE8-11D6-9C31-00039315CD46
2026-09-27 08:27:07.136 E  Asist[18697:e0b3] [com.apple.app_launch_measurement:General] Failed to send CA Event for app launch measurements for ca_event_type: 1 event_name: com.apple.app_launch_measurement.ExtendedLaunchMetrics
2026-09-27 08:27:18.496 E  Asist[19668:e9eb] [com.apple.appintents:General] Failed to connect to linkd to request update AppShortcut parameters, error: Yardımcı uygulamayla iletişim kurulamadı.
2026-09-27 08:27:19.620 E  Asist[19668:e9df] [com.apple.CFBundle:plugin] AddInstanceForFactory: No factory registered for id <CFUUID 0x11381e780> F8BB1C28-BAE8-11D6-9C31-00039315CD46
2026-09-27 08:27:22.331 F  Asist[19668:e9df] [com.apple.runtime-issues:RuntimeIssues] Provided AppIntent does not match an App Shortcut, SiriTipView will not display.
2026-09-27 08:27:28.805 E  Asist[20430:f0ec] [com.apple.appintents:General] Failed to connect to linkd to request update AppShortcut parameters, error: Yardımcı uygulamayla iletişim kurulamadı.
2026-09-27 08:27:29.824 E  Asist[20430:f0e5] [com.apple.CFBundle:plugin] AddInstanceForFactory: No factory registered for id <CFUUID 0x1136c4220> F8BB1C28-BAE8-11D6-9C31-00039315CD46
2026-09-27 08:27:30.496 F  Asist[20430:f0e5] [com.apple.runtime-issues:SwiftUI] Invalid frame dimension (negative or non-finite).
2026-09-27 08:27:39.892 E  Asist[20676:f4f0] [com.apple.appintents:General] Failed to connect to linkd to request update AppShortcut parameters, error: Yardımcı uygulamayla iletişim kurulamadı.
2026-09-27 08:27:41.005 E  Asist[20676:f49a] [com.apple.CFBundle:plugin] AddInstanceForFactory: No factory registered for id <CFUUID 0x112ed9720> F8BB1C28-BAE8-11D6-9C31-00039315CD46
2026-09-27 08:27:51.375 E  Asist[21237:fa3d] [com.apple.appintents:General] Failed to connect to linkd to request update AppShortcut parameters, error: Yardımcı uygulamayla iletişim kurulamadı.
2026-09-27 08:27:52.723 E  Asist[21237:fa3a] [com.apple.CFBundle:plugin] AddInstanceForFactory: No factory registered for id <CFUUID 0x110c49a00> F8BB1C28-BAE8-11D6-9C31-00039315CD46
2026-09-27 08:27:56.242 E  Asist[21237:fa42] [com.apple.TextInputUI:CandidateGeneration] Result accumulator timeout: 0.250000, exceeded.
2026-09-27 08:27:56.433 E  Asist[21237:fa42] [com.apple.TextInputUI:CandidateGeneration] Attempted to update accumulator from source type: 0, after completion has already been called for token:[FEEFC471]. This is an error and will be ignored.
2026-09-27 08:28:05.787 E  Asist[21991:10139] [com.apple.appintents:General] Failed to connect to linkd to request update AppShortcut parameters, error: Yardımcı uygulamayla iletişim kurulamadı.
2026-09-27 08:28:07.053 E  Asist[21991:10133] [com.apple.CFBundle:plugin] AddInstanceForFactory: No factory registered for id <CFUUID 0x109cbd800> F8BB1C28-BAE8-11D6-9C31-00039315CD46
2026-09-27 08:28:27.832 E  Asist[22864:10ad3] [com.apple.appintents:General] Failed to connect to linkd to request update AppShortcut parameters, error: Yardımcı uygulamayla iletişim kurulamadı.
