getpwuid_r did not find a match for uid 501
Timestamp               Ty Process[PID:TID]
2026-09-27 10:30:17.003 Df launchd_sim[2691:9ab5] [com.gokhanbudak.asist.widgets:] Unknown key for Boolean: EnableTransactions
2026-09-27 10:30:17.003 Df launchd_sim[2691:9ab5] [com.gokhanbudak.asist.widgets:] setting launch watchdog timeout to 0 secs from overlay
2026-09-27 10:30:17.003 Df launchd_sim[2691:9ab5] [com.gokhanbudak.asist.widgets:] Unknown key for Boolean: EnablePressuredExit
2026-09-27 10:33:58.757 I  Asist[21363:fb29] [com.gokhanbudak.asist:app] embedded.mobileprovision okunamadı (imzasız/ad-hoc kurulum): imza uyarıları planlanmaz
2026-09-27 10:33:58.798 I  Asist[21363:fb29] [com.gokhanbudak.asist:store] Veri yüklendi: kaynak=ana dosya, kayıt=18, proje=3, şema=1, writerBuild=0, build=5, temizlenen=0, sorun=yok
2026-09-27 10:33:58.804 I  Asist[21363:fb29] [com.gokhanbudak.asist:widget] Widget veri paylaşımı kapalı (App Group yok); widget'lar yalnız Asist'i açar.
2026-09-27 10:33:59.747 I  Asist[21363:fb29] [com.gokhanbudak.asist:notif] reconcile active: bildirim izni yok, planlama yapılmadı
2026-09-27 10:33:59.908 I  Asist[21363:fb29] [com.gokhanbudak.asist:voice] Ses kısma ×2 tetikleyicisi hazır
2026-09-27 10:34:00.435 I  Asist[21363:fb29] [com.gokhanbudak.asist:notif] reconcile data.all+launch: bildirim izni yok, planlama yapılmadı
2026-09-27 10:34:00.820 I  Asist[21363:fb29] [com.gokhanbudak.asist:app] Güncelleme kontrolü yapılamadı: HTTP 404
2026-09-27 10:34:08.851 I  Asist[21492:fd1e] [com.gokhanbudak.asist:app] embedded.mobileprovision okunamadı (imzasız/ad-hoc kurulum): imza uyarıları planlanmaz
2026-09-27 10:34:08.893 I  Asist[21492:fd1e] [com.gokhanbudak.asist:store] Veri yüklendi: kaynak=ana dosya, kayıt=18, proje=3, şema=1, writerBuild=0, build=5, temizlenen=0, sorun=yok
2026-09-27 10:34:08.899 I  Asist[21492:fd1e] [com.gokhanbudak.asist:widget] Widget veri paylaşımı kapalı (App Group yok); widget'lar yalnız Asist'i açar.
2026-09-27 10:34:09.950 I  Asist[21492:fd1e] [com.gokhanbudak.asist:notif] reconcile active: bildirim izni yok, planlama yapılmadı
2026-09-27 10:34:10.156 I  Asist[21492:fd1e] [com.gokhanbudak.asist:voice] Ses kısma ×2 tetikleyicisi hazır
2026-09-27 10:34:10.576 I  Asist[21492:fd1e] [com.gokhanbudak.asist:notif] reconcile data.all+launch: bildirim izni yok, planlama yapılmadı
2026-09-27 10:34:10.822 I  Asist[21492:fd1e] [com.gokhanbudak.asist:app] Güncelleme kontrolü yapılamadı: HTTP 404
2026-09-27 10:34:21.024 I  Asist[22183:1034a] [com.gokhanbudak.asist:app] embedded.mobileprovision okunamadı (imzasız/ad-hoc kurulum): imza uyarıları planlanmaz
2026-09-27 10:34:21.068 I  Asist[22183:1034a] [com.gokhanbudak.asist:store] Veri yüklendi: kaynak=ana dosya, kayıt=18, proje=3, şema=1, writerBuild=0, build=5, temizlenen=0, sorun=yok
2026-09-27 10:34:21.074 I  Asist[22183:1034a] [com.gokhanbudak.asist:widget] Widget veri paylaşımı kapalı (App Group yok); widget'lar yalnız Asist'i açar.
2026-09-27 10:34:22.601 I  Asist[22183:1034a] [com.gokhanbudak.asist:notif] reconcile active: bildirim izni yok, planlama yapılmadı
2026-09-27 10:34:22.880 I  Asist[22183:1034a] [com.gokhanbudak.asist:voice] Ses kısma ×2 tetikleyicisi hazır
2026-09-27 10:34:23.411 I  Asist[22183:1034a] [com.gokhanbudak.asist:notif] reconcile data.all+launch: bildirim izni yok, planlama yapılmadı
2026-09-27 10:34:23.601 I  Asist[22183:1034a] [com.gokhanbudak.asist:app] Güncelleme kontrolü yapılamadı: HTTP 404
2026-09-27 10:34:35.110 I  Asist[22521:106c7] [com.gokhanbudak.asist:app] embedded.mobileprovision okunamadı (imzasız/ad-hoc kurulum): imza uyarıları planlanmaz
2026-09-27 10:34:35.170 I  Asist[22521:106c7] [com.gokhanbudak.asist:store] Veri yüklendi: kaynak=ana dosya, kayıt=18, proje=3, şema=1, writerBuild=0, build=5, temizlenen=0, sorun=yok
2026-09-27 10:34:35.182 I  Asist[22521:106c7] [com.gokhanbudak.asist:widget] Widget veri paylaşımı kapalı (App Group yok); widget'lar yalnız Asist'i açar.
2026-09-27 10:34:36.762 I  Asist[22521:106c7] [com.gokhanbudak.asist:notif] reconcile active: bildirim izni yok, planlama yapılmadı
2026-09-27 10:34:37.036 I  Asist[22521:106c7] [com.gokhanbudak.asist:voice] Ses kısma ×2 tetikleyicisi hazır
2026-09-27 10:34:37.041 I  Asist[22521:106c7] [com.gokhanbudak.asist:notif] reconcile data.all+launch: bildirim izni yok, planlama yapılmadı
2026-09-27 10:34:38.939 I  Asist[22521:106c7] [com.gokhanbudak.asist:app] Güncelleme kontrolü yapılamadı: HTTP 404
2026-09-27 10:35:02.292 Df launchd_sim[2691:e75d] [com.gokhanbudak.asist.widgets:] Unknown key for Boolean: EnableTransactions
2026-09-27 10:35:02.292 Df launchd_sim[2691:e75d] [com.gokhanbudak.asist.widgets:] setting launch watchdog timeout to 0 secs from overlay
2026-09-27 10:35:02.292 Df launchd_sim[2691:e75d] [com.gokhanbudak.asist.widgets:] Unknown key for Boolean: EnablePressuredExit
2026-09-27 10:35:02.626 I  Asist[23495:11190] [com.gokhanbudak.asist:app] embedded.mobileprovision okunamadı (imzasız/ad-hoc kurulum): imza uyarıları planlanmaz
2026-09-27 10:35:02.640 I  Asist[23495:11190] [com.gokhanbudak.asist:store] Veri yüklendi: kaynak=ilk açılış, kayıt=0, proje=0, şema=1, writerBuild=0, build=5, temizlenen=0, sorun=yok
2026-09-27 10:35:02.651 I  Asist[23495:11190] [com.gokhanbudak.asist:widget] Widget veri paylaşımı kapalı (App Group yok); widget'lar yalnız Asist'i açar.
2026-09-27 10:35:03.953 I  Asist[23495:11190] [com.gokhanbudak.asist:notif] reconcile active: bildirim izni yok, planlama yapılmadı
2026-09-27 10:35:04.356 I  Asist[23495:11190] [com.gokhanbudak.asist:notif] reconcile data.all+launch: bildirim izni yok, planlama yapılmadı
2026-09-27 10:35:04.609 I  Asist[23495:11190] [com.gokhanbudak.asist:app] Güncelleme kontrolü yapılamadı: HTTP 404
