getpwuid_r did not find a match for uid 501
Timestamp               Ty Process[PID:TID]
2026-09-27 10:30:14.365 E  Asist[13834:ab5f] [com.apple.appintents:General] Failed to connect to linkd to request update AppShortcut parameters, error: Yardımcı uygulamayla iletişim kurulamadı.
2026-09-27 10:30:14.992 E  Asist[13834:ab4c] [com.apple.containermanager:unspecified] container_create_or_lookup_app_group_path_by_app_group_identifier: client is not entitled
2026-09-27 10:30:15.381 E  Asist[13834:ab61] [com.apple.reminderkit:xpc] XPC connection was invalidated
2026-09-27 10:30:18.472 E  Asist[13834:ab4c] [com.apple.CFBundle:plugin] AddInstanceForFactory: No factory registered for id <CFUUID 0x1113fc200> F8BB1C28-BAE8-11D6-9C31-00039315CD46
2026-09-27 10:30:18.720 E  Asist[13834:ab5f] [com.apple.reminderkit:xpc] XPC connection was invalidated
2026-09-27 10:30:52.268 E  Asist[15582:bbf3] [com.apple.appintents:General] Failed to connect to linkd to request update AppShortcut parameters, error: Yardımcı uygulamayla iletişim kurulamadı.
2026-09-27 10:30:52.340 E  Asist[15582:bbef] [com.apple.containermanager:unspecified] container_create_or_lookup_app_group_path_by_app_group_identifier: client is not entitled
2026-09-27 10:30:52.434 E  Asist[15582:bbf4] [com.apple.reminderkit:xpc] XPC connection was invalidated
2026-09-27 10:30:53.323 E  Asist[15582:bbf7] [com.apple.app_launch_measurement:General] Failed to send CA Event for app launch measurements for ca_event_type: 0 event_name: com.apple.app_launch_measurement.FirstFramePresentationMetric
2026-09-27 10:30:53.693 E  Asist[15582:bbef] [com.apple.CFBundle:plugin] AddInstanceForFactory: No factory registered for id <CFUUID 0x109fa6600> F8BB1C28-BAE8-11D6-9C31-00039315CD46
2026-09-27 10:30:53.781 E  Asist[15582:bbf3] [com.apple.reminderkit:xpc] XPC connection was invalidated
2026-09-27 10:30:54.762 E  Asist[15582:bbf7] [com.apple.app_launch_measurement:General] Failed to send CA Event for app launch measurements for ca_event_type: 1 event_name: com.apple.app_launch_measurement.ExtendedLaunchMetrics
2026-09-27 10:31:05.248 E  Asist[15773:be9b] [com.apple.appintents:General] Failed to connect to linkd to request update AppShortcut parameters, error: Yardımcı uygulamayla iletişim kurulamadı.
2026-09-27 10:31:05.412 E  Asist[15773:be96] [com.apple.containermanager:unspecified] container_create_or_lookup_app_group_path_by_app_group_identifier: client is not entitled
2026-09-27 10:31:05.491 E  Asist[15773:be9a] [com.apple.reminderkit:xpc] XPC connection was invalidated
2026-09-27 10:31:06.908 E  Asist[15773:be96] [com.apple.CFBundle:plugin] AddInstanceForFactory: No factory registered for id <CFUUID 0x107f7a600> F8BB1C28-BAE8-11D6-9C31-00039315CD46
2026-09-27 10:31:06.958 E  Asist[15773:bea2] [com.apple.reminderkit:xpc] XPC connection was invalidated
2026-09-27 10:32:13.565 E  Asist[17374:d142] [com.apple.appintents:General] Failed to connect to linkd to request update AppShortcut parameters, error: Yardımcı uygulamayla iletişim kurulamadı.
2026-09-27 10:32:13.673 E  Asist[17374:d11c] [com.apple.containermanager:unspecified] container_create_or_lookup_app_group_path_by_app_group_identifier: client is not entitled
2026-09-27 10:32:13.834 E  Asist[17374:d142] [com.apple.reminderkit:xpc] XPC connection was invalidated
2026-09-27 10:32:15.582 E  Asist[17374:d13f] [com.apple.app_launch_measurement:General] Failed to send CA Event for app launch measurements for ca_event_type: 0 event_name: com.apple.app_launch_measurement.FirstFramePresentationMetric
2026-09-27 10:32:16.389 E  Asist[17374:d11c] [com.apple.CFBundle:plugin] AddInstanceForFactory: No factory registered for id <CFUUID 0x10a3c6860> F8BB1C28-BAE8-11D6-9C31-00039315CD46
2026-09-27 10:32:16.510 E  Asist[17374:d13f] [com.apple.reminderkit:xpc] XPC connection was invalidated
2026-09-27 10:32:16.864 E  Asist[17374:d142] [com.apple.app_launch_measurement:General] Failed to send CA Event for app launch measurements for ca_event_type: 1 event_name: com.apple.app_launch_measurement.ExtendedLaunchMetrics
2026-09-27 10:32:26.303 E  Asist[18009:d82f] [com.apple.appintents:General] Failed to connect to linkd to request update AppShortcut parameters, error: Yardımcı uygulamayla iletişim kurulamadı.
2026-09-27 10:32:26.485 E  Asist[18009:d825] [com.apple.containermanager:unspecified] container_create_or_lookup_app_group_path_by_app_group_identifier: client is not entitled
2026-09-27 10:32:26.609 E  Asist[18009:d82f] [com.apple.reminderkit:xpc] XPC connection was invalidated
2026-09-27 10:32:27.481 E  Asist[18009:d82f] [com.apple.app_launch_measurement:General] Failed to send CA Event for app launch measurements for ca_event_type: 0 event_name: com.apple.app_launch_measurement.FirstFramePresentationMetric
2026-09-27 10:32:27.834 E  Asist[18009:d825] [com.apple.CFBundle:plugin] AddInstanceForFactory: No factory registered for id <CFUUID 0x112e625a0> F8BB1C28-BAE8-11D6-9C31-00039315CD46
2026-09-27 10:32:27.913 E  Asist[18009:d834] [com.apple.reminderkit:xpc] XPC connection was invalidated
2026-09-27 10:32:28.678 E  Asist[18009:d831] [com.apple.app_launch_measurement:General] Failed to send CA Event for app launch measurements for ca_event_type: 1 event_name: com.apple.app_launch_measurement.ExtendedLaunchMetrics
2026-09-27 10:32:30.563 F  Asist[18009:d825] [com.apple.runtime-issues:RuntimeIssues] Provided AppIntent does not match an App Shortcut, SiriTipView will not display.
2026-09-27 10:32:39.889 E  Asist[18177:dab2] [com.apple.containermanager:unspecified] container_create_or_lookup_app_group_path_by_app_group_identifier: client is not entitled
2026-09-27 10:32:40.008 E  Asist[18177:dabb] [com.apple.reminderkit:xpc] XPC connection was invalidated
2026-09-27 10:32:40.009 E  Asist[18177:dabc] [com.apple.appintents:General] Failed to connect to linkd to request update AppShortcut parameters, error: Yardımcı uygulamayla iletişim kurulamadı.
2026-09-27 10:32:41.462 E  Asist[18177:dab2] [com.apple.CFBundle:plugin] AddInstanceForFactory: No factory registered for id <CFUUID 0x105bae640> F8BB1C28-BAE8-11D6-9C31-00039315CD46
2026-09-27 10:32:41.551 E  Asist[18177:dabb] [com.apple.reminderkit:xpc] XPC connection was invalidated
2026-09-27 10:32:42.226 F  Asist[18177:dab2] [com.apple.runtime-issues:SwiftUI] Invalid frame dimension (negative or non-finite).
2026-09-27 10:32:52.561 E  Asist[18848:e13c] [com.apple.appintents:General] Failed to connect to linkd to request update AppShortcut parameters, error: Yardımcı uygulamayla iletişim kurulamadı.
2026-09-27 10:32:52.582 E  Asist[18848:e11d] [com.apple.containermanager:unspecified] container_create_or_lookup_app_group_path_by_app_group_identifier: client is not entitled
2026-09-27 10:32:52.661 E  Asist[18848:e138] [com.apple.reminderkit:xpc] XPC connection was invalidated
2026-09-27 10:32:53.858 E  Asist[18848:e11d] [com.apple.CFBundle:plugin] AddInstanceForFactory: No factory registered for id <CFUUID 0x11190dea0> F8BB1C28-BAE8-11D6-9C31-00039315CD46
2026-09-27 10:32:53.929 E  Asist[18848:e139] [com.apple.reminderkit:xpc] XPC connection was invalidated
2026-09-27 10:33:05.057 E  Asist[19107:e43d] [com.apple.appintents:General] Failed to connect to linkd to request update AppShortcut parameters, error: Yardımcı uygulamayla iletişim kurulamadı.
2026-09-27 10:33:05.135 E  Asist[19107:e434] [com.apple.containermanager:unspecified] container_create_or_lookup_app_group_path_by_app_group_identifier: client is not entitled
2026-09-27 10:33:05.212 E  Asist[19107:e448] [com.apple.reminderkit:xpc] XPC connection was invalidated
2026-09-27 10:33:06.582 E  Asist[19107:e434] [com.apple.CFBundle:plugin] AddInstanceForFactory: No factory registered for id <CFUUID 0x115185d60> F8BB1C28-BAE8-11D6-9C31-00039315CD46
2026-09-27 10:33:06.659 E  Asist[19107:e448] [com.apple.reminderkit:xpc] XPC connection was invalidated
2026-09-27 10:33:16.248 E  Asist[19594:e952] [com.apple.containermanager:unspecified] container_create_or_lookup_app_group_path_by_app_group_identifier: client is not entitled
2026-09-27 10:33:16.249 E  Asist[19594:e95e] [com.apple.appintents:General] Failed to connect to linkd to request update AppShortcut parameters, error: Yardımcı uygulamayla iletişim kurulamadı.
2026-09-27 10:33:16.404 E  Asist[19594:e95d] [com.apple.reminderkit:xpc] XPC connection was invalidated
2026-09-27 10:33:17.297 E  Asist[19594:e952] [com.apple.CFBundle:plugin] AddInstanceForFactory: No factory registered for id <CFUUID 0x112d9db00> F8BB1C28-BAE8-11D6-9C31-00039315CD46
2026-09-27 10:33:17.390 E  Asist[19594:e959] [com.apple.reminderkit:xpc] XPC connection was invalidated
2026-09-27 10:33:20.621 E  Asist[19594:e959] [com.apple.TextInputUI:CandidateGeneration] Result accumulator timeout: 0.250000, exceeded.
2026-09-27 10:33:20.949 E  Asist[19594:e95b] [com.apple.TextInputUI:CandidateGeneration] Attempted to update accumulator from source type: 0, after completion has already been called for token:[4BA2F9EA]. This is an error and will be ignored.
2026-09-27 10:33:33.321 E  Asist[20224:eff5] [com.apple.containermanager:unspecified] container_create_or_lookup_app_group_path_by_app_group_identifier: client is not entitled
2026-09-27 10:33:33.435 E  Asist[20224:effd] [com.apple.reminderkit:xpc] XPC connection was invalidated
2026-09-27 10:33:33.446 E  Asist[20224:f000] [com.apple.appintents:General] Failed to connect to linkd to request update AppShortcut parameters, error: Yardımcı uygulamayla iletişim kurulamadı.
2026-09-27 10:33:34.720 E  Asist[20224:eff5] [com.apple.CFBundle:plugin] AddInstanceForFactory: No factory registered for id <CFUUID 0x113599ce0> F8BB1C28-BAE8-11D6-9C31-00039315CD46
2026-09-27 10:33:34.812 E  Asist[20224:eff8] [com.apple.reminderkit:xpc] XPC connection was invalidated
2026-09-27 10:33:47.391 E  Asist[20748:f574] [com.apple.containermanager:unspecified] container_create_or_lookup_app_group_path_by_app_group_identifier: client is not entitled
2026-09-27 10:33:47.497 E  Asist[20748:f57f] [com.apple.appintents:General] Failed to connect to linkd to request update AppShortcut parameters, error: Yardımcı uygulamayla iletişim kurulamadı.
2026-09-27 10:33:47.564 E  Asist[20748:f57e] [com.apple.reminderkit:xpc] XPC connection was invalidated
2026-09-27 10:33:48.676 E  Asist[20748:f574] [com.apple.CFBundle:plugin] AddInstanceForFactory: No factory registered for id <CFUUID 0x115571ca0> F8BB1C28-BAE8-11D6-9C31-00039315CD46
2026-09-27 10:33:48.784 E  Asist[20748:f57f] [com.apple.reminderkit:xpc] XPC connection was invalidated
2026-09-27 10:33:58.768 E  Asist[21363:fb35] [com.apple.appintents:General] Failed to connect to linkd to request update AppShortcut parameters, error: Yardımcı uygulamayla iletişim kurulamadı.
2026-09-27 10:33:58.803 E  Asist[21363:fb29] [com.apple.containermanager:unspecified] container_create_or_lookup_app_group_path_by_app_group_identifier: client is not entitled
2026-09-27 10:33:58.875 E  Asist[21363:fb32] [com.apple.reminderkit:xpc] XPC connection was invalidated
2026-09-27 10:33:59.848 E  Asist[21363:fb29] [com.apple.CFBundle:plugin] AddInstanceForFactory: No factory registered for id <CFUUID 0x1067a6fe0> F8BB1C28-BAE8-11D6-9C31-00039315CD46
2026-09-27 10:33:59.912 E  Asist[21363:fb35] [com.apple.reminderkit:xpc] XPC connection was invalidated
2026-09-27 10:34:08.805 E  Asist[21492:fd25] [com.apple.appintents:General] Failed to connect to linkd to request update AppShortcut parameters, error: Yardımcı uygulamayla iletişim kurulamadı.
2026-09-27 10:34:08.899 E  Asist[21492:fd1e] [com.apple.containermanager:unspecified] container_create_or_lookup_app_group_path_by_app_group_identifier: client is not entitled
2026-09-27 10:34:08.985 E  Asist[21492:fd26] [com.apple.reminderkit:xpc] XPC connection was invalidated
2026-09-27 10:34:10.084 E  Asist[21492:fd1e] [com.apple.CFBundle:plugin] AddInstanceForFactory: No factory registered for id <CFUUID 0x1097c8260> F8BB1C28-BAE8-11D6-9C31-00039315CD46
2026-09-27 10:34:10.159 E  Asist[21492:fd42] [com.apple.reminderkit:xpc] XPC connection was invalidated
2026-09-27 10:34:21.073 E  Asist[22183:1034a] [com.apple.containermanager:unspecified] container_create_or_lookup_app_group_path_by_app_group_identifier: client is not entitled
2026-09-27 10:34:21.173 E  Asist[22183:10352] [com.apple.reminderkit:xpc] XPC connection was invalidated
2026-09-27 10:34:21.193 E  Asist[22183:1035a] [com.apple.appintents:General] Failed to connect to linkd to request update AppShortcut parameters, error: Yardımcı uygulamayla iletişim kurulamadı.
2026-09-27 10:34:22.824 E  Asist[22183:1034a] [com.apple.CFBundle:plugin] AddInstanceForFactory: No factory registered for id <CFUUID 0x11589e3e0> F8BB1C28-BAE8-11D6-9C31-00039315CD46
2026-09-27 10:34:22.884 E  Asist[22183:1035a] [com.apple.reminderkit:xpc] XPC connection was invalidated
2026-09-27 10:34:23.176 E  Asist[22183:10355] [com.apple.reminderkit:xpc] XPC connection was invalidated
2026-09-27 10:34:35.064 E  Asist[22521:106d0] [com.apple.appintents:General] Failed to connect to linkd to request update AppShortcut parameters, error: Yardımcı uygulamayla iletişim kurulamadı.
2026-09-27 10:34:35.182 E  Asist[22521:106c7] [com.apple.containermanager:unspecified] container_create_or_lookup_app_group_path_by_app_group_identifier: client is not entitled
2026-09-27 10:34:35.282 E  Asist[22521:106dc] [com.apple.reminderkit:xpc] XPC connection was invalidated
2026-09-27 10:34:36.955 E  Asist[22521:106c7] [com.apple.CFBundle:plugin] AddInstanceForFactory: No factory registered for id <CFUUID 0x113d95d20> F8BB1C28-BAE8-11D6-9C31-00039315CD46
2026-09-27 10:34:37.038 E  Asist[22521:106de] [com.apple.reminderkit:xpc] XPC connection was invalidated
2026-09-27 10:35:02.501 E  Asist[23495:111c6] [com.apple.appintents:General] Failed to connect to linkd to request update AppShortcut parameters, error: Yardımcı uygulamayla iletişim kurulamadı.
2026-09-27 10:35:02.650 E  Asist[23495:11190] [com.apple.containermanager:unspecified] container_create_or_lookup_app_group_path_by_app_group_identifier: client is not entitled
2026-09-27 10:35:02.711 E  Asist[23495:111c7] [com.apple.reminderkit:xpc] XPC connection was invalidated
2026-09-27 10:35:03.976 E  Asist[23495:111ca] [com.apple.reminderkit:xpc] XPC connection was invalidated
