[10:24:22] Başlangıç: 2026-09-27 10:24:22 UTC, Mac saat dilimi: UTC
[10:24:22] Widget uzantısı: var (PlugIns/AsistWidgets.appex)
[10:24:23] Seçim: CREATE	com.apple.CoreSimulator.SimDeviceType.iPhone-14-Pro-Max	com.apple.CoreSimulator.SimRuntime.iOS-26-5	iPhone 14 Pro Max	iOS 26.5	841190F6-F927-4F0D-B152-62A06B4040CA
[10:24:24] Simülatör oluşturuldu: iPhone 14 Pro Max (6328A959-9B19-4E22-AB86-F8D39F492ADD)
[10:24:24] Simülatör: iPhone 14 Pro Max — iOS 26.5 (udid 6328A959-9B19-4E22-AB86-F8D39F492ADD)
[10:24:29] AsistSeed derleniyor (swift build)…
[10:25:53] AsistSeed hazır: /Users/runner/work/Asist/Asist/Packages/AsistCore/.build/arm64-apple-macosx/debug/AsistSeed
Monitoring boot status for Asist Duman (6328A959-9B19-4E22-AB86-F8D39F492ADD).
[2026-09-27 10:25:55 +0000] Status=2, isTerminal=NO, Elapsed=01:29.
	Waiting on Data Migration
		Reason:Running plugin com.apple.locationd.migrator (CoreLocationMigrator.migrator)
		Migration Elapsed:01:19 seconds

[2026-09-27 10:25:56 +0000] Status=2, isTerminal=NO, Elapsed=01:30.
	Waiting on Data Migration
		Reason:Running plugin com.apple.locationd.migrator (CoreLocationMigrator.migrator)
		Migration Elapsed:01:20 seconds

[2026-09-27 10:25:57 +0000] Status=2, isTerminal=NO, Elapsed=01:31.
	Waiting on Data Migration
		Reason:Running plugin com.apple.locationd.migrator (CoreLocationMigrator.migrator)
		Migration Elapsed:01:21 seconds

[2026-09-27 10:25:57 +0000] Status=2, isTerminal=NO, Elapsed=01:32.
	Waiting on Data Migration
		Reason:Running plugin com.apple.locationd.migrator (CoreLocationMigrator.migrator)
		Migration Elapsed:01:22 seconds

[2026-09-27 10:25:59 +0000] Status=2, isTerminal=NO, Elapsed=01:33.
	Waiting on Data Migration
		Reason:Running plugin com.apple.locationd.migrator (CoreLocationMigrator.migrator)
		Migration Elapsed:01:23 seconds

[2026-09-27 10:26:00 +0000] Status=2, isTerminal=NO, Elapsed=01:34.
	Waiting on Data Migration
		Reason:Running plugin com.apple.locationd.migrator (CoreLocationMigrator.migrator)
		Migration Elapsed:01:24 seconds

[2026-09-27 10:26:00 +0000] Status=2, isTerminal=NO, Elapsed=01:35.
	Waiting on Data Migration
		Reason:Running plugin com.apple.locationd.migrator (CoreLocationMigrator.migrator)
		Migration Elapsed:01:25 seconds

[2026-09-27 10:26:01 +0000] Status=2, isTerminal=NO, Elapsed=01:36.
	Waiting on Data Migration
		Reason:Running plugin com.apple.locationd.migrator (CoreLocationMigrator.migrator)
		Migration Elapsed:01:26 seconds

[2026-09-27 10:26:02 +0000] Status=2, isTerminal=NO, Elapsed=01:37.
	Waiting on Data Migration
		Reason:Running plugin com.apple.locationd.migrator (CoreLocationMigrator.migrator)
		Migration Elapsed:01:27 seconds

[2026-09-27 10:26:03 +0000] Status=2, isTerminal=NO, Elapsed=01:38.
	Waiting on Data Migration
		Reason:Running plugin com.apple.locationd.migrator (CoreLocationMigrator.migrator)
		Migration Elapsed:01:28 seconds

[2026-09-27 10:26:04 +0000] Status=2, isTerminal=NO, Elapsed=01:39.
	Waiting on Data Migration
		Reason:Running plugin com.apple.locationd.migrator (CoreLocationMigrator.migrator)
		Migration Elapsed:01:29 seconds

[2026-09-27 10:26:05 +0000] Status=2, isTerminal=NO, Elapsed=01:40.
	Waiting on Data Migration
		Reason:Running plugin com.apple.locationd.migrator (CoreLocationMigrator.migrator)
		Migration Elapsed:01:30 seconds

[2026-09-27 10:26:06 +0000] Status=2, isTerminal=NO, Elapsed=01:41.
	Waiting on Data Migration
		Reason:Running plugin com.apple.locationd.migrator (CoreLocationMigrator.migrator)
		Migration Elapsed:01:31 seconds

[2026-09-27 10:26:07 +0000] Status=2, isTerminal=NO, Elapsed=01:42.
	Waiting on Data Migration
		Reason:Running plugin com.apple.locationd.migrator (CoreLocationMigrator.migrator)
		Migration Elapsed:01:32 seconds

[2026-09-27 10:26:08 +0000] Status=2, isTerminal=NO, Elapsed=01:43.
	Waiting on Data Migration
		Reason:Running plugin com.apple.locationd.migrator (CoreLocationMigrator.migrator)
		Migration Elapsed:01:33 seconds

[2026-09-27 10:26:09 +0000] Status=2, isTerminal=NO, Elapsed=01:44.
	Waiting on Data Migration
		Reason:Running plugin com.apple.locationd.migrator (CoreLocationMigrator.migrator)
		Migration Elapsed:01:34 seconds

[2026-09-27 10:26:10 +0000] Status=2, isTerminal=NO, Elapsed=01:45.
	Waiting on Data Migration
		Reason:Running plugin com.apple.locationd.migrator (CoreLocationMigrator.migrator)
		Migration Elapsed:01:35 seconds

[2026-09-27 10:26:11 +0000] Status=2, isTerminal=NO, Elapsed=01:46.
	Waiting on Data Migration
		Reason:Running plugin com.apple.locationd.migrator (CoreLocationMigrator.migrator)
		Migration Elapsed:01:36 seconds

[2026-09-27 10:26:12 +0000] Status=2, isTerminal=NO, Elapsed=01:47.
	Waiting on Data Migration
		Reason:Running plugin com.apple.locationd.migrator (CoreLocationMigrator.migrator)
		Migration Elapsed:01:37 seconds

[2026-09-27 10:26:13 +0000] Status=2, isTerminal=NO, Elapsed=01:48.
	Waiting on Data Migration
		Reason:Running plugin com.apple.locationd.migrator (CoreLocationMigrator.migrator)
		Migration Elapsed:01:38 seconds

[2026-09-27 10:26:14 +0000] Status=2, isTerminal=NO, Elapsed=01:49.
	Waiting on Data Migration
		Reason:Running plugin com.apple.locationd.migrator (CoreLocationMigrator.migrator)
		Migration Elapsed:01:39 seconds

[2026-09-27 10:26:15 +0000] Status=2, isTerminal=NO, Elapsed=01:50.
	Waiting on Data Migration
		Reason:Running plugin com.apple.locationd.migrator (CoreLocationMigrator.migrator)
		Migration Elapsed:01:40 seconds

[2026-09-27 10:26:16 +0000] Status=2, isTerminal=NO, Elapsed=01:51.
	Waiting on Data Migration
		Reason:Running plugin com.apple.locationd.migrator (CoreLocationMigrator.migrator)
		Migration Elapsed:01:41 seconds

[2026-09-27 10:26:17 +0000] Status=2, isTerminal=NO, Elapsed=01:52.
	Waiting on Data Migration
		Reason:Running plugin com.apple.locationd.migrator (CoreLocationMigrator.migrator)
		Migration Elapsed:01:42 seconds

[2026-09-27 10:26:18 +0000] Status=2, isTerminal=NO, Elapsed=01:53.
	Waiting on Data Migration
		Reason:Running plugin com.apple.locationd.migrator (CoreLocationMigrator.migrator)
		Migration Elapsed:01:43 seconds

[2026-09-27 10:26:19 +0000] Status=2, isTerminal=NO, Elapsed=01:54.
	Waiting on Data Migration
		Reason:Running plugin com.apple.locationd.migrator (CoreLocationMigrator.migrator)
		Migration Elapsed:01:44 seconds

[2026-09-27 10:26:20 +0000] Status=2, isTerminal=NO, Elapsed=01:55.
	Waiting on Data Migration
		Reason:Running plugin com.apple.locationd.migrator (CoreLocationMigrator.migrator)
		Migration Elapsed:01:45 seconds

[2026-09-27 10:26:21 +0000] Status=2, isTerminal=NO, Elapsed=01:56.
	Waiting on Data Migration
		Reason:Running plugin com.apple.locationd.migrator (CoreLocationMigrator.migrator)
		Migration Elapsed:01:46 seconds

[2026-09-27 10:26:22 +0000] Status=2, isTerminal=NO, Elapsed=01:57.
	Waiting on Data Migration
		Reason:Running plugin com.apple.locationd.migrator (CoreLocationMigrator.migrator)
		Migration Elapsed:01:47 seconds

[2026-09-27 10:26:23 +0000] Status=2, isTerminal=NO, Elapsed=01:58.
	Waiting on Data Migration
		Reason:Running plugin com.apple.locationd.migrator (CoreLocationMigrator.migrator)
		Migration Elapsed:01:48 seconds

[2026-09-27 10:26:24 +0000] Status=2, isTerminal=NO, Elapsed=01:59.
	Waiting on Data Migration
		Reason:Running plugin com.apple.locationd.migrator (CoreLocationMigrator.migrator)
		Migration Elapsed:01:49 seconds

[2026-09-27 10:26:25 +0000] Status=2, isTerminal=NO, Elapsed=02:00.
	Waiting on Data Migration
		Reason:Running plugin com.apple.locationd.migrator (CoreLocationMigrator.migrator)
		Migration Elapsed:01:50 seconds

[2026-09-27 10:26:26 +0000] Status=2, isTerminal=NO, Elapsed=02:01.
	Waiting on Data Migration
		Reason:Running plugin com.apple.locationd.migrator (CoreLocationMigrator.migrator)
		Migration Elapsed:01:51 seconds

[2026-09-27 10:26:27 +0000] Status=2, isTerminal=NO, Elapsed=02:02.
	Waiting on Data Migration
		Reason:Running plugin com.apple.locationd.migrator (CoreLocationMigrator.migrator)
		Migration Elapsed:01:52 seconds

[2026-09-27 10:26:29 +0000] Status=2, isTerminal=NO, Elapsed=02:03.
	Waiting on Data Migration
		Reason:Running plugin com.apple.locationd.migrator (CoreLocationMigrator.migrator)
		Migration Elapsed:01:53 seconds

[2026-09-27 10:26:29 +0000] Status=2, isTerminal=NO, Elapsed=02:04.
	Waiting on Data Migration
		Reason:Running plugin com.apple.locationd.migrator (CoreLocationMigrator.migrator)
		Migration Elapsed:01:54 seconds

[2026-09-27 10:26:30 +0000] Status=2, isTerminal=NO, Elapsed=02:05.
	Waiting on Data Migration
		Reason:Running plugin com.apple.locationd.migrator (CoreLocationMigrator.migrator)
		Migration Elapsed:01:55 seconds

[2026-09-27 10:26:31 +0000] Status=2, isTerminal=NO, Elapsed=02:06.
	Waiting on Data Migration
		Reason:Running plugin com.apple.locationd.migrator (CoreLocationMigrator.migrator)
		Migration Elapsed:01:56 seconds

[2026-09-27 10:26:32 +0000] Status=2, isTerminal=NO, Elapsed=02:07.
	Waiting on Data Migration
		Reason:Running plugin com.apple.locationd.migrator (CoreLocationMigrator.migrator)
		Migration Elapsed:01:57 seconds

[2026-09-27 10:26:33 +0000] Status=2, isTerminal=NO, Elapsed=02:08.
	Waiting on Data Migration
		Reason:Running plugin com.apple.locationd.migrator (CoreLocationMigrator.migrator)
		Migration Elapsed:01:58 seconds

[2026-09-27 10:26:34 +0000] Status=2, isTerminal=NO, Elapsed=02:09.
	Waiting on Data Migration
		Reason:Running plugin com.apple.locationd.migrator (CoreLocationMigrator.migrator)
		Migration Elapsed:01:59 seconds

[2026-09-27 10:26:35 +0000] Status=2, isTerminal=NO, Elapsed=02:10.
	Waiting on Data Migration
		Reason:Running plugin com.apple.locationd.migrator (CoreLocationMigrator.migrator)
		Migration Elapsed:02:00 seconds

[2026-09-27 10:26:36 +0000] Status=2, isTerminal=NO, Elapsed=02:11.
	Waiting on Data Migration
		Reason:Running plugin com.apple.locationd.migrator (CoreLocationMigrator.migrator)
		Migration Elapsed:02:01 seconds

[2026-09-27 10:26:37 +0000] Status=2, isTerminal=NO, Elapsed=02:12.
	Waiting on Data Migration
		Reason:Running plugin com.apple.locationd.migrator (CoreLocationMigrator.migrator)
		Migration Elapsed:02:02 seconds

[2026-09-27 10:26:38 +0000] Status=2, isTerminal=NO, Elapsed=02:13.
	Waiting on Data Migration
		Reason:Running plugin com.apple.locationd.migrator (CoreLocationMigrator.migrator)
		Migration Elapsed:02:03 seconds

[2026-09-27 10:26:39 +0000] Status=2, isTerminal=NO, Elapsed=02:14.
	Waiting on Data Migration
		Reason:Running plugin com.apple.locationd.migrator (CoreLocationMigrator.migrator)
		Migration Elapsed:02:04 seconds

[2026-09-27 10:26:40 +0000] Status=2, isTerminal=NO, Elapsed=02:15.
	Waiting on Data Migration
		Reason:Running plugin com.apple.locationd.migrator (CoreLocationMigrator.migrator)
		Migration Elapsed:02:05 seconds

[2026-09-27 10:26:41 +0000] Status=2, isTerminal=NO, Elapsed=02:16.
	Waiting on Data Migration
		Reason:Running plugin com.apple.locationd.migrator (CoreLocationMigrator.migrator)
		Migration Elapsed:02:06 seconds

[2026-09-27 10:26:42 +0000] Status=2, isTerminal=NO, Elapsed=02:17.
	Waiting on Data Migration
		Reason:Running plugin com.apple.locationd.migrator (CoreLocationMigrator.migrator)
		Migration Elapsed:02:07 seconds

[2026-09-27 10:26:43 +0000] Status=2, isTerminal=NO, Elapsed=02:18.
	Waiting on Data Migration
		Reason:Running plugin com.apple.locationd.migrator (CoreLocationMigrator.migrator)
		Migration Elapsed:02:08 seconds

[2026-09-27 10:26:44 +0000] Status=2, isTerminal=NO, Elapsed=02:19.
	Waiting on Data Migration
		Reason:Running plugin com.apple.locationd.migrator (CoreLocationMigrator.migrator)
		Migration Elapsed:02:09 seconds

[2026-09-27 10:26:45 +0000] Status=2, isTerminal=NO, Elapsed=02:20.
	Waiting on Data Migration
		Reason:Running plugin com.apple.locationd.migrator (CoreLocationMigrator.migrator)
		Migration Elapsed:02:10 seconds

[2026-09-27 10:26:46 +0000] Status=2, isTerminal=NO, Elapsed=02:21.
	Waiting on Data Migration
		Reason:Running plugin com.apple.locationd.migrator (CoreLocationMigrator.migrator)
		Migration Elapsed:02:11 seconds

[2026-09-27 10:26:47 +0000] Status=2, isTerminal=NO, Elapsed=02:22.
	Waiting on Data Migration
		Reason:Running plugin com.apple.locationd.migrator (CoreLocationMigrator.migrator)
		Migration Elapsed:02:12 seconds

[2026-09-27 10:26:48 +0000] Status=2, isTerminal=NO, Elapsed=02:23.
	Waiting on Data Migration
		Reason:Running plugin com.apple.locationd.migrator (CoreLocationMigrator.migrator)
		Migration Elapsed:02:13 seconds

[2026-09-27 10:26:49 +0000] Status=2, isTerminal=NO, Elapsed=02:24.
	Waiting on Data Migration
		Reason:Running plugin com.apple.locationd.migrator (CoreLocationMigrator.migrator)
		Migration Elapsed:02:14 seconds

[2026-09-27 10:26:50 +0000] Status=2, isTerminal=NO, Elapsed=02:25.
	Waiting on Data Migration
		Reason:Running plugin com.apple.locationd.migrator (CoreLocationMigrator.migrator)
		Migration Elapsed:02:15 seconds

[2026-09-27 10:26:51 +0000] Status=2, isTerminal=NO, Elapsed=02:26.
	Waiting on Data Migration
		Reason:Running plugin com.apple.locationd.migrator (CoreLocationMigrator.migrator)
		Migration Elapsed:02:16 seconds

[2026-09-27 10:26:52 +0000] Status=2, isTerminal=NO, Elapsed=02:27.
	Waiting on Data Migration
		Reason:Running plugin com.apple.locationd.migrator (CoreLocationMigrator.migrator)
		Migration Elapsed:02:17 seconds

[2026-09-27 10:26:54 +0000] Status=2, isTerminal=NO, Elapsed=02:28.
	Waiting on Data Migration
		Reason:Running plugin com.apple.locationd.migrator (CoreLocationMigrator.migrator)
		Migration Elapsed:02:18 seconds

[2026-09-27 10:26:54 +0000] Status=2, isTerminal=NO, Elapsed=02:29.
	Waiting on Data Migration
		Reason:Running plugin com.apple.locationd.migrator (CoreLocationMigrator.migrator)
		Migration Elapsed:02:19 seconds

[2026-09-27 10:26:55 +0000] Status=2, isTerminal=NO, Elapsed=02:30.
	Waiting on Data Migration
		Reason:Running plugin com.apple.locationd.migrator (CoreLocationMigrator.migrator)
		Migration Elapsed:02:20 seconds

[2026-09-27 10:26:56 +0000] Status=2, isTerminal=NO, Elapsed=02:31.
	Waiting on Data Migration
		Reason:Running plugin com.apple.locationd.migrator (CoreLocationMigrator.migrator)
		Migration Elapsed:02:21 seconds

[2026-09-27 10:26:57 +0000] Status=2, isTerminal=NO, Elapsed=02:32.
	Waiting on Data Migration
		Reason:Running plugin com.apple.locationd.migrator (CoreLocationMigrator.migrator)
		Migration Elapsed:02:22 seconds

[2026-09-27 10:26:58 +0000] Status=2, isTerminal=NO, Elapsed=02:33.
	Waiting on Data Migration
		Reason:Running plugin com.apple.locationd.migrator (CoreLocationMigrator.migrator)
		Migration Elapsed:02:23 seconds

[2026-09-27 10:26:59 +0000] Status=2, isTerminal=NO, Elapsed=02:34.
	Waiting on Data Migration
		Reason:Running plugin com.apple.locationd.migrator (CoreLocationMigrator.migrator)
		Migration Elapsed:02:24 seconds

[2026-09-27 10:27:00 +0000] Status=2, isTerminal=NO, Elapsed=02:35.
	Waiting on Data Migration
		Reason:Running plugin com.apple.locationd.migrator (CoreLocationMigrator.migrator)
		Migration Elapsed:02:25 seconds

[2026-09-27 10:27:01 +0000] Status=2, isTerminal=NO, Elapsed=02:36.
	Waiting on Data Migration
		Reason:Running plugin com.apple.locationd.migrator (CoreLocationMigrator.migrator)
		Migration Elapsed:02:26 seconds

[2026-09-27 10:27:02 +0000] Status=2, isTerminal=NO, Elapsed=02:37.
	Waiting on Data Migration
		Reason:Running plugin com.apple.locationd.migrator (CoreLocationMigrator.migrator)
		Migration Elapsed:02:27 seconds

[2026-09-27 10:27:03 +0000] Status=2, isTerminal=NO, Elapsed=02:38.
	Waiting on Data Migration
		Reason:Running plugin com.apple.locationd.migrator (CoreLocationMigrator.migrator)
		Migration Elapsed:02:28 seconds

[2026-09-27 10:27:04 +0000] Status=2, isTerminal=NO, Elapsed=02:39.
	Waiting on Data Migration
		Reason:Running plugin com.apple.locationd.migrator (CoreLocationMigrator.migrator)
		Migration Elapsed:02:29 seconds

[2026-09-27 10:27:05 +0000] Status=2, isTerminal=NO, Elapsed=02:40.
	Waiting on Data Migration
		Reason:Running plugin com.apple.locationd.migrator (CoreLocationMigrator.migrator)
		Migration Elapsed:02:30 seconds

[2026-09-27 10:27:06 +0000] Status=2, isTerminal=NO, Elapsed=02:41.
	Waiting on Data Migration
		Reason:Running plugin com.apple.locationd.migrator (CoreLocationMigrator.migrator)
		Migration Elapsed:02:31 seconds

[2026-09-27 10:27:07 +0000] Status=2, isTerminal=NO, Elapsed=02:42.
	Waiting on Data Migration
		Reason:Running plugin com.apple.locationd.migrator (CoreLocationMigrator.migrator)
		Migration Elapsed:02:32 seconds

[2026-09-27 10:27:08 +0000] Status=2, isTerminal=NO, Elapsed=02:43.
	Waiting on Data Migration
		Reason:Running plugin com.apple.locationd.migrator (CoreLocationMigrator.migrator)
		Migration Elapsed:02:33 seconds

[2026-09-27 10:27:09 +0000] Status=2, isTerminal=NO, Elapsed=02:44.
	Waiting on Data Migration
		Reason:Running plugin com.apple.locationd.migrator (CoreLocationMigrator.migrator)
		Migration Elapsed:02:34 seconds

[2026-09-27 10:27:10 +0000] Status=2, isTerminal=NO, Elapsed=02:45.
	Waiting on Data Migration
		Reason:Running plugin com.apple.locationd.migrator (CoreLocationMigrator.migrator)
		Migration Elapsed:02:35 seconds

[2026-09-27 10:27:11 +0000] Status=2, isTerminal=NO, Elapsed=02:46.
	Waiting on Data Migration
		Reason:Running plugin com.apple.locationd.migrator (CoreLocationMigrator.migrator)
		Migration Elapsed:02:36 seconds

[2026-09-27 10:27:12 +0000] Status=2, isTerminal=NO, Elapsed=02:47.
	Waiting on Data Migration
		Reason:Running plugin com.apple.locationd.migrator (CoreLocationMigrator.migrator)
		Migration Elapsed:02:37 seconds

[2026-09-27 10:27:13 +0000] Status=2, isTerminal=NO, Elapsed=02:48.
	Waiting on Data Migration
		Reason:Running plugin com.apple.locationd.migrator (CoreLocationMigrator.migrator)
		Migration Elapsed:02:38 seconds

[2026-09-27 10:27:14 +0000] Status=2, isTerminal=NO, Elapsed=02:49.
	Waiting on Data Migration
		Reason:Running plugin com.apple.locationd.migrator (CoreLocationMigrator.migrator)
		Migration Elapsed:02:39 seconds

[2026-09-27 10:27:15 +0000] Status=2, isTerminal=NO, Elapsed=02:50.
	Waiting on Data Migration
		Reason:Running plugin com.apple.locationd.migrator (CoreLocationMigrator.migrator)
		Migration Elapsed:02:40 seconds

[2026-09-27 10:27:16 +0000] Status=2, isTerminal=NO, Elapsed=02:51.
	Waiting on Data Migration
		Reason:Running plugin com.apple.locationd.migrator (CoreLocationMigrator.migrator)
		Migration Elapsed:02:41 seconds

[2026-09-27 10:27:17 +0000] Status=2, isTerminal=NO, Elapsed=02:52.
	Waiting on Data Migration
		Reason:Running plugin com.apple.locationd.migrator (CoreLocationMigrator.migrator)
		Migration Elapsed:02:42 seconds

[2026-09-27 10:27:18 +0000] Status=2, isTerminal=NO, Elapsed=02:53.
	Waiting on Data Migration
		Reason:Running plugin com.apple.locationd.migrator (CoreLocationMigrator.migrator)
		Migration Elapsed:02:43 seconds

[2026-09-27 10:27:19 +0000] Status=2, isTerminal=NO, Elapsed=02:54.
	Waiting on Data Migration
		Reason:Running plugin com.apple.locationd.migrator (CoreLocationMigrator.migrator)
		Migration Elapsed:02:44 seconds

[2026-09-27 10:27:20 +0000] Status=2, isTerminal=NO, Elapsed=02:55.
	Waiting on Data Migration
		Reason:Running plugin com.apple.locationd.migrator (CoreLocationMigrator.migrator)
		Migration Elapsed:02:45 seconds

[2026-09-27 10:27:21 +0000] Status=2, isTerminal=NO, Elapsed=02:56.
	Waiting on Data Migration
		Reason:Running plugin com.apple.locationd.migrator (CoreLocationMigrator.migrator)
		Migration Elapsed:02:46 seconds

[2026-09-27 10:27:22 +0000] Status=2, isTerminal=NO, Elapsed=02:57.
	Waiting on Data Migration
		Reason:Running plugin com.apple.locationd.migrator (CoreLocationMigrator.migrator)
		Migration Elapsed:02:47 seconds

[2026-09-27 10:27:23 +0000] Status=2, isTerminal=NO, Elapsed=02:58.
	Waiting on Data Migration
		Reason:Running plugin com.apple.locationd.migrator (CoreLocationMigrator.migrator)
		Migration Elapsed:02:48 seconds

[2026-09-27 10:27:24 +0000] Status=2, isTerminal=NO, Elapsed=02:59.
	Waiting on Data Migration
		Reason:Running plugin com.apple.locationd.migrator (CoreLocationMigrator.migrator)
		Migration Elapsed:02:49 seconds

[2026-09-27 10:27:25 +0000] Status=2, isTerminal=NO, Elapsed=03:00.
	Waiting on Data Migration
		Reason:Running plugin com.apple.locationd.migrator (CoreLocationMigrator.migrator)
		Migration Elapsed:02:50 seconds

[2026-09-27 10:27:26 +0000] Status=2, isTerminal=NO, Elapsed=03:01.
	Waiting on Data Migration
		Reason:Running plugin com.apple.locationd.migrator (CoreLocationMigrator.migrator)
		Migration Elapsed:02:51 seconds

[2026-09-27 10:27:27 +0000] Status=2, isTerminal=NO, Elapsed=03:02.
	Waiting on Data Migration
		Reason:Running plugin com.apple.locationd.migrator (CoreLocationMigrator.migrator)
		Migration Elapsed:02:52 seconds

[2026-09-27 10:27:28 +0000] Status=2, isTerminal=NO, Elapsed=03:03.
	Waiting on Data Migration
		Reason:Running plugin com.apple.locationd.migrator (CoreLocationMigrator.migrator)
		Migration Elapsed:02:53 seconds

[2026-09-27 10:27:29 +0000] Status=2, isTerminal=NO, Elapsed=03:04.
	Waiting on Data Migration
		Reason:Running plugin com.apple.locationd.migrator (CoreLocationMigrator.migrator)
		Migration Elapsed:02:54 seconds

[2026-09-27 10:27:30 +0000] Status=2, isTerminal=NO, Elapsed=03:05.
	Waiting on Data Migration
		Reason:Running plugin com.apple.locationd.migrator (CoreLocationMigrator.migrator)
		Migration Elapsed:02:55 seconds

[2026-09-27 10:27:31 +0000] Status=2, isTerminal=NO, Elapsed=03:06.
	Waiting on Data Migration
		Reason:Running plugin com.apple.locationd.migrator (CoreLocationMigrator.migrator)
		Migration Elapsed:02:56 seconds

[2026-09-27 10:27:32 +0000] Status=2, isTerminal=NO, Elapsed=03:07.
	Waiting on Data Migration
		Reason:Running plugin com.apple.locationd.migrator (CoreLocationMigrator.migrator)
		Migration Elapsed:02:57 seconds

[2026-09-27 10:27:33 +0000] Status=2, isTerminal=NO, Elapsed=03:08.
	Waiting on Data Migration
		Reason:Running plugin com.apple.locationd.migrator (CoreLocationMigrator.migrator)
		Migration Elapsed:02:58 seconds

[2026-09-27 10:27:35 +0000] Status=2, isTerminal=NO, Elapsed=03:09.
	Waiting on Data Migration
		Reason:Running plugin com.apple.locationd.migrator (CoreLocationMigrator.migrator)
		Migration Elapsed:02:59 seconds

[2026-09-27 10:27:35 +0000] Status=2, isTerminal=NO, Elapsed=03:10.
	Waiting on Data Migration
		Reason:Running plugin com.apple.locationd.migrator (CoreLocationMigrator.migrator)
		Migration Elapsed:03:00 seconds

[2026-09-27 10:27:37 +0000] Status=2, isTerminal=NO, Elapsed=03:11.
	Waiting on Data Migration
		Reason:Running plugin com.apple.locationd.migrator (CoreLocationMigrator.migrator)
		Migration Elapsed:03:01 seconds

[2026-09-27 10:27:38 +0000] Status=2, isTerminal=NO, Elapsed=03:12.
	Waiting on Data Migration
		Reason:Running plugin com.apple.locationd.migrator (CoreLocationMigrator.migrator)
		Migration Elapsed:03:02 seconds

[2026-09-27 10:27:39 +0000] Status=2, isTerminal=NO, Elapsed=03:13.
	Waiting on Data Migration
		Reason:Running plugin com.apple.locationd.migrator (CoreLocationMigrator.migrator)
		Migration Elapsed:03:03 seconds

[2026-09-27 10:27:39 +0000] Status=2, isTerminal=NO, Elapsed=03:14.
	Waiting on Data Migration
		Reason:Running plugin com.apple.locationd.migrator (CoreLocationMigrator.migrator)
		Migration Elapsed:03:04 seconds

[2026-09-27 10:27:40 +0000] Status=2, isTerminal=NO, Elapsed=03:15.
	Waiting on Data Migration
		Reason:Running plugin com.apple.locationd.migrator (CoreLocationMigrator.migrator)
		Migration Elapsed:03:05 seconds

[2026-09-27 10:27:42 +0000] Status=2, isTerminal=NO, Elapsed=03:16.
	Waiting on Data Migration
		Reason:Running plugin com.apple.locationd.migrator (CoreLocationMigrator.migrator)
		Migration Elapsed:03:06 seconds

[2026-09-27 10:27:43 +0000] Status=2, isTerminal=NO, Elapsed=03:17.
	Waiting on Data Migration
		Reason:Running plugin com.apple.locationd.migrator (CoreLocationMigrator.migrator)
		Migration Elapsed:03:07 seconds

[2026-09-27 10:27:44 +0000] Status=2, isTerminal=NO, Elapsed=03:18.
	Waiting on Data Migration
		Reason:Running plugin com.apple.locationd.migrator (CoreLocationMigrator.migrator)
		Migration Elapsed:03:08 seconds

[2026-09-27 10:27:45 +0000] Status=2, isTerminal=NO, Elapsed=03:19.
	Waiting on Data Migration
		Reason:Running plugin com.apple.locationd.migrator (CoreLocationMigrator.migrator)
		Migration Elapsed:03:09 seconds

[2026-09-27 10:27:46 +0000] Status=2, isTerminal=NO, Elapsed=03:20.
	Waiting on Data Migration
		Reason:Running plugin com.apple.locationd.migrator (CoreLocationMigrator.migrator)
		Migration Elapsed:03:10 seconds

[2026-09-27 10:27:47 +0000] Status=2, isTerminal=NO, Elapsed=03:21.
	Waiting on Data Migration
		Reason:Running plugin com.apple.locationd.migrator (CoreLocationMigrator.migrator)
		Migration Elapsed:03:11 seconds

[2026-09-27 10:27:48 +0000] Status=2, isTerminal=NO, Elapsed=03:22.
	Waiting on Data Migration
		Reason:Running plugin com.apple.locationd.migrator (CoreLocationMigrator.migrator)
		Migration Elapsed:03:12 seconds

[2026-09-27 10:27:49 +0000] Status=2, isTerminal=NO, Elapsed=03:23.
	Waiting on Data Migration
		Reason:Running plugin com.apple.locationd.migrator (CoreLocationMigrator.migrator)
		Migration Elapsed:03:13 seconds

[2026-09-27 10:27:50 +0000] Status=2, isTerminal=NO, Elapsed=03:24.
	Waiting on Data Migration
		Reason:Running plugin com.apple.locationd.migrator (CoreLocationMigrator.migrator)
		Migration Elapsed:03:14 seconds

[2026-09-27 10:27:51 +0000] Status=2, isTerminal=NO, Elapsed=03:25.
	Waiting on Data Migration
		Reason:Running plugin com.apple.locationd.migrator (CoreLocationMigrator.migrator)
		Migration Elapsed:03:15 seconds

[2026-09-27 10:27:51 +0000] Status=2, isTerminal=NO, Elapsed=03:26.
	Waiting on Data Migration
		Reason:Running plugin com.apple.locationd.migrator (CoreLocationMigrator.migrator)
		Migration Elapsed:03:16 seconds

[2026-09-27 10:27:53 +0000] Status=2, isTerminal=NO, Elapsed=03:27.
	Waiting on Data Migration
		Reason:Running plugin com.apple.locationd.migrator (CoreLocationMigrator.migrator)
		Migration Elapsed:03:17 seconds

[2026-09-27 10:27:53 +0000] Status=2, isTerminal=NO, Elapsed=03:28.
	Waiting on Data Migration
		Reason:Running plugin com.apple.locationd.migrator (CoreLocationMigrator.migrator)
		Migration Elapsed:03:18 seconds

[2026-09-27 10:27:55 +0000] Status=2, isTerminal=NO, Elapsed=03:29.
	Waiting on Data Migration
		Reason:Running plugin com.apple.locationd.migrator (CoreLocationMigrator.migrator)
		Migration Elapsed:03:19 seconds

[2026-09-27 10:27:55 +0000] Status=2, isTerminal=NO, Elapsed=03:30.
	Waiting on Data Migration
		Reason:Running plugin com.apple.locationd.migrator (CoreLocationMigrator.migrator)
		Migration Elapsed:03:20 seconds

[2026-09-27 10:27:57 +0000] Status=2, isTerminal=NO, Elapsed=03:31.
	Waiting on Data Migration
		Reason:Running plugin com.apple.locationd.migrator (CoreLocationMigrator.migrator)
		Migration Elapsed:03:21 seconds

[2026-09-27 10:27:57 +0000] Status=2, isTerminal=NO, Elapsed=03:32.
	Waiting on Data Migration
		Reason:Running plugin com.apple.locationd.migrator (CoreLocationMigrator.migrator)
		Migration Elapsed:03:22 seconds

[2026-09-27 10:27:58 +0000] Status=2, isTerminal=NO, Elapsed=03:33.
	Waiting on Data Migration
		Reason:Running plugin com.apple.locationd.migrator (CoreLocationMigrator.migrator)
		Migration Elapsed:03:23 seconds

[2026-09-27 10:28:00 +0000] Status=2, isTerminal=NO, Elapsed=03:34.
	Waiting on Data Migration
		Reason:Running plugin com.apple.locationd.migrator (CoreLocationMigrator.migrator)
		Migration Elapsed:03:24 seconds

[2026-09-27 10:28:00 +0000] Status=2, isTerminal=NO, Elapsed=03:35.
	Waiting on Data Migration
		Reason:Running plugin com.apple.locationd.migrator (CoreLocationMigrator.migrator)
		Migration Elapsed:03:25 seconds

[2026-09-27 10:28:02 +0000] Status=2, isTerminal=NO, Elapsed=03:36.
	Waiting on Data Migration
		Reason:Running plugin com.apple.locationd.migrator (CoreLocationMigrator.migrator)
		Migration Elapsed:03:26 seconds

[2026-09-27 10:28:02 +0000] Status=2, isTerminal=NO, Elapsed=03:37.
	Waiting on Data Migration
		Reason:Running plugin com.apple.locationd.migrator (CoreLocationMigrator.migrator)
		Migration Elapsed:03:27 seconds

[2026-09-27 10:28:03 +0000] Status=2, isTerminal=NO, Elapsed=03:38.
	Waiting on Data Migration
		Reason:Running plugin com.apple.locationd.migrator (CoreLocationMigrator.migrator)
		Migration Elapsed:03:28 seconds

[2026-09-27 10:28:05 +0000] Status=2, isTerminal=NO, Elapsed=03:39.
	Waiting on Data Migration
		Reason:Running plugin com.apple.locationd.migrator (CoreLocationMigrator.migrator)
		Migration Elapsed:03:29 seconds

[2026-09-27 10:28:06 +0000] Status=2, isTerminal=NO, Elapsed=03:40.
	Waiting on Data Migration
		Reason:Running plugin com.apple.locationd.migrator (CoreLocationMigrator.migrator)
		Migration Elapsed:03:30 seconds

[2026-09-27 10:28:07 +0000] Status=2, isTerminal=NO, Elapsed=03:41.
	Waiting on Data Migration
		Reason:Running plugin com.apple.locationd.migrator (CoreLocationMigrator.migrator)
		Migration Elapsed:03:31 seconds

[2026-09-27 10:28:07 +0000] Status=2, isTerminal=NO, Elapsed=03:42.
	Waiting on Data Migration
		Reason:Running plugin com.apple.locationd.migrator (CoreLocationMigrator.migrator)
		Migration Elapsed:03:32 seconds

[2026-09-27 10:28:09 +0000] Status=2, isTerminal=NO, Elapsed=03:43.
	Waiting on Data Migration
		Reason:Running plugin com.apple.locationd.migrator (CoreLocationMigrator.migrator)
		Migration Elapsed:03:33 seconds

[2026-09-27 10:28:10 +0000] Status=2, isTerminal=NO, Elapsed=03:44.
	Waiting on Data Migration
		Reason:Running plugin com.apple.locationd.migrator (CoreLocationMigrator.migrator)
		Migration Elapsed:03:34 seconds

[2026-09-27 10:28:11 +0000] Status=2, isTerminal=NO, Elapsed=03:45.
	Waiting on Data Migration
		Reason:Running plugin com.apple.locationd.migrator (CoreLocationMigrator.migrator)
		Migration Elapsed:03:35 seconds

[2026-09-27 10:28:12 +0000] Status=2, isTerminal=NO, Elapsed=03:46.
	Waiting on Data Migration
		Reason:Running plugin com.apple.locationd.migrator (CoreLocationMigrator.migrator)
		Migration Elapsed:03:36 seconds

[2026-09-27 10:28:13 +0000] Status=2, isTerminal=NO, Elapsed=03:47.
	Waiting on Data Migration
		Reason:Running plugin com.apple.locationd.migrator (CoreLocationMigrator.migrator)
		Migration Elapsed:03:37 seconds

[2026-09-27 10:28:14 +0000] Status=2, isTerminal=NO, Elapsed=03:48.
	Waiting on Data Migration
		Reason:Running plugin com.apple.locationd.migrator (CoreLocationMigrator.migrator)
		Migration Elapsed:03:38 seconds

[2026-09-27 10:28:15 +0000] Status=2, isTerminal=NO, Elapsed=03:49.
	Waiting on Data Migration
		Reason:Running plugin com.apple.locationd.migrator (CoreLocationMigrator.migrator)
		Migration Elapsed:03:39 seconds

[2026-09-27 10:28:15 +0000] Status=2, isTerminal=NO, Elapsed=03:50.
	Waiting on Data Migration
		Reason:Running plugin com.apple.locationd.migrator (CoreLocationMigrator.migrator)
		Migration Elapsed:03:40 seconds

[2026-09-27 10:28:17 +0000] Status=2, isTerminal=NO, Elapsed=03:51.
	Waiting on Data Migration
		Reason:Running plugin com.apple.locationd.migrator (CoreLocationMigrator.migrator)
		Migration Elapsed:03:41 seconds

[2026-09-27 10:28:18 +0000] Status=2, isTerminal=NO, Elapsed=03:52.
	Waiting on Data Migration
		Reason:Running plugin com.apple.locationd.migrator (CoreLocationMigrator.migrator)
		Migration Elapsed:03:42 seconds

[2026-09-27 10:28:19 +0000] Status=2, isTerminal=NO, Elapsed=03:53.
	Waiting on Data Migration
		Reason:Running plugin com.apple.locationd.migrator (CoreLocationMigrator.migrator)
		Migration Elapsed:03:43 seconds

[2026-09-27 10:28:20 +0000] Status=2, isTerminal=NO, Elapsed=03:54.
	Waiting on Data Migration
		Reason:Running plugin com.apple.locationd.migrator (CoreLocationMigrator.migrator)
		Migration Elapsed:03:44 seconds

[2026-09-27 10:28:21 +0000] Status=2, isTerminal=NO, Elapsed=03:55.
	Waiting on Data Migration
		Reason:Running plugin com.apple.locationd.migrator (CoreLocationMigrator.migrator)
		Migration Elapsed:03:45 seconds

[2026-09-27 10:28:22 +0000] Status=2, isTerminal=NO, Elapsed=03:56.
	Waiting on Data Migration
		Reason:Running plugin com.apple.locationd.migrator (CoreLocationMigrator.migrator)
		Migration Elapsed:03:46 seconds

[2026-09-27 10:28:23 +0000] Status=2, isTerminal=NO, Elapsed=03:57.
	Waiting on Data Migration
		Reason:Running plugin com.apple.locationd.migrator (CoreLocationMigrator.migrator)
		Migration Elapsed:03:47 seconds

[2026-09-27 10:28:24 +0000] Status=2, isTerminal=NO, Elapsed=03:58.
	Waiting on Data Migration
		Reason:Running plugin com.apple.locationd.migrator (CoreLocationMigrator.migrator)
		Migration Elapsed:03:48 seconds

[2026-09-27 10:28:25 +0000] Status=2, isTerminal=NO, Elapsed=03:59.
	Waiting on Data Migration
		Reason:Running plugin com.apple.locationd.migrator (CoreLocationMigrator.migrator)
		Migration Elapsed:03:49 seconds

[2026-09-27 10:28:26 +0000] Status=2, isTerminal=NO, Elapsed=04:00.
	Waiting on Data Migration
		Reason:Running plugin com.apple.locationd.migrator (CoreLocationMigrator.migrator)
		Migration Elapsed:03:50 seconds

[2026-09-27 10:28:27 +0000] Status=2, isTerminal=NO, Elapsed=04:01.
	Waiting on Data Migration
		Reason:Running plugin com.apple.locationd.migrator (CoreLocationMigrator.migrator)
		Migration Elapsed:03:51 seconds

[2026-09-27 10:28:28 +0000] Status=2, isTerminal=NO, Elapsed=04:02.
	Waiting on Data Migration
		Reason:Running plugin com.apple.locationd.migrator (CoreLocationMigrator.migrator)
		Migration Elapsed:03:52 seconds

[2026-09-27 10:28:28 +0000] Status=2, isTerminal=NO, Elapsed=04:03.
	Waiting on Data Migration
		Reason:Running plugin com.apple.locationd.migrator (CoreLocationMigrator.migrator)
		Migration Elapsed:03:53 seconds

[2026-09-27 10:28:30 +0000] Status=2, isTerminal=NO, Elapsed=04:04.
	Waiting on Data Migration
		Reason:Running plugin com.apple.locationd.migrator (CoreLocationMigrator.migrator)
		Migration Elapsed:03:54 seconds

[2026-09-27 10:28:31 +0000] Status=2, isTerminal=NO, Elapsed=04:05.
	Waiting on Data Migration
		Reason:Running plugin com.apple.locationd.migrator (CoreLocationMigrator.migrator)
		Migration Elapsed:03:55 seconds

[2026-09-27 10:28:31 +0000] Status=2, isTerminal=NO, Elapsed=04:06.
	Waiting on Data Migration
		Reason:Running plugin com.apple.locationd.migrator (CoreLocationMigrator.migrator)
		Migration Elapsed:03:56 seconds

[2026-09-27 10:28:34 +0000] Status=2, isTerminal=NO, Elapsed=04:09.
	Waiting on Data Migration
		Reason:Running plugin com.apple.locationd.migrator (CoreLocationMigrator.migrator)
		Migration Elapsed:03:57 seconds

[2026-09-27 10:28:36 +0000] Status=2, isTerminal=NO, Elapsed=04:10.
	Waiting on Data Migration
		Reason:Running plugin com.apple.CloudTabsMigrator.migrator (CloudTabsMigrator.migrator)
		Migration Elapsed:03:59 seconds

[2026-09-27 10:28:37 +0000] Status=2, isTerminal=NO, Elapsed=04:12.
	Waiting on Data Migration
		Reason:Running plugin com.apple.CloudTabsMigrator.migrator (CloudTabsMigrator.migrator)
		Migration Elapsed:04:00 seconds

[2026-09-27 10:28:42 +0000] Status=2, isTerminal=NO, Elapsed=04:17.
	Waiting on Data Migration
		Reason:Running plugin com.apple.keyboards.uimigrator (KeyboardUIMigrator.migrator)
		Migration Elapsed:04:02 seconds

[2026-09-27 10:28:44 +0000] Status=4, isTerminal=NO, Elapsed=04:19.
	Waiting on System App

[2026-09-27 10:28:46 +0000] Status=4, isTerminal=NO, Elapsed=04:21.
	Waiting on System App

[2026-09-27 10:28:47 +0000] Status=4, isTerminal=NO, Elapsed=04:21.
	Waiting on System App

[2026-09-27 10:28:47 +0000] Status=4, isTerminal=NO, Elapsed=04:22.
	Waiting on System App

[2026-09-27 10:28:48 +0000] Status=4, isTerminal=NO, Elapsed=04:22.
	Waiting on System App

[2026-09-27 10:28:49 +0000] Status=4, isTerminal=NO, Elapsed=04:23.
	Waiting on System App

[2026-09-27 10:28:50 +0000] Status=4, isTerminal=NO, Elapsed=04:24.
	Waiting on System App

[2026-09-27 10:28:51 +0000] Status=4, isTerminal=NO, Elapsed=04:25.
	Waiting on System App

[2026-09-27 10:28:54 +0000] Status=4, isTerminal=NO, Elapsed=04:28.
	Waiting on System App

[2026-09-27 10:28:59 +0000] Status=4294967295, isTerminal=YES, Elapsed=04:34.
	Finished

[10:29:02] Simülatör açıldı
[10:30:08] AsistSeed çalışıyor: --now 2026-09-27T10:30:08Z (Mac saat dilimi: UTC)
[10:30:09] Tohum: 18 satır, ayrıntı kaydı: 5EED0001-0000-4000-8000-000000000014
[10:30:12] Tohum verisi kopyalandı: /Users/runner/Library/Developer/CoreSimulator/Devices/6328A959-9B19-4E22-AB86-F8D39F492ADD/data/Containers/Data/Application/F55E25AB-72DA-484C-9192-12F9090AE19B/Library/Application Support/Asist/asist-data.json
[10:30:12] Tohum verisi yüklendi
[10:30:15] Uygulama başlatıldı (tohumlu ilk açılış), pid=13834
Note: No display specified. Defaulting to display: F5E23781-E18A-44FB-978A-4220D9008518 (screenID: 1, name: LCD)
Wrote screenshot to: /Users/runner/work/_temp/sim/tam/01-bugun.png
[10:30:40] Ekran görüntüsü: 01-bugun.png (Bugün (açık tema))
Note: No display specified. Defaulting to display: F5E23781-E18A-44FB-978A-4220D9008518 (screenID: 1, name: LCD)
Wrote screenshot to: /Users/runner/work/_temp/sim/tam/02-bugun-karanlik.png
[10:30:45] Ekran görüntüsü: 02-bugun-karanlik.png (Bugün (karanlık tema))
[10:30:50] Bağlantı (başlatma argümanı): asist://sekme/listeler
[10:30:52] Uygulama başlatıldı (03-listeler), pid=15582
Note: No display specified. Defaulting to display: F5E23781-E18A-44FB-978A-4220D9008518 (screenID: 1, name: LCD)
Wrote screenshot to: /Users/runner/work/_temp/sim/tam/03-listeler.png
[10:31:03] Ekran görüntüsü: 03-listeler.png (Listeler sekmesi (asist://sekme/listeler))
[10:31:03] Bağlantı (başlatma argümanı): asist://sekme/projeler
[10:31:05] Uygulama başlatıldı (04-projeler), pid=15773
Note: No display specified. Defaulting to display: F5E23781-E18A-44FB-978A-4220D9008518 (screenID: 1, name: LCD)
Wrote screenshot to: /Users/runner/work/_temp/sim/tam/04-projeler.png
[10:31:38] Ekran görüntüsü: 04-projeler.png (Projeler sekmesi (asist://sekme/projeler))
[10:31:38] Bağlantı (başlatma argümanı): asist://sekme/ayarlar
[10:32:14] Uygulama başlatıldı (05-ayarlar), pid=17374
Note: No display specified. Defaulting to display: F5E23781-E18A-44FB-978A-4220D9008518 (screenID: 1, name: LCD)
Wrote screenshot to: /Users/runner/work/_temp/sim/tam/05-ayarlar.png
[10:32:25] Ekran görüntüsü: 05-ayarlar.png (Ayarlar sekmesi (asist://sekme/ayarlar))
[10:32:25] Bağlantı (başlatma argümanı): asist://ayarlar/tetikleyiciler
[10:32:26] Uygulama başlatıldı (06-ayarlar-tetikleyiciler), pid=18009
Note: No display specified. Defaulting to display: F5E23781-E18A-44FB-978A-4220D9008518 (screenID: 1, name: LCD)
Wrote screenshot to: /Users/runner/work/_temp/sim/tam/06-ayarlar-tetikleyiciler.png
[10:32:38] Ekran görüntüsü: 06-ayarlar-tetikleyiciler.png (Ayarlar › Tetikleyiciler)
[10:32:38] Bağlantı (başlatma argümanı): asist://kayit/5EED0001-0000-4000-8000-000000000014
[10:32:40] Uygulama başlatıldı (07-kayit-detay), pid=18177
Note: No display specified. Defaulting to display: F5E23781-E18A-44FB-978A-4220D9008518 (screenID: 1, name: LCD)
Wrote screenshot to: /Users/runner/work/_temp/sim/tam/07-kayit-detay.png
[10:32:50] Ekran görüntüsü: 07-kayit-detay.png (Kayıt ayrıntısı (asist://kayit/5EED0001-0000-4000-8000-000000000014))
[10:32:50] Bağlantı (başlatma argümanı): asist://kayit/5EED0001-0000-4000-8000-000000000014?eylem=duzenle
[10:32:52] Uygulama başlatıldı (07a-kayit-duzenle), pid=18848
Note: No display specified. Defaulting to display: F5E23781-E18A-44FB-978A-4220D9008518 (screenID: 1, name: LCD)
Wrote screenshot to: /Users/runner/work/_temp/sim/tam/07a-kayit-duzenle.png
[10:33:02] Ekran görüntüsü: 07a-kayit-duzenle.png (Düzenle sayfası (asist://kayit/…?eylem=duzenle))
[10:33:02] Bağlantı (başlatma argümanı): asist://gunsonu
[10:33:05] Uygulama başlatıldı (08-gun-sonu), pid=19107
Note: No display specified. Defaulting to display: F5E23781-E18A-44FB-978A-4220D9008518 (screenID: 1, name: LCD)
Wrote screenshot to: /Users/runner/work/_temp/sim/tam/08-gun-sonu.png
[10:33:14] Ekran görüntüsü: 08-gun-sonu.png (Gün sonu (asist://gunsonu))
[10:33:14] Bağlantı (başlatma argümanı): asist://yaz
[10:33:20] Uygulama başlatıldı (09-yaz), pid=19594
Note: No display specified. Defaulting to display: F5E23781-E18A-44FB-978A-4220D9008518 (screenID: 1, name: LCD)
Wrote screenshot to: /Users/runner/work/_temp/sim/tam/09-yaz.png
[10:33:31] Ekran görüntüsü: 09-yaz.png (Yaz sayfası (asist://yaz))
[10:33:31] Bağlantı (başlatma argümanı): asist://sekme/bugun
[10:33:36] Uygulama başlatıldı (10-bugun-sekme), pid=20224
Note: No display specified. Defaulting to display: F5E23781-E18A-44FB-978A-4220D9008518 (screenID: 1, name: LCD)
Wrote screenshot to: /Users/runner/work/_temp/sim/tam/10-bugun-sekme.png
[10:33:45] Ekran görüntüsü: 10-bugun-sekme.png (asist://sekme/bugun (sayfa kapanır, Bugün kökü))
[10:33:45] Bağlantı (başlatma argümanı): asist://ekran/haftalik-rapor
[10:33:47] Uygulama başlatıldı (10a-haftalik-rapor), pid=20748
Note: No display specified. Defaulting to display: F5E23781-E18A-44FB-978A-4220D9008518 (screenID: 1, name: LCD)
Wrote screenshot to: /Users/runner/work/_temp/sim/tam/10a-haftalik-rapor.png
[10:33:57] Ekran görüntüsü: 10a-haftalik-rapor.png (Haftalık rapor (asist://ekran/haftalik-rapor))
[10:33:57] Bağlantı (başlatma argümanı): asist://ekran/kisiler
[10:33:59] Uygulama başlatıldı (10b-kisiler), pid=21363
Note: No display specified. Defaulting to display: F5E23781-E18A-44FB-978A-4220D9008518 (screenID: 1, name: LCD)
Wrote screenshot to: /Users/runner/work/_temp/sim/tam/10b-kisiler.png
[10:34:07] Ekran görüntüsü: 10b-kisiler.png (Kişiler (asist://ekran/kisiler))
[10:34:07] Bağlantı (başlatma argümanı): asist://ekran/konumlar
[10:34:09] Uygulama başlatıldı (10c-konumlar), pid=21492
Note: No display specified. Defaulting to display: F5E23781-E18A-44FB-978A-4220D9008518 (screenID: 1, name: LCD)
Wrote screenshot to: /Users/runner/work/_temp/sim/tam/10c-konumlar.png
[10:34:19] Ekran görüntüsü: 10c-konumlar.png (Ayarlar › Konumlar (asist://ekran/konumlar))
[10:34:19] Bağlantı (başlatma argümanı): asist://ekran/takvim
[10:34:21] Uygulama başlatıldı (10d-takvim), pid=22183
Note: No display specified. Defaulting to display: F5E23781-E18A-44FB-978A-4220D9008518 (screenID: 1, name: LCD)
Wrote screenshot to: /Users/runner/work/_temp/sim/tam/10d-takvim.png
[10:34:32] Ekran görüntüsü: 10d-takvim.png (Ayarlar › Takvim (asist://ekran/takvim))
[10:34:32] Bağlantı (başlatma argümanı): asist://ekran/guncelleme
[10:34:36] Uygulama başlatıldı (10e-guncelleme), pid=22521
Note: No display specified. Defaulting to display: F5E23781-E18A-44FB-978A-4220D9008518 (screenID: 1, name: LCD)
Wrote screenshot to: /Users/runner/work/_temp/sim/tam/10e-guncelleme.png
[10:34:47] Ekran görüntüsü: 10e-guncelleme.png (Ayarlar › Güncelleme (asist://ekran/guncelleme))
[10:35:05] Uygulama başlatıldı (temiz kurulum (tohumsuz)), pid=23495
Note: No display specified. Defaulting to display: F5E23781-E18A-44FB-978A-4220D9008518 (screenID: 1, name: LCD)
Wrote screenshot to: /Users/runner/work/_temp/sim/tam/11-tanitim.png
[10:35:23] Ekran görüntüsü: 11-tanitim.png (Temiz kurulum: tanıtım ekranı)
[10:35:34] Sonuç: BAŞARILI (ekran görüntüsü: 17, çökme raporu: 0, betik kodu: 0)
