getpwuid_r did not find a match for uid 501
Timestamp               Ty Process[PID:TID]
2026-09-27 11:07:12.165 E  Asist[34773:16648] [com.apple.containermanager:unspecified] container_create_or_lookup_app_group_path_by_app_group_identifier: client is not entitled
2026-09-27 11:07:12.343 E  Asist[34773:1664d] [com.apple.reminderkit:xpc] XPC connection was invalidated
2026-09-27 11:07:12.352 E  Asist[34773:16653] [com.apple.appintents:General] Failed to connect to linkd to request update AppShortcut parameters, error: Yardımcı uygulamayla iletişim kurulamadı.
2026-09-27 11:07:16.437 E  Asist[34773:16648] [com.apple.CFBundle:plugin] AddInstanceForFactory: No factory registered for id <CFUUID 0x107d70480> F8BB1C28-BAE8-11D6-9C31-00039315CD46
2026-09-27 11:07:16.729 E  Asist[34773:16652] [com.apple.reminderkit:xpc] XPC connection was invalidated
2026-09-27 11:08:57.569 E  Asist[36515:17b9e] [com.apple.appintents:General] Failed to connect to linkd to request update AppShortcut parameters, error: Yardımcı uygulamayla iletişim kurulamadı.
2026-09-27 11:08:57.847 E  Asist[36515:17b86] [com.apple.containermanager:unspecified] container_create_or_lookup_app_group_path_by_app_group_identifier: client is not entitled
2026-09-27 11:08:58.181 E  Asist[36515:17ba3] [com.apple.reminderkit:xpc] XPC connection was invalidated
2026-09-27 11:09:02.047 E  Asist[36515:17b86] [com.apple.CFBundle:plugin] AddInstanceForFactory: No factory registered for id <CFUUID 0x1052a3b40> F8BB1C28-BAE8-11D6-9C31-00039315CD46
2026-09-27 11:09:02.199 E  Asist[36515:17ba3] [com.apple.reminderkit:xpc] XPC connection was invalidated
2026-09-27 11:09:18.707 E  Asist[37282:182f6] [com.apple.appintents:General] Failed to connect to linkd to request update AppShortcut parameters, error: Yardımcı uygulamayla iletişim kurulamadı.
2026-09-27 11:09:18.721 E  Asist[37282:182ee] [com.apple.containermanager:unspecified] container_create_or_lookup_app_group_path_by_app_group_identifier: client is not entitled
2026-09-27 11:09:18.813 E  Asist[37282:182f6] [com.apple.reminderkit:xpc] XPC connection was invalidated
2026-09-27 11:09:20.142 E  Asist[37282:182ee] [com.apple.CFBundle:plugin] AddInstanceForFactory: No factory registered for id <CFUUID 0x1036fafc0> F8BB1C28-BAE8-11D6-9C31-00039315CD46
2026-09-27 11:09:20.238 E  Asist[37282:182fc] [com.apple.reminderkit:xpc] XPC connection was invalidated
2026-09-27 11:09:29.597 E  Asist[38088:18a5d] [com.apple.containermanager:unspecified] container_create_or_lookup_app_group_path_by_app_group_identifier: client is not entitled
2026-09-27 11:09:29.635 E  Asist[38088:18a63] [com.apple.appintents:General] Failed to connect to linkd to request update AppShortcut parameters, error: Yardımcı uygulamayla iletişim kurulamadı.
2026-09-27 11:09:29.655 E  Asist[38088:18a61] [com.apple.reminderkit:xpc] XPC connection was invalidated
2026-09-27 11:09:31.692 E  Asist[38088:18a5d] [com.apple.CFBundle:plugin] AddInstanceForFactory: No factory registered for id <CFUUID 0x110bd05e0> F8BB1C28-BAE8-11D6-9C31-00039315CD46
2026-09-27 11:09:31.746 E  Asist[38088:18a67] [com.apple.reminderkit:xpc] XPC connection was invalidated
2026-09-27 11:09:41.714 E  Asist[38490:18f28] [com.apple.containermanager:unspecified] container_create_or_lookup_app_group_path_by_app_group_identifier: client is not entitled
2026-09-27 11:09:41.719 E  Asist[38490:18f2d] [com.apple.appintents:General] Failed to connect to linkd to request update AppShortcut parameters, error: Yardımcı uygulamayla iletişim kurulamadı.
2026-09-27 11:09:41.819 E  Asist[38490:18f2f] [com.apple.reminderkit:xpc] XPC connection was invalidated
2026-09-27 11:09:42.985 E  Asist[38490:18f28] [com.apple.CFBundle:plugin] AddInstanceForFactory: No factory registered for id <CFUUID 0x107ef5f00> F8BB1C28-BAE8-11D6-9C31-00039315CD46
2026-09-27 11:09:43.043 E  Asist[38490:18f30] [com.apple.reminderkit:xpc] XPC connection was invalidated
2026-09-27 11:09:45.564 F  Asist[38490:18f28] [com.apple.runtime-issues:RuntimeIssues] Provided AppIntent does not match an App Shortcut, SiriTipView will not display.
2026-09-27 11:09:51.981 E  Asist[39233:19607] [com.apple.appintents:General] Failed to connect to linkd to request update AppShortcut parameters, error: Yardımcı uygulamayla iletişim kurulamadı.
2026-09-27 11:09:51.987 E  Asist[39233:19600] [com.apple.containermanager:unspecified] container_create_or_lookup_app_group_path_by_app_group_identifier: client is not entitled
2026-09-27 11:09:52.117 E  Asist[39233:1960e] [com.apple.reminderkit:xpc] XPC connection was invalidated
2026-09-27 11:09:53.509 E  Asist[39233:19600] [com.apple.CFBundle:plugin] AddInstanceForFactory: No factory registered for id <CFUUID 0x10a3b37e0> F8BB1C28-BAE8-11D6-9C31-00039315CD46
2026-09-27 11:09:53.580 E  Asist[39233:19609] [com.apple.reminderkit:xpc] XPC connection was invalidated
2026-09-27 11:09:54.319 F  Asist[39233:19600] [com.apple.runtime-issues:SwiftUI] Invalid frame dimension (negative or non-finite).
2026-09-27 11:10:02.137 E  Asist[39542:19978] [com.apple.appintents:General] Failed to connect to linkd to request update AppShortcut parameters, error: Yardımcı uygulamayla iletişim kurulamadı.
2026-09-27 11:10:02.209 E  Asist[39542:19974] [com.apple.containermanager:unspecified] container_create_or_lookup_app_group_path_by_app_group_identifier: client is not entitled
2026-09-27 11:10:02.270 E  Asist[39542:19984] [com.apple.reminderkit:xpc] XPC connection was invalidated
2026-09-27 11:10:02.931 E  Asist[39542:19987] [com.apple.app_launch_measurement:General] Failed to send CA Event for app launch measurements for ca_event_type: 0 event_name: com.apple.app_launch_measurement.FirstFramePresentationMetric
2026-09-27 11:10:03.215 E  Asist[39542:19974] [com.apple.CFBundle:plugin] AddInstanceForFactory: No factory registered for id <CFUUID 0x10a04eb60> F8BB1C28-BAE8-11D6-9C31-00039315CD46
2026-09-27 11:10:03.266 E  Asist[39542:19987] [com.apple.reminderkit:xpc] XPC connection was invalidated
2026-09-27 11:10:03.951 E  Asist[39542:1998d] [com.apple.app_launch_measurement:General] Failed to send CA Event for app launch measurements for ca_event_type: 1 event_name: com.apple.app_launch_measurement.ExtendedLaunchMetrics
2026-09-27 11:10:12.021 E  Asist[40042:19e4b] [com.apple.appintents:General] Failed to connect to linkd to request update AppShortcut parameters, error: Yardımcı uygulamayla iletişim kurulamadı.
2026-09-27 11:10:12.102 E  Asist[40042:19e43] [com.apple.containermanager:unspecified] container_create_or_lookup_app_group_path_by_app_group_identifier: client is not entitled
2026-09-27 11:10:12.171 E  Asist[40042:19e51] [com.apple.reminderkit:xpc] XPC connection was invalidated
2026-09-27 11:10:13.456 E  Asist[40042:19e43] [com.apple.CFBundle:plugin] AddInstanceForFactory: No factory registered for id <CFUUID 0x110ea69a0> F8BB1C28-BAE8-11D6-9C31-00039315CD46
2026-09-27 11:10:13.544 E  Asist[40042:19e47] [com.apple.reminderkit:xpc] XPC connection was invalidated
2026-09-27 11:10:23.331 E  Asist[40549:1a3c5] [com.apple.appintents:General] Failed to connect to linkd to request update AppShortcut parameters, error: Yardımcı uygulamayla iletişim kurulamadı.
2026-09-27 11:10:23.453 E  Asist[40549:1a3b6] [com.apple.containermanager:unspecified] container_create_or_lookup_app_group_path_by_app_group_identifier: client is not entitled
2026-09-27 11:10:23.539 E  Asist[40549:1a3c7] [com.apple.reminderkit:xpc] XPC connection was invalidated
2026-09-27 11:10:24.434 E  Asist[40549:1a3c6] [com.apple.app_launch_measurement:General] Failed to send CA Event for app launch measurements for ca_event_type: 0 event_name: com.apple.app_launch_measurement.FirstFramePresentationMetric
2026-09-27 11:10:24.868 E  Asist[40549:1a3b6] [com.apple.CFBundle:plugin] AddInstanceForFactory: No factory registered for id <CFUUID 0x1067afce0> F8BB1C28-BAE8-11D6-9C31-00039315CD46
2026-09-27 11:10:24.956 E  Asist[40549:1a3c6] [com.apple.reminderkit:xpc] XPC connection was invalidated
2026-09-27 11:10:25.415 E  Asist[40549:1a3c6] [com.apple.app_launch_measurement:General] Failed to send CA Event for app launch measurements for ca_event_type: 1 event_name: com.apple.app_launch_measurement.ExtendedLaunchMetrics
2026-09-27 11:10:28.303 E  Asist[40549:1a3cd] [com.apple.TextInputUI:CandidateGeneration] Result accumulator timeout: 0.250000, exceeded.
2026-09-27 11:10:28.563 E  Asist[40549:1a3cc] [com.apple.TextInputUI:CandidateGeneration] Attempted to update accumulator from source type: 0, after completion has already been called for token:[5DB0A6A7]. This is an error and will be ignored.
2026-09-27 11:10:38.102 E  Asist[40871:1a787] [com.apple.containermanager:unspecified] container_create_or_lookup_app_group_path_by_app_group_identifier: client is not entitled
2026-09-27 11:10:38.212 E  Asist[40871:1a78d] [com.apple.reminderkit:xpc] XPC connection was invalidated
2026-09-27 11:10:38.218 E  Asist[40871:1a78d] [com.apple.appintents:General] Failed to connect to linkd to request update AppShortcut parameters, error: Yardımcı uygulamayla iletişim kurulamadı.
2026-09-27 11:10:39.493 E  Asist[40871:1a787] [com.apple.CFBundle:plugin] AddInstanceForFactory: No factory registered for id <CFUUID 0x1137c01a0> F8BB1C28-BAE8-11D6-9C31-00039315CD46
2026-09-27 11:10:39.559 E  Asist[40871:1a78c] [com.apple.reminderkit:xpc] XPC connection was invalidated
2026-09-27 11:10:50.429 E  Asist[41807:1b051] [com.apple.appintents:General] Failed to connect to linkd to request update AppShortcut parameters, error: Yardımcı uygulamayla iletişim kurulamadı.
2026-09-27 11:10:50.591 E  Asist[41807:1b04d] [com.apple.containermanager:unspecified] container_create_or_lookup_app_group_path_by_app_group_identifier: client is not entitled
2026-09-27 11:10:50.661 E  Asist[41807:1b055] [com.apple.reminderkit:xpc] XPC connection was invalidated
2026-09-27 11:10:51.880 E  Asist[41807:1b04d] [com.apple.CFBundle:plugin] AddInstanceForFactory: No factory registered for id <CFUUID 0x1139e6200> F8BB1C28-BAE8-11D6-9C31-00039315CD46
2026-09-27 11:10:51.951 E  Asist[41807:1b052] [com.apple.reminderkit:xpc] XPC connection was invalidated
2026-09-27 11:11:02.360 E  Asist[42101:1b3a6] [com.apple.containermanager:unspecified] container_create_or_lookup_app_group_path_by_app_group_identifier: client is not entitled
2026-09-27 11:11:02.445 E  Asist[42101:1b3ae] [com.apple.appintents:General] Failed to connect to linkd to request update AppShortcut parameters, error: Yardımcı uygulamayla iletişim kurulamadı.
2026-09-27 11:11:02.448 E  Asist[42101:1b3ae] [com.apple.reminderkit:xpc] XPC connection was invalidated
2026-09-27 11:11:03.928 E  Asist[42101:1b3a6] [com.apple.CFBundle:plugin] AddInstanceForFactory: No factory registered for id <CFUUID 0x1137eb140> F8BB1C28-BAE8-11D6-9C31-00039315CD46
2026-09-27 11:11:04.046 E  Asist[42101:1b3b1] [com.apple.reminderkit:xpc] XPC connection was invalidated
2026-09-27 11:11:15.369 E  Asist[42843:1baa7] [com.apple.appintents:General] Failed to connect to linkd to request update AppShortcut parameters, error: Yardımcı uygulamayla iletişim kurulamadı.
2026-09-27 11:11:15.548 E  Asist[42843:1baa4] [com.apple.containermanager:unspecified] container_create_or_lookup_app_group_path_by_app_group_identifier: client is not entitled
2026-09-27 11:11:15.618 E  Asist[42843:1baa9] [com.apple.reminderkit:xpc] XPC connection was invalidated
2026-09-27 11:11:17.046 E  Asist[42843:1baa4] [com.apple.CFBundle:plugin] AddInstanceForFactory: No factory registered for id <CFUUID 0x10a20e1e0> F8BB1C28-BAE8-11D6-9C31-00039315CD46
2026-09-27 11:11:17.121 E  Asist[42843:1baaa] [com.apple.reminderkit:xpc] XPC connection was invalidated
2026-09-27 11:11:27.122 E  Asist[42924:1bce2] [com.apple.appintents:General] Failed to connect to linkd to request update AppShortcut parameters, error: Yardımcı uygulamayla iletişim kurulamadı.
2026-09-27 11:11:27.317 E  Asist[42924:1bcdf] [com.apple.containermanager:unspecified] container_create_or_lookup_app_group_path_by_app_group_identifier: client is not entitled
2026-09-27 11:11:27.378 E  Asist[42924:1bce9] [com.apple.reminderkit:xpc] XPC connection was invalidated
2026-09-27 11:11:28.465 E  Asist[42924:1bcdf] [com.apple.CFBundle:plugin] AddInstanceForFactory: No factory registered for id <CFUUID 0x11158a760> F8BB1C28-BAE8-11D6-9C31-00039315CD46
2026-09-27 11:11:28.541 E  Asist[42924:1bce4] [com.apple.reminderkit:xpc] XPC connection was invalidated
2026-09-27 11:11:28.808 E  Asist[42924:1bce5] [com.apple.reminderkit:xpc] XPC connection was invalidated
2026-09-27 11:11:45.381 E  Asist[43392:1c1d2] [com.apple.appintents:General] Failed to connect to linkd to request update AppShortcut parameters, error: Yardımcı uygulamayla iletişim kurulamadı.
2026-09-27 11:11:45.492 E  Asist[43392:1c1c9] [com.apple.containermanager:unspecified] container_create_or_lookup_app_group_path_by_app_group_identifier: client is not entitled
2026-09-27 11:11:45.579 E  Asist[43392:1c1d8] [com.apple.reminderkit:xpc] XPC connection was invalidated
2026-09-27 11:11:46.761 E  Asist[43392:1c1c9] [com.apple.CFBundle:plugin] AddInstanceForFactory: No factory registered for id <CFUUID 0x1085f8d60> F8BB1C28-BAE8-11D6-9C31-00039315CD46
2026-09-27 11:11:46.831 E  Asist[43392:1c1d2] [com.apple.reminderkit:xpc] XPC connection was invalidated
2026-09-27 11:12:29.602 E  Asist[44753:1d017] [com.apple.containermanager:unspecified] container_create_or_lookup_app_group_path_by_app_group_identifier: client is not entitled
2026-09-27 11:12:29.663 E  Asist[44753:1d01e] [com.apple.appintents:General] Failed to connect to linkd to request update AppShortcut parameters, error: Yardımcı uygulamayla iletişim kurulamadı.
2026-09-27 11:12:29.693 E  Asist[44753:1d01e] [com.apple.reminderkit:xpc] XPC connection was invalidated
2026-09-27 11:12:31.070 E  Asist[44753:1d01e] [com.apple.reminderkit:xpc] XPC connection was invalidated
