getpwuid_r did not find a match for uid 501
Timestamp               Ty Process[PID:TID]
2026-09-27 11:08:57.156 Df launchd_sim[25853:16b2e] [com.gokhanbudak.asist.widgets:] Unknown key for Boolean: EnableTransactions
2026-09-27 11:08:57.157 Df launchd_sim[25853:16b2e] [com.gokhanbudak.asist.widgets:] setting launch watchdog timeout to 0 secs from overlay
2026-09-27 11:08:57.157 Df launchd_sim[25853:16b2e] [com.gokhanbudak.asist.widgets:] Unknown key for Boolean: EnablePressuredExit
2026-09-27 11:11:15.468 I  Asist[42843:1baa4] [com.gokhanbudak.asist:app] embedded.mobileprovision okunamadı (imzasız/ad-hoc kurulum): imza uyarıları planlanmaz
2026-09-27 11:11:15.539 I  Asist[42843:1baa4] [com.gokhanbudak.asist:store] Veri yüklendi: kaynak=ana dosya, kayıt=18, proje=3, şema=1, writerBuild=6, build=6, temizlenen=0, sorun=yok
2026-09-27 11:11:15.549 I  Asist[42843:1baa4] [com.gokhanbudak.asist:widget] Widget veri paylaşımı kapalı (App Group yok); widget'lar yalnız Asist'i açar.
2026-09-27 11:11:16.915 I  Asist[42843:1baa4] [com.gokhanbudak.asist:notif] reconcile active: bildirim izni yok, planlama yapılmadı
2026-09-27 11:11:17.119 I  Asist[42843:1baa4] [com.gokhanbudak.asist:voice] Ses kısma ×2 tetikleyicisi hazır
2026-09-27 11:11:17.519 I  Asist[42843:1baa4] [com.gokhanbudak.asist:notif] reconcile data.all+launch: bildirim izni yok, planlama yapılmadı
2026-09-27 11:11:27.236 I  Asist[42924:1bcdf] [com.gokhanbudak.asist:app] embedded.mobileprovision okunamadı (imzasız/ad-hoc kurulum): imza uyarıları planlanmaz
2026-09-27 11:11:27.305 I  Asist[42924:1bcdf] [com.gokhanbudak.asist:store] Veri yüklendi: kaynak=ana dosya, kayıt=18, proje=3, şema=1, writerBuild=6, build=6, temizlenen=0, sorun=yok
2026-09-27 11:11:27.317 I  Asist[42924:1bcdf] [com.gokhanbudak.asist:widget] Widget veri paylaşımı kapalı (App Group yok); widget'lar yalnız Asist'i açar.
2026-09-27 11:11:28.356 I  Asist[42924:1bcdf] [com.gokhanbudak.asist:notif] reconcile active: bildirim izni yok, planlama yapılmadı
2026-09-27 11:11:28.537 I  Asist[42924:1bcdf] [com.gokhanbudak.asist:voice] Ses kısma ×2 tetikleyicisi hazır
2026-09-27 11:11:28.986 I  Asist[42924:1bcdf] [com.gokhanbudak.asist:notif] reconcile data.all+launch: bildirim izni yok, planlama yapılmadı
2026-09-27 11:11:45.422 I  Asist[43392:1c1c9] [com.gokhanbudak.asist:app] embedded.mobileprovision okunamadı (imzasız/ad-hoc kurulum): imza uyarıları planlanmaz
2026-09-27 11:11:45.472 I  Asist[43392:1c1c9] [com.gokhanbudak.asist:store] Veri yüklendi: kaynak=ana dosya, kayıt=18, proje=3, şema=1, writerBuild=6, build=6, temizlenen=0, sorun=yok
2026-09-27 11:11:45.492 I  Asist[43392:1c1c9] [com.gokhanbudak.asist:widget] Widget veri paylaşımı kapalı (App Group yok); widget'lar yalnız Asist'i açar.
2026-09-27 11:11:46.649 I  Asist[43392:1c1c9] [com.gokhanbudak.asist:notif] reconcile active: bildirim izni yok, planlama yapılmadı
2026-09-27 11:11:46.826 I  Asist[43392:1c1c9] [com.gokhanbudak.asist:voice] Ses kısma ×2 tetikleyicisi hazır
2026-09-27 11:11:47.319 I  Asist[43392:1c1c9] [com.gokhanbudak.asist:notif] reconcile data.all+launch: bildirim izni yok, planlama yapılmadı
2026-09-27 11:12:29.574 I  Asist[44753:1d017] [com.gokhanbudak.asist:app] embedded.mobileprovision okunamadı (imzasız/ad-hoc kurulum): imza uyarıları planlanmaz
2026-09-27 11:12:29.585 I  Asist[44753:1d017] [com.gokhanbudak.asist:store] Veri yüklendi: kaynak=ilk açılış, kayıt=0, proje=0, şema=1, writerBuild=0, build=6, temizlenen=0, sorun=yok
2026-09-27 11:12:29.602 I  Asist[44753:1d017] [com.gokhanbudak.asist:widget] Widget veri paylaşımı kapalı (App Group yok); widget'lar yalnız Asist'i açar.
2026-09-27 11:12:29.764 Df launchd_sim[25853:1ce92] [com.gokhanbudak.asist.widgets:] Unknown key for Boolean: EnableTransactions
2026-09-27 11:12:29.764 Df launchd_sim[25853:1ce92] [com.gokhanbudak.asist.widgets:] setting launch watchdog timeout to 0 secs from overlay
2026-09-27 11:12:29.764 Df launchd_sim[25853:1ce92] [com.gokhanbudak.asist.widgets:] Unknown key for Boolean: EnablePressuredExit
2026-09-27 11:12:30.987 I  Asist[44753:1d017] [com.gokhanbudak.asist:notif] reconcile active: bildirim izni yok, planlama yapılmadı
2026-09-27 11:12:31.392 I  Asist[44753:1d017] [com.gokhanbudak.asist:notif] reconcile data.all+launch: bildirim izni yok, planlama yapılmadı
2026-09-27 11:12:31.979 I  Asist[44753:1d017] [com.gokhanbudak.asist:app] Güncelleme kontrolü: yayınlanan 5, yüklü 6
