[11:01:31] Başlangıç: 2026-09-27 11:01:31 UTC, Mac saat dilimi: UTC
[11:01:31] Widget uzantısı: var (PlugIns/AsistWidgets.appex)
[11:01:34] Seçim: CREATE	com.apple.CoreSimulator.SimDeviceType.iPhone-14-Pro-Max	com.apple.CoreSimulator.SimRuntime.iOS-26-5	iPhone 14 Pro Max	iOS 26.5	841190F6-F927-4F0D-B152-62A06B4040CA
[11:01:34] Simülatör oluşturuldu: iPhone 14 Pro Max (95E3EF3B-761B-4445-A143-E7D7D45CCE27)
[11:01:34] Simülatör: iPhone 14 Pro Max — iOS 26.5 (udid 95E3EF3B-761B-4445-A143-E7D7D45CCE27)
[11:01:39] AsistSeed derleniyor (swift build)…
[11:04:14] AsistSeed hazır: /Users/runner/work/Asist/Asist/Packages/AsistCore/.build/arm64-apple-macosx/debug/AsistSeed
Monitoring boot status for Asist Duman (95E3EF3B-761B-4445-A143-E7D7D45CCE27).
[2026-09-27 11:04:16 +0000] Status=2, isTerminal=NO, Elapsed=02:40.
	Waiting on Data Migration
		Reason:Running plugin com.apple.locationd.migrator (CoreLocationMigrator.migrator)
		Migration Elapsed:02:26 seconds

[2026-09-27 11:04:17 +0000] Status=2, isTerminal=NO, Elapsed=02:41.
	Waiting on Data Migration
		Reason:Running plugin com.apple.locationd.migrator (CoreLocationMigrator.migrator)
		Migration Elapsed:02:27 seconds

[2026-09-27 11:04:18 +0000] Status=2, isTerminal=NO, Elapsed=02:42.
	Waiting on Data Migration
		Reason:Running plugin com.apple.locationd.migrator (CoreLocationMigrator.migrator)
		Migration Elapsed:02:28 seconds

[2026-09-27 11:04:19 +0000] Status=2, isTerminal=NO, Elapsed=02:43.
	Waiting on Data Migration
		Reason:Running plugin com.apple.locationd.migrator (CoreLocationMigrator.migrator)
		Migration Elapsed:02:29 seconds

[2026-09-27 11:04:20 +0000] Status=2, isTerminal=NO, Elapsed=02:44.
	Waiting on Data Migration
		Reason:Running plugin com.apple.locationd.migrator (CoreLocationMigrator.migrator)
		Migration Elapsed:02:30 seconds

[2026-09-27 11:04:21 +0000] Status=2, isTerminal=NO, Elapsed=02:45.
	Waiting on Data Migration
		Reason:Running plugin com.apple.locationd.migrator (CoreLocationMigrator.migrator)
		Migration Elapsed:02:31 seconds

[2026-09-27 11:04:22 +0000] Status=2, isTerminal=NO, Elapsed=02:46.
	Waiting on Data Migration
		Reason:Running plugin com.apple.locationd.migrator (CoreLocationMigrator.migrator)
		Migration Elapsed:02:32 seconds

[2026-09-27 11:04:24 +0000] Status=2, isTerminal=NO, Elapsed=02:48.
	Waiting on Data Migration
		Reason:Running plugin com.apple.locationd.migrator (CoreLocationMigrator.migrator)
		Migration Elapsed:02:33 seconds

[2026-09-27 11:04:24 +0000] Status=2, isTerminal=NO, Elapsed=02:48.
	Waiting on Data Migration
		Reason:Running plugin com.apple.locationd.migrator (CoreLocationMigrator.migrator)
		Migration Elapsed:02:34 seconds

[2026-09-27 11:04:25 +0000] Status=2, isTerminal=NO, Elapsed=02:49.
	Waiting on Data Migration
		Reason:Running plugin com.apple.locationd.migrator (CoreLocationMigrator.migrator)
		Migration Elapsed:02:35 seconds

[2026-09-27 11:04:26 +0000] Status=2, isTerminal=NO, Elapsed=02:50.
	Waiting on Data Migration
		Reason:Running plugin com.apple.locationd.migrator (CoreLocationMigrator.migrator)
		Migration Elapsed:02:36 seconds

[2026-09-27 11:04:27 +0000] Status=2, isTerminal=NO, Elapsed=02:51.
	Waiting on Data Migration
		Reason:Running plugin com.apple.locationd.migrator (CoreLocationMigrator.migrator)
		Migration Elapsed:02:37 seconds

[2026-09-27 11:04:28 +0000] Status=2, isTerminal=NO, Elapsed=02:52.
	Waiting on Data Migration
		Reason:Running plugin com.apple.locationd.migrator (CoreLocationMigrator.migrator)
		Migration Elapsed:02:38 seconds

[2026-09-27 11:04:29 +0000] Status=2, isTerminal=NO, Elapsed=02:53.
	Waiting on Data Migration
		Reason:Running plugin com.apple.locationd.migrator (CoreLocationMigrator.migrator)
		Migration Elapsed:02:39 seconds

[2026-09-27 11:04:30 +0000] Status=2, isTerminal=NO, Elapsed=02:54.
	Waiting on Data Migration
		Reason:Running plugin com.apple.locationd.migrator (CoreLocationMigrator.migrator)
		Migration Elapsed:02:40 seconds

[2026-09-27 11:04:31 +0000] Status=2, isTerminal=NO, Elapsed=02:55.
	Waiting on Data Migration
		Reason:Running plugin com.apple.locationd.migrator (CoreLocationMigrator.migrator)
		Migration Elapsed:02:41 seconds

[2026-09-27 11:04:32 +0000] Status=2, isTerminal=NO, Elapsed=02:56.
	Waiting on Data Migration
		Reason:Running plugin com.apple.locationd.migrator (CoreLocationMigrator.migrator)
		Migration Elapsed:02:42 seconds

[2026-09-27 11:04:33 +0000] Status=2, isTerminal=NO, Elapsed=02:57.
	Waiting on Data Migration
		Reason:Running plugin com.apple.locationd.migrator (CoreLocationMigrator.migrator)
		Migration Elapsed:02:43 seconds

[2026-09-27 11:04:34 +0000] Status=2, isTerminal=NO, Elapsed=02:58.
	Waiting on Data Migration
		Reason:Running plugin com.apple.locationd.migrator (CoreLocationMigrator.migrator)
		Migration Elapsed:02:44 seconds

[2026-09-27 11:04:35 +0000] Status=2, isTerminal=NO, Elapsed=02:59.
	Waiting on Data Migration
		Reason:Running plugin com.apple.locationd.migrator (CoreLocationMigrator.migrator)
		Migration Elapsed:02:45 seconds

[2026-09-27 11:04:39 +0000] Status=2, isTerminal=NO, Elapsed=03:03.
	Waiting on Data Migration
		Reason:Running plugin com.apple.locationd.migrator (CoreLocationMigrator.migrator)
		Migration Elapsed:02:47 seconds

[2026-09-27 11:04:41 +0000] Status=2, isTerminal=NO, Elapsed=03:05.
	Waiting on Data Migration
		Reason:Running plugin com.apple.locationd.migrator (CoreLocationMigrator.migrator)
		Migration Elapsed:02:49 seconds

[2026-09-27 11:04:43 +0000] Status=2, isTerminal=NO, Elapsed=03:07.
	Waiting on Data Migration
		Reason:Running plugin com.apple.locationd.migrator (CoreLocationMigrator.migrator)
		Migration Elapsed:02:51 seconds

[2026-09-27 11:04:45 +0000] Status=2, isTerminal=NO, Elapsed=03:09.
	Waiting on Data Migration
		Reason:Running plugin com.apple.CloudTabsMigrator.migrator (CloudTabsMigrator.migrator)
		Migration Elapsed:02:53 seconds

[2026-09-27 11:04:47 +0000] Status=2, isTerminal=NO, Elapsed=03:11.
	Waiting on Data Migration
		Reason:Running plugin com.apple.PreferencesMigrator (PreferencesMigrator.migrator)
		Migration Elapsed:02:55 seconds

[2026-09-27 11:04:48 +0000] Status=4, isTerminal=NO, Elapsed=03:12.
	Waiting on System App

[2026-09-27 11:04:49 +0000] Status=4, isTerminal=NO, Elapsed=03:13.
	Waiting on System App

[2026-09-27 11:04:49 +0000] Status=4, isTerminal=NO, Elapsed=03:13.
	Waiting on System App

[2026-09-27 11:04:49 +0000] Status=4, isTerminal=NO, Elapsed=03:13.
	Waiting on System App

[2026-09-27 11:04:50 +0000] Status=4, isTerminal=NO, Elapsed=03:14.
	Waiting on System App

[2026-09-27 11:04:51 +0000] Status=4, isTerminal=NO, Elapsed=03:15.
	Waiting on System App

[2026-09-27 11:04:52 +0000] Status=4, isTerminal=NO, Elapsed=03:16.
	Waiting on System App

[2026-09-27 11:04:54 +0000] Status=4, isTerminal=NO, Elapsed=03:18.
	Waiting on System App

[2026-09-27 11:04:58 +0000] Status=4, isTerminal=NO, Elapsed=03:22.
	Waiting on System App

[2026-09-27 11:04:59 +0000] Status=4294967295, isTerminal=YES, Elapsed=03:23.
	Finished

[11:05:02] Simülatör açıldı
[11:05:47] AsistSeed çalışıyor: --now 2026-09-27T11:05:47Z (Mac saat dilimi: UTC)
[11:05:57] Tohum: 18 satır, ayrıntı kaydı: 5EED0001-0000-4000-8000-000000000014
[11:05:59] Tohum verisi kopyalandı: /Users/runner/Library/Developer/CoreSimulator/Devices/95E3EF3B-761B-4445-A143-E7D7D45CCE27/data/Containers/Data/Application/5820EDE0-C248-415D-8198-E076DCD2320A/Library/Application Support/Asist/asist-data.json
[11:05:59] Tohum verisi yüklendi
[11:07:26] Uygulama başlatıldı (tohumlu ilk açılış), pid=34773
Note: No display specified. Defaulting to display: ABCBF5BD-C55E-43A7-8EEF-579BDA09A4C4 (screenID: 1, name: LCD)
Wrote screenshot to: /Users/runner/work/_temp/sim/tam/01-bugun.png
[11:08:26] Ekran görüntüsü: 01-bugun.png (Bugün (açık tema))
Note: No display specified. Defaulting to display: ABCBF5BD-C55E-43A7-8EEF-579BDA09A4C4 (screenID: 1, name: LCD)
Wrote screenshot to: /Users/runner/work/_temp/sim/tam/02-bugun-karanlik.png
[11:08:45] Ekran görüntüsü: 02-bugun-karanlik.png (Bugün (karanlık tema))
[11:08:54] Bağlantı (başlatma argümanı): asist://sekme/listeler
[11:08:57] Uygulama başlatıldı (03-listeler), pid=36515
Note: No display specified. Defaulting to display: ABCBF5BD-C55E-43A7-8EEF-579BDA09A4C4 (screenID: 1, name: LCD)
Wrote screenshot to: /Users/runner/work/_temp/sim/tam/03-listeler.png
[11:09:16] Ekran görüntüsü: 03-listeler.png (Listeler sekmesi (asist://sekme/listeler))
[11:09:16] Bağlantı (başlatma argümanı): asist://sekme/projeler
[11:09:19] Uygulama başlatıldı (04-projeler), pid=37282
Note: No display specified. Defaulting to display: ABCBF5BD-C55E-43A7-8EEF-579BDA09A4C4 (screenID: 1, name: LCD)
Wrote screenshot to: /Users/runner/work/_temp/sim/tam/04-projeler.png
[11:09:27] Ekran görüntüsü: 04-projeler.png (Projeler sekmesi (asist://sekme/projeler))
[11:09:27] Bağlantı (başlatma argümanı): asist://sekme/ayarlar
[11:09:30] Uygulama başlatıldı (05-ayarlar), pid=38088
Note: No display specified. Defaulting to display: ABCBF5BD-C55E-43A7-8EEF-579BDA09A4C4 (screenID: 1, name: LCD)
Wrote screenshot to: /Users/runner/work/_temp/sim/tam/05-ayarlar.png
[11:09:39] Ekran görüntüsü: 05-ayarlar.png (Ayarlar sekmesi (asist://sekme/ayarlar))
[11:09:39] Bağlantı (başlatma argümanı): asist://ayarlar/tetikleyiciler
[11:09:42] Uygulama başlatıldı (06-ayarlar-tetikleyiciler), pid=38490
Note: No display specified. Defaulting to display: ABCBF5BD-C55E-43A7-8EEF-579BDA09A4C4 (screenID: 1, name: LCD)
Wrote screenshot to: /Users/runner/work/_temp/sim/tam/06-ayarlar-tetikleyiciler.png
[11:09:50] Ekran görüntüsü: 06-ayarlar-tetikleyiciler.png (Ayarlar › Tetikleyiciler)
[11:09:50] Bağlantı (başlatma argümanı): asist://kayit/5EED0001-0000-4000-8000-000000000014
[11:09:52] Uygulama başlatıldı (07-kayit-detay), pid=39233
Note: No display specified. Defaulting to display: ABCBF5BD-C55E-43A7-8EEF-579BDA09A4C4 (screenID: 1, name: LCD)
Wrote screenshot to: /Users/runner/work/_temp/sim/tam/07-kayit-detay.png
[11:10:00] Ekran görüntüsü: 07-kayit-detay.png (Kayıt ayrıntısı (asist://kayit/5EED0001-0000-4000-8000-000000000014))
[11:10:00] Bağlantı (başlatma argümanı): asist://kayit/5EED0001-0000-4000-8000-000000000014?eylem=duzenle
[11:10:02] Uygulama başlatıldı (07a-kayit-duzenle), pid=39542
Note: No display specified. Defaulting to display: ABCBF5BD-C55E-43A7-8EEF-579BDA09A4C4 (screenID: 1, name: LCD)
Wrote screenshot to: /Users/runner/work/_temp/sim/tam/07a-kayit-duzenle.png
[11:10:10] Ekran görüntüsü: 07a-kayit-duzenle.png (Düzenle sayfası (asist://kayit/…?eylem=duzenle))
[11:10:10] Bağlantı (başlatma argümanı): asist://gunsonu
[11:10:12] Uygulama başlatıldı (08-gun-sonu), pid=40042
Note: No display specified. Defaulting to display: ABCBF5BD-C55E-43A7-8EEF-579BDA09A4C4 (screenID: 1, name: LCD)
Wrote screenshot to: /Users/runner/work/_temp/sim/tam/08-gun-sonu.png
[11:10:21] Ekran görüntüsü: 08-gun-sonu.png (Gün sonu (asist://gunsonu))
[11:10:21] Bağlantı (başlatma argümanı): asist://yaz
[11:10:24] Uygulama başlatıldı (09-yaz), pid=40549
Note: No display specified. Defaulting to display: ABCBF5BD-C55E-43A7-8EEF-579BDA09A4C4 (screenID: 1, name: LCD)
Wrote screenshot to: /Users/runner/work/_temp/sim/tam/09-yaz.png
[11:10:36] Ekran görüntüsü: 09-yaz.png (Yaz sayfası (asist://yaz))
[11:10:36] Bağlantı (başlatma argümanı): asist://sekme/bugun
[11:10:38] Uygulama başlatıldı (10-bugun-sekme), pid=40871
Note: No display specified. Defaulting to display: ABCBF5BD-C55E-43A7-8EEF-579BDA09A4C4 (screenID: 1, name: LCD)
Wrote screenshot to: /Users/runner/work/_temp/sim/tam/10-bugun-sekme.png
[11:10:48] Ekran görüntüsü: 10-bugun-sekme.png (asist://sekme/bugun (sayfa kapanır, Bugün kökü))
[11:10:48] Bağlantı (başlatma argümanı): asist://ekran/haftalik-rapor
[11:10:51] Uygulama başlatıldı (10a-haftalik-rapor), pid=41807
Note: No display specified. Defaulting to display: ABCBF5BD-C55E-43A7-8EEF-579BDA09A4C4 (screenID: 1, name: LCD)
Wrote screenshot to: /Users/runner/work/_temp/sim/tam/10a-haftalik-rapor.png
[11:11:00] Ekran görüntüsü: 10a-haftalik-rapor.png (Haftalık rapor (asist://ekran/haftalik-rapor))
[11:11:00] Bağlantı (başlatma argümanı): asist://ekran/kisiler
[11:11:03] Uygulama başlatıldı (10b-kisiler), pid=42101
Note: No display specified. Defaulting to display: ABCBF5BD-C55E-43A7-8EEF-579BDA09A4C4 (screenID: 1, name: LCD)
Wrote screenshot to: /Users/runner/work/_temp/sim/tam/10b-kisiler.png
[11:11:14] Ekran görüntüsü: 10b-kisiler.png (Kişiler (asist://ekran/kisiler))
[11:11:14] Bağlantı (başlatma argümanı): asist://ekran/konumlar
[11:11:15] Uygulama başlatıldı (10c-konumlar), pid=42843
Note: No display specified. Defaulting to display: ABCBF5BD-C55E-43A7-8EEF-579BDA09A4C4 (screenID: 1, name: LCD)
Wrote screenshot to: /Users/runner/work/_temp/sim/tam/10c-konumlar.png
[11:11:25] Ekran görüntüsü: 10c-konumlar.png (Ayarlar › Konumlar (asist://ekran/konumlar))
[11:11:25] Bağlantı (başlatma argümanı): asist://ekran/takvim
[11:11:27] Uygulama başlatıldı (10d-takvim), pid=42924
Note: No display specified. Defaulting to display: ABCBF5BD-C55E-43A7-8EEF-579BDA09A4C4 (screenID: 1, name: LCD)
Wrote screenshot to: /Users/runner/work/_temp/sim/tam/10d-takvim.png
[11:11:43] Ekran görüntüsü: 10d-takvim.png (Ayarlar › Takvim (asist://ekran/takvim))
[11:11:43] Bağlantı (başlatma argümanı): asist://ekran/guncelleme
[11:11:46] Uygulama başlatıldı (10e-guncelleme), pid=43392
Note: No display specified. Defaulting to display: ABCBF5BD-C55E-43A7-8EEF-579BDA09A4C4 (screenID: 1, name: LCD)
Wrote screenshot to: /Users/runner/work/_temp/sim/tam/10e-guncelleme.png
[11:12:16] Ekran görüntüsü: 10e-guncelleme.png (Ayarlar › Güncelleme (asist://ekran/guncelleme))
[11:12:33] Uygulama başlatıldı (temiz kurulum (tohumsuz)), pid=44753
Note: No display specified. Defaulting to display: ABCBF5BD-C55E-43A7-8EEF-579BDA09A4C4 (screenID: 1, name: LCD)
Wrote screenshot to: /Users/runner/work/_temp/sim/tam/11-tanitim.png
[11:12:51] Ekran görüntüsü: 11-tanitim.png (Temiz kurulum: tanıtım ekranı)
[11:13:02] Sonuç: BAŞARILI (ekran görüntüsü: 17, çökme raporu: 0, betik kodu: 0)
