[08:04:40] Başlangıç: 2026-09-27 08:04:40 UTC, Mac saat dilimi: UTC
[08:04:42] Seçim: CREATE	com.apple.CoreSimulator.SimDeviceType.iPhone-14-Pro-Max	com.apple.CoreSimulator.SimRuntime.iOS-26-5	iPhone 14 Pro Max	iOS 26.5	841190F6-F927-4F0D-B152-62A06B4040CA
[08:04:42] Simülatör oluşturuldu: iPhone 14 Pro Max (7216FA45-3AD9-4EF4-A56D-3CCCCF4CFAD1)
[08:04:42] Simülatör: iPhone 14 Pro Max — iOS 26.5 (udid 7216FA45-3AD9-4EF4-A56D-3CCCCF4CFAD1)
[08:04:46] AsistSeed derleniyor (swift build)…
[08:07:02] AsistSeed hazır: /Users/runner/work/Asist/Asist/Packages/AsistCore/.build/arm64-apple-macosx/debug/AsistSeed
Monitoring boot status for Asist Duman (7216FA45-3AD9-4EF4-A56D-3CCCCF4CFAD1).
[2026-09-27 08:07:04 +0000] Status=2, isTerminal=NO, Elapsed=02:20.
	Waiting on Data Migration
		Reason:Running plugin com.apple.locationd.migrator (CoreLocationMigrator.migrator)
		Migration Elapsed:02:12 seconds

[2026-09-27 08:07:05 +0000] Status=2, isTerminal=NO, Elapsed=02:21.
	Waiting on Data Migration
		Reason:Running plugin com.apple.locationd.migrator (CoreLocationMigrator.migrator)
		Migration Elapsed:02:13 seconds

[2026-09-27 08:07:06 +0000] Status=2, isTerminal=NO, Elapsed=02:22.
	Waiting on Data Migration
		Reason:Running plugin com.apple.locationd.migrator (CoreLocationMigrator.migrator)
		Migration Elapsed:02:14 seconds

[2026-09-27 08:07:07 +0000] Status=2, isTerminal=NO, Elapsed=02:23.
	Waiting on Data Migration
		Reason:Running plugin com.apple.locationd.migrator (CoreLocationMigrator.migrator)
		Migration Elapsed:02:15 seconds

[2026-09-27 08:07:08 +0000] Status=2, isTerminal=NO, Elapsed=02:24.
	Waiting on Data Migration
		Reason:Running plugin com.apple.locationd.migrator (CoreLocationMigrator.migrator)
		Migration Elapsed:02:16 seconds

[2026-09-27 08:07:09 +0000] Status=2, isTerminal=NO, Elapsed=02:25.
	Waiting on Data Migration
		Reason:Running plugin com.apple.locationd.migrator (CoreLocationMigrator.migrator)
		Migration Elapsed:02:17 seconds

[2026-09-27 08:07:10 +0000] Status=2, isTerminal=NO, Elapsed=02:26.
	Waiting on Data Migration
		Reason:Running plugin com.apple.locationd.migrator (CoreLocationMigrator.migrator)
		Migration Elapsed:02:18 seconds

[2026-09-27 08:07:11 +0000] Status=2, isTerminal=NO, Elapsed=02:27.
	Waiting on Data Migration
		Reason:Running plugin com.apple.locationd.migrator (CoreLocationMigrator.migrator)
		Migration Elapsed:02:19 seconds

[2026-09-27 08:07:12 +0000] Status=2, isTerminal=NO, Elapsed=02:28.
	Waiting on Data Migration
		Reason:Running plugin com.apple.locationd.migrator (CoreLocationMigrator.migrator)
		Migration Elapsed:02:20 seconds

[2026-09-27 08:07:13 +0000] Status=2, isTerminal=NO, Elapsed=02:29.
	Waiting on Data Migration
		Reason:Running plugin com.apple.locationd.migrator (CoreLocationMigrator.migrator)
		Migration Elapsed:02:21 seconds

[2026-09-27 08:07:14 +0000] Status=2, isTerminal=NO, Elapsed=02:30.
	Waiting on Data Migration
		Reason:Running plugin com.apple.locationd.migrator (CoreLocationMigrator.migrator)
		Migration Elapsed:02:22 seconds

[2026-09-27 08:07:15 +0000] Status=2, isTerminal=NO, Elapsed=02:31.
	Waiting on Data Migration
		Reason:Running plugin com.apple.locationd.migrator (CoreLocationMigrator.migrator)
		Migration Elapsed:02:23 seconds

[2026-09-27 08:07:16 +0000] Status=2, isTerminal=NO, Elapsed=02:32.
	Waiting on Data Migration
		Reason:Running plugin com.apple.locationd.migrator (CoreLocationMigrator.migrator)
		Migration Elapsed:02:24 seconds

[2026-09-27 08:07:17 +0000] Status=2, isTerminal=NO, Elapsed=02:33.
	Waiting on Data Migration
		Reason:Running plugin com.apple.locationd.migrator (CoreLocationMigrator.migrator)
		Migration Elapsed:02:25 seconds

[2026-09-27 08:07:18 +0000] Status=2, isTerminal=NO, Elapsed=02:34.
	Waiting on Data Migration
		Reason:Running plugin com.apple.locationd.migrator (CoreLocationMigrator.migrator)
		Migration Elapsed:02:26 seconds

[2026-09-27 08:07:19 +0000] Status=2, isTerminal=NO, Elapsed=02:35.
	Waiting on Data Migration
		Reason:Running plugin com.apple.locationd.migrator (CoreLocationMigrator.migrator)
		Migration Elapsed:02:27 seconds

[2026-09-27 08:07:20 +0000] Status=2, isTerminal=NO, Elapsed=02:36.
	Waiting on Data Migration
		Reason:Running plugin com.apple.locationd.migrator (CoreLocationMigrator.migrator)
		Migration Elapsed:02:28 seconds

[2026-09-27 08:07:21 +0000] Status=2, isTerminal=NO, Elapsed=02:37.
	Waiting on Data Migration
		Reason:Running plugin com.apple.locationd.migrator (CoreLocationMigrator.migrator)
		Migration Elapsed:02:29 seconds

[2026-09-27 08:07:22 +0000] Status=2, isTerminal=NO, Elapsed=02:38.
	Waiting on Data Migration
		Reason:Running plugin com.apple.locationd.migrator (CoreLocationMigrator.migrator)
		Migration Elapsed:02:30 seconds

[2026-09-27 08:07:23 +0000] Status=2, isTerminal=NO, Elapsed=02:39.
	Waiting on Data Migration
		Reason:Running plugin com.apple.locationd.migrator (CoreLocationMigrator.migrator)
		Migration Elapsed:02:31 seconds

[2026-09-27 08:07:24 +0000] Status=2, isTerminal=NO, Elapsed=02:40.
	Waiting on Data Migration
		Reason:Running plugin com.apple.locationd.migrator (CoreLocationMigrator.migrator)
		Migration Elapsed:02:32 seconds

[2026-09-27 08:07:25 +0000] Status=2, isTerminal=NO, Elapsed=02:41.
	Waiting on Data Migration
		Reason:Running plugin com.apple.locationd.migrator (CoreLocationMigrator.migrator)
		Migration Elapsed:02:33 seconds

[2026-09-27 08:07:26 +0000] Status=2, isTerminal=NO, Elapsed=02:42.
	Waiting on Data Migration
		Reason:Running plugin com.apple.locationd.migrator (CoreLocationMigrator.migrator)
		Migration Elapsed:02:34 seconds

[2026-09-27 08:07:27 +0000] Status=2, isTerminal=NO, Elapsed=02:43.
	Waiting on Data Migration
		Reason:Running plugin com.apple.locationd.migrator (CoreLocationMigrator.migrator)
		Migration Elapsed:02:35 seconds

[2026-09-27 08:07:28 +0000] Status=2, isTerminal=NO, Elapsed=02:44.
	Waiting on Data Migration
		Reason:Running plugin com.apple.locationd.migrator (CoreLocationMigrator.migrator)
		Migration Elapsed:02:36 seconds

[2026-09-27 08:07:29 +0000] Status=2, isTerminal=NO, Elapsed=02:45.
	Waiting on Data Migration
		Reason:Running plugin com.apple.locationd.migrator (CoreLocationMigrator.migrator)
		Migration Elapsed:02:37 seconds

[2026-09-27 08:07:30 +0000] Status=2, isTerminal=NO, Elapsed=02:46.
	Waiting on Data Migration
		Reason:Running plugin com.apple.locationd.migrator (CoreLocationMigrator.migrator)
		Migration Elapsed:02:38 seconds

[2026-09-27 08:07:31 +0000] Status=2, isTerminal=NO, Elapsed=02:47.
	Waiting on Data Migration
		Reason:Running plugin com.apple.locationd.migrator (CoreLocationMigrator.migrator)
		Migration Elapsed:02:39 seconds

[2026-09-27 08:07:32 +0000] Status=2, isTerminal=NO, Elapsed=02:48.
	Waiting on Data Migration
		Reason:Running plugin com.apple.locationd.migrator (CoreLocationMigrator.migrator)
		Migration Elapsed:02:40 seconds

[2026-09-27 08:07:33 +0000] Status=2, isTerminal=NO, Elapsed=02:49.
	Waiting on Data Migration
		Reason:Running plugin com.apple.locationd.migrator (CoreLocationMigrator.migrator)
		Migration Elapsed:02:41 seconds

[2026-09-27 08:07:34 +0000] Status=2, isTerminal=NO, Elapsed=02:50.
	Waiting on Data Migration
		Reason:Running plugin com.apple.locationd.migrator (CoreLocationMigrator.migrator)
		Migration Elapsed:02:42 seconds

[2026-09-27 08:07:35 +0000] Status=2, isTerminal=NO, Elapsed=02:51.
	Waiting on Data Migration
		Reason:Running plugin com.apple.locationd.migrator (CoreLocationMigrator.migrator)
		Migration Elapsed:02:43 seconds

[2026-09-27 08:07:36 +0000] Status=2, isTerminal=NO, Elapsed=02:52.
	Waiting on Data Migration
		Reason:Running plugin com.apple.locationd.migrator (CoreLocationMigrator.migrator)
		Migration Elapsed:02:44 seconds

[2026-09-27 08:07:37 +0000] Status=2, isTerminal=NO, Elapsed=02:53.
	Waiting on Data Migration
		Reason:Running plugin com.apple.locationd.migrator (CoreLocationMigrator.migrator)
		Migration Elapsed:02:45 seconds

[2026-09-27 08:07:38 +0000] Status=2, isTerminal=NO, Elapsed=02:54.
	Waiting on Data Migration
		Reason:Running plugin com.apple.locationd.migrator (CoreLocationMigrator.migrator)
		Migration Elapsed:02:46 seconds

[2026-09-27 08:07:39 +0000] Status=2, isTerminal=NO, Elapsed=02:55.
	Waiting on Data Migration
		Reason:Running plugin com.apple.locationd.migrator (CoreLocationMigrator.migrator)
		Migration Elapsed:02:47 seconds

[2026-09-27 08:07:40 +0000] Status=2, isTerminal=NO, Elapsed=02:56.
	Waiting on Data Migration
		Reason:Running plugin com.apple.locationd.migrator (CoreLocationMigrator.migrator)
		Migration Elapsed:02:48 seconds

[2026-09-27 08:07:41 +0000] Status=2, isTerminal=NO, Elapsed=02:57.
	Waiting on Data Migration
		Reason:Running plugin com.apple.locationd.migrator (CoreLocationMigrator.migrator)
		Migration Elapsed:02:49 seconds

[2026-09-27 08:07:42 +0000] Status=2, isTerminal=NO, Elapsed=02:58.
	Waiting on Data Migration
		Reason:Running plugin com.apple.locationd.migrator (CoreLocationMigrator.migrator)
		Migration Elapsed:02:50 seconds

[2026-09-27 08:07:43 +0000] Status=2, isTerminal=NO, Elapsed=02:59.
	Waiting on Data Migration
		Reason:Running plugin com.apple.locationd.migrator (CoreLocationMigrator.migrator)
		Migration Elapsed:02:51 seconds

[2026-09-27 08:07:44 +0000] Status=2, isTerminal=NO, Elapsed=03:00.
	Waiting on Data Migration
		Reason:Running plugin com.apple.locationd.migrator (CoreLocationMigrator.migrator)
		Migration Elapsed:02:52 seconds

[2026-09-27 08:07:45 +0000] Status=2, isTerminal=NO, Elapsed=03:01.
	Waiting on Data Migration
		Reason:Running plugin com.apple.locationd.migrator (CoreLocationMigrator.migrator)
		Migration Elapsed:02:53 seconds

[2026-09-27 08:07:46 +0000] Status=2, isTerminal=NO, Elapsed=03:02.
	Waiting on Data Migration
		Reason:Running plugin com.apple.locationd.migrator (CoreLocationMigrator.migrator)
		Migration Elapsed:02:54 seconds

[2026-09-27 08:07:47 +0000] Status=2, isTerminal=NO, Elapsed=03:03.
	Waiting on Data Migration
		Reason:Running plugin com.apple.locationd.migrator (CoreLocationMigrator.migrator)
		Migration Elapsed:02:55 seconds

[2026-09-27 08:07:48 +0000] Status=2, isTerminal=NO, Elapsed=03:04.
	Waiting on Data Migration
		Reason:Running plugin com.apple.locationd.migrator (CoreLocationMigrator.migrator)
		Migration Elapsed:02:56 seconds

[2026-09-27 08:07:49 +0000] Status=2, isTerminal=NO, Elapsed=03:05.
	Waiting on Data Migration
		Reason:Running plugin com.apple.locationd.migrator (CoreLocationMigrator.migrator)
		Migration Elapsed:02:57 seconds

[2026-09-27 08:07:50 +0000] Status=2, isTerminal=NO, Elapsed=03:06.
	Waiting on Data Migration
		Reason:Running plugin com.apple.locationd.migrator (CoreLocationMigrator.migrator)
		Migration Elapsed:02:58 seconds

[2026-09-27 08:07:51 +0000] Status=2, isTerminal=NO, Elapsed=03:07.
	Waiting on Data Migration
		Reason:Running plugin com.apple.locationd.migrator (CoreLocationMigrator.migrator)
		Migration Elapsed:02:59 seconds

[2026-09-27 08:07:52 +0000] Status=2, isTerminal=NO, Elapsed=03:08.
	Waiting on Data Migration
		Reason:Running plugin com.apple.locationd.migrator (CoreLocationMigrator.migrator)
		Migration Elapsed:03:00 seconds

[2026-09-27 08:07:53 +0000] Status=2, isTerminal=NO, Elapsed=03:09.
	Waiting on Data Migration
		Reason:Running plugin com.apple.locationd.migrator (CoreLocationMigrator.migrator)
		Migration Elapsed:03:01 seconds

[2026-09-27 08:07:54 +0000] Status=2, isTerminal=NO, Elapsed=03:10.
	Waiting on Data Migration
		Reason:Running plugin com.apple.locationd.migrator (CoreLocationMigrator.migrator)
		Migration Elapsed:03:02 seconds

[2026-09-27 08:07:55 +0000] Status=2, isTerminal=NO, Elapsed=03:11.
	Waiting on Data Migration
		Reason:Running plugin com.apple.locationd.migrator (CoreLocationMigrator.migrator)
		Migration Elapsed:03:03 seconds

[2026-09-27 08:07:56 +0000] Status=2, isTerminal=NO, Elapsed=03:12.
	Waiting on Data Migration
		Reason:Running plugin com.apple.locationd.migrator (CoreLocationMigrator.migrator)
		Migration Elapsed:03:04 seconds

[2026-09-27 08:07:57 +0000] Status=2, isTerminal=NO, Elapsed=03:13.
	Waiting on Data Migration
		Reason:Running plugin com.apple.locationd.migrator (CoreLocationMigrator.migrator)
		Migration Elapsed:03:05 seconds

[2026-09-27 08:07:58 +0000] Status=2, isTerminal=NO, Elapsed=03:14.
	Waiting on Data Migration
		Reason:Running plugin com.apple.locationd.migrator (CoreLocationMigrator.migrator)
		Migration Elapsed:03:06 seconds

[2026-09-27 08:07:59 +0000] Status=2, isTerminal=NO, Elapsed=03:15.
	Waiting on Data Migration
		Reason:Running plugin com.apple.locationd.migrator (CoreLocationMigrator.migrator)
		Migration Elapsed:03:07 seconds

[2026-09-27 08:08:00 +0000] Status=2, isTerminal=NO, Elapsed=03:16.
	Waiting on Data Migration
		Reason:Running plugin com.apple.locationd.migrator (CoreLocationMigrator.migrator)
		Migration Elapsed:03:08 seconds

[2026-09-27 08:08:01 +0000] Status=2, isTerminal=NO, Elapsed=03:17.
	Waiting on Data Migration
		Reason:Running plugin com.apple.locationd.migrator (CoreLocationMigrator.migrator)
		Migration Elapsed:03:09 seconds

[2026-09-27 08:08:02 +0000] Status=2, isTerminal=NO, Elapsed=03:18.
	Waiting on Data Migration
		Reason:Running plugin com.apple.locationd.migrator (CoreLocationMigrator.migrator)
		Migration Elapsed:03:10 seconds

[2026-09-27 08:08:03 +0000] Status=2, isTerminal=NO, Elapsed=03:19.
	Waiting on Data Migration
		Reason:Running plugin com.apple.locationd.migrator (CoreLocationMigrator.migrator)
		Migration Elapsed:03:11 seconds

[2026-09-27 08:08:04 +0000] Status=2, isTerminal=NO, Elapsed=03:20.
	Waiting on Data Migration
		Reason:Running plugin com.apple.locationd.migrator (CoreLocationMigrator.migrator)
		Migration Elapsed:03:12 seconds

[2026-09-27 08:08:05 +0000] Status=2, isTerminal=NO, Elapsed=03:21.
	Waiting on Data Migration
		Reason:Running plugin com.apple.locationd.migrator (CoreLocationMigrator.migrator)
		Migration Elapsed:03:13 seconds

[2026-09-27 08:08:06 +0000] Status=2, isTerminal=NO, Elapsed=03:22.
	Waiting on Data Migration
		Reason:Running plugin com.apple.locationd.migrator (CoreLocationMigrator.migrator)
		Migration Elapsed:03:14 seconds

[2026-09-27 08:08:07 +0000] Status=2, isTerminal=NO, Elapsed=03:23.
	Waiting on Data Migration
		Reason:Running plugin com.apple.locationd.migrator (CoreLocationMigrator.migrator)
		Migration Elapsed:03:15 seconds

[2026-09-27 08:08:08 +0000] Status=2, isTerminal=NO, Elapsed=03:24.
	Waiting on Data Migration
		Reason:Running plugin com.apple.locationd.migrator (CoreLocationMigrator.migrator)
		Migration Elapsed:03:16 seconds

[2026-09-27 08:08:09 +0000] Status=2, isTerminal=NO, Elapsed=03:25.
	Waiting on Data Migration
		Reason:Running plugin com.apple.locationd.migrator (CoreLocationMigrator.migrator)
		Migration Elapsed:03:17 seconds

[2026-09-27 08:08:10 +0000] Status=2, isTerminal=NO, Elapsed=03:26.
	Waiting on Data Migration
		Reason:Running plugin com.apple.locationd.migrator (CoreLocationMigrator.migrator)
		Migration Elapsed:03:18 seconds

[2026-09-27 08:08:11 +0000] Status=2, isTerminal=NO, Elapsed=03:27.
	Waiting on Data Migration
		Reason:Running plugin com.apple.locationd.migrator (CoreLocationMigrator.migrator)
		Migration Elapsed:03:19 seconds

[2026-09-27 08:08:12 +0000] Status=2, isTerminal=NO, Elapsed=03:28.
	Waiting on Data Migration
		Reason:Running plugin com.apple.locationd.migrator (CoreLocationMigrator.migrator)
		Migration Elapsed:03:20 seconds

[2026-09-27 08:08:13 +0000] Status=2, isTerminal=NO, Elapsed=03:29.
	Waiting on Data Migration
		Reason:Running plugin com.apple.locationd.migrator (CoreLocationMigrator.migrator)
		Migration Elapsed:03:21 seconds

[2026-09-27 08:08:14 +0000] Status=2, isTerminal=NO, Elapsed=03:30.
	Waiting on Data Migration
		Reason:Running plugin com.apple.locationd.migrator (CoreLocationMigrator.migrator)
		Migration Elapsed:03:22 seconds

[2026-09-27 08:08:15 +0000] Status=2, isTerminal=NO, Elapsed=03:31.
	Waiting on Data Migration
		Reason:Running plugin com.apple.locationd.migrator (CoreLocationMigrator.migrator)
		Migration Elapsed:03:23 seconds

[2026-09-27 08:08:16 +0000] Status=2, isTerminal=NO, Elapsed=03:32.
	Waiting on Data Migration
		Reason:Running plugin com.apple.locationd.migrator (CoreLocationMigrator.migrator)
		Migration Elapsed:03:24 seconds

[2026-09-27 08:08:17 +0000] Status=2, isTerminal=NO, Elapsed=03:33.
	Waiting on Data Migration
		Reason:Running plugin com.apple.locationd.migrator (CoreLocationMigrator.migrator)
		Migration Elapsed:03:25 seconds

[2026-09-27 08:08:18 +0000] Status=2, isTerminal=NO, Elapsed=03:34.
	Waiting on Data Migration
		Reason:Running plugin com.apple.locationd.migrator (CoreLocationMigrator.migrator)
		Migration Elapsed:03:26 seconds

[2026-09-27 08:08:19 +0000] Status=2, isTerminal=NO, Elapsed=03:35.
	Waiting on Data Migration
		Reason:Running plugin com.apple.locationd.migrator (CoreLocationMigrator.migrator)
		Migration Elapsed:03:27 seconds

[2026-09-27 08:08:20 +0000] Status=2, isTerminal=NO, Elapsed=03:36.
	Waiting on Data Migration
		Reason:Running plugin com.apple.locationd.migrator (CoreLocationMigrator.migrator)
		Migration Elapsed:03:28 seconds

[2026-09-27 08:08:21 +0000] Status=2, isTerminal=NO, Elapsed=03:37.
	Waiting on Data Migration
		Reason:Running plugin com.apple.locationd.migrator (CoreLocationMigrator.migrator)
		Migration Elapsed:03:29 seconds

[2026-09-27 08:08:22 +0000] Status=2, isTerminal=NO, Elapsed=03:38.
	Waiting on Data Migration
		Reason:Running plugin com.apple.locationd.migrator (CoreLocationMigrator.migrator)
		Migration Elapsed:03:30 seconds

[2026-09-27 08:08:23 +0000] Status=2, isTerminal=NO, Elapsed=03:39.
	Waiting on Data Migration
		Reason:Running plugin com.apple.locationd.migrator (CoreLocationMigrator.migrator)
		Migration Elapsed:03:31 seconds

[2026-09-27 08:08:24 +0000] Status=2, isTerminal=NO, Elapsed=03:40.
	Waiting on Data Migration
		Reason:Running plugin com.apple.locationd.migrator (CoreLocationMigrator.migrator)
		Migration Elapsed:03:32 seconds

[2026-09-27 08:08:25 +0000] Status=2, isTerminal=NO, Elapsed=03:41.
	Waiting on Data Migration
		Reason:Running plugin com.apple.locationd.migrator (CoreLocationMigrator.migrator)
		Migration Elapsed:03:33 seconds

[2026-09-27 08:08:26 +0000] Status=2, isTerminal=NO, Elapsed=03:42.
	Waiting on Data Migration
		Reason:Running plugin com.apple.locationd.migrator (CoreLocationMigrator.migrator)
		Migration Elapsed:03:34 seconds

[2026-09-27 08:08:27 +0000] Status=2, isTerminal=NO, Elapsed=03:43.
	Waiting on Data Migration
		Reason:Running plugin com.apple.locationd.migrator (CoreLocationMigrator.migrator)
		Migration Elapsed:03:35 seconds

[2026-09-27 08:08:28 +0000] Status=2, isTerminal=NO, Elapsed=03:44.
	Waiting on Data Migration
		Reason:Running plugin com.apple.locationd.migrator (CoreLocationMigrator.migrator)
		Migration Elapsed:03:36 seconds

[2026-09-27 08:08:29 +0000] Status=2, isTerminal=NO, Elapsed=03:45.
	Waiting on Data Migration
		Reason:Running plugin com.apple.locationd.migrator (CoreLocationMigrator.migrator)
		Migration Elapsed:03:37 seconds

[2026-09-27 08:08:30 +0000] Status=2, isTerminal=NO, Elapsed=03:46.
	Waiting on Data Migration
		Reason:Running plugin com.apple.locationd.migrator (CoreLocationMigrator.migrator)
		Migration Elapsed:03:38 seconds

[2026-09-27 08:08:31 +0000] Status=2, isTerminal=NO, Elapsed=03:47.
	Waiting on Data Migration
		Reason:Running plugin com.apple.locationd.migrator (CoreLocationMigrator.migrator)
		Migration Elapsed:03:39 seconds

[2026-09-27 08:08:32 +0000] Status=2, isTerminal=NO, Elapsed=03:48.
	Waiting on Data Migration
		Reason:Running plugin com.apple.locationd.migrator (CoreLocationMigrator.migrator)
		Migration Elapsed:03:40 seconds

[2026-09-27 08:08:33 +0000] Status=2, isTerminal=NO, Elapsed=03:49.
	Waiting on Data Migration
		Reason:Running plugin com.apple.locationd.migrator (CoreLocationMigrator.migrator)
		Migration Elapsed:03:41 seconds

[2026-09-27 08:08:34 +0000] Status=2, isTerminal=NO, Elapsed=03:50.
	Waiting on Data Migration
		Reason:Running plugin com.apple.locationd.migrator (CoreLocationMigrator.migrator)
		Migration Elapsed:03:42 seconds

[2026-09-27 08:08:35 +0000] Status=2, isTerminal=NO, Elapsed=03:51.
	Waiting on Data Migration
		Reason:Running plugin com.apple.locationd.migrator (CoreLocationMigrator.migrator)
		Migration Elapsed:03:43 seconds

[2026-09-27 08:08:36 +0000] Status=2, isTerminal=NO, Elapsed=03:52.
	Waiting on Data Migration
		Reason:Running plugin com.apple.locationd.migrator (CoreLocationMigrator.migrator)
		Migration Elapsed:03:44 seconds

[2026-09-27 08:08:37 +0000] Status=2, isTerminal=NO, Elapsed=03:53.
	Waiting on Data Migration
		Reason:Running plugin com.apple.locationd.migrator (CoreLocationMigrator.migrator)
		Migration Elapsed:03:45 seconds

[2026-09-27 08:08:38 +0000] Status=2, isTerminal=NO, Elapsed=03:54.
	Waiting on Data Migration
		Reason:Running plugin com.apple.locationd.migrator (CoreLocationMigrator.migrator)
		Migration Elapsed:03:46 seconds

[2026-09-27 08:08:39 +0000] Status=2, isTerminal=NO, Elapsed=03:55.
	Waiting on Data Migration
		Reason:Running plugin com.apple.locationd.migrator (CoreLocationMigrator.migrator)
		Migration Elapsed:03:47 seconds

[2026-09-27 08:08:40 +0000] Status=2, isTerminal=NO, Elapsed=03:56.
	Waiting on Data Migration
		Reason:Running plugin com.apple.locationd.migrator (CoreLocationMigrator.migrator)
		Migration Elapsed:03:48 seconds

[2026-09-27 08:08:41 +0000] Status=2, isTerminal=NO, Elapsed=03:57.
	Waiting on Data Migration
		Reason:Running plugin com.apple.locationd.migrator (CoreLocationMigrator.migrator)
		Migration Elapsed:03:49 seconds

[2026-09-27 08:08:42 +0000] Status=2, isTerminal=NO, Elapsed=03:58.
	Waiting on Data Migration
		Reason:Running plugin com.apple.locationd.migrator (CoreLocationMigrator.migrator)
		Migration Elapsed:03:50 seconds

[2026-09-27 08:08:43 +0000] Status=2, isTerminal=NO, Elapsed=03:59.
	Waiting on Data Migration
		Reason:Running plugin com.apple.locationd.migrator (CoreLocationMigrator.migrator)
		Migration Elapsed:03:51 seconds

[2026-09-27 08:08:44 +0000] Status=2, isTerminal=NO, Elapsed=04:00.
	Waiting on Data Migration
		Reason:Running plugin com.apple.locationd.migrator (CoreLocationMigrator.migrator)
		Migration Elapsed:03:52 seconds

[2026-09-27 08:08:45 +0000] Status=2, isTerminal=NO, Elapsed=04:01.
	Waiting on Data Migration
		Reason:Running plugin com.apple.locationd.migrator (CoreLocationMigrator.migrator)
		Migration Elapsed:03:53 seconds

[2026-09-27 08:08:46 +0000] Status=2, isTerminal=NO, Elapsed=04:02.
	Waiting on Data Migration
		Reason:Running plugin com.apple.locationd.migrator (CoreLocationMigrator.migrator)
		Migration Elapsed:03:54 seconds

[2026-09-27 08:08:47 +0000] Status=2, isTerminal=NO, Elapsed=04:03.
	Waiting on Data Migration
		Reason:Running plugin com.apple.locationd.migrator (CoreLocationMigrator.migrator)
		Migration Elapsed:03:55 seconds

[2026-09-27 08:08:48 +0000] Status=2, isTerminal=NO, Elapsed=04:04.
	Waiting on Data Migration
		Reason:Running plugin com.apple.locationd.migrator (CoreLocationMigrator.migrator)
		Migration Elapsed:03:56 seconds

[2026-09-27 08:08:49 +0000] Status=2, isTerminal=NO, Elapsed=04:05.
	Waiting on Data Migration
		Reason:Running plugin com.apple.locationd.migrator (CoreLocationMigrator.migrator)
		Migration Elapsed:03:57 seconds

[2026-09-27 08:08:50 +0000] Status=2, isTerminal=NO, Elapsed=04:06.
	Waiting on Data Migration
		Reason:Running plugin com.apple.locationd.migrator (CoreLocationMigrator.migrator)
		Migration Elapsed:03:58 seconds

[2026-09-27 08:08:51 +0000] Status=2, isTerminal=NO, Elapsed=04:07.
	Waiting on Data Migration
		Reason:Running plugin com.apple.locationd.migrator (CoreLocationMigrator.migrator)
		Migration Elapsed:03:59 seconds

[2026-09-27 08:08:52 +0000] Status=2, isTerminal=NO, Elapsed=04:08.
	Waiting on Data Migration
		Reason:Running plugin com.apple.locationd.migrator (CoreLocationMigrator.migrator)
		Migration Elapsed:04:00 seconds

[2026-09-27 08:08:53 +0000] Status=2, isTerminal=NO, Elapsed=04:09.
	Waiting on Data Migration
		Reason:Running plugin com.apple.locationd.migrator (CoreLocationMigrator.migrator)
		Migration Elapsed:04:01 seconds

[2026-09-27 08:08:54 +0000] Status=2, isTerminal=NO, Elapsed=04:10.
	Waiting on Data Migration
		Reason:Running plugin com.apple.locationd.migrator (CoreLocationMigrator.migrator)
		Migration Elapsed:04:02 seconds

[2026-09-27 08:08:55 +0000] Status=2, isTerminal=NO, Elapsed=04:11.
	Waiting on Data Migration
		Reason:Running plugin com.apple.locationd.migrator (CoreLocationMigrator.migrator)
		Migration Elapsed:04:03 seconds

[2026-09-27 08:08:56 +0000] Status=2, isTerminal=NO, Elapsed=04:12.
	Waiting on Data Migration
		Reason:Running plugin com.apple.locationd.migrator (CoreLocationMigrator.migrator)
		Migration Elapsed:04:04 seconds

[2026-09-27 08:08:57 +0000] Status=2, isTerminal=NO, Elapsed=04:13.
	Waiting on Data Migration
		Reason:Running plugin com.apple.locationd.migrator (CoreLocationMigrator.migrator)
		Migration Elapsed:04:05 seconds

[2026-09-27 08:08:58 +0000] Status=2, isTerminal=NO, Elapsed=04:14.
	Waiting on Data Migration
		Reason:Running plugin com.apple.locationd.migrator (CoreLocationMigrator.migrator)
		Migration Elapsed:04:06 seconds

[2026-09-27 08:08:59 +0000] Status=2, isTerminal=NO, Elapsed=04:15.
	Waiting on Data Migration
		Reason:Running plugin com.apple.locationd.migrator (CoreLocationMigrator.migrator)
		Migration Elapsed:04:07 seconds

[2026-09-27 08:09:00 +0000] Status=2, isTerminal=NO, Elapsed=04:16.
	Waiting on Data Migration
		Reason:Running plugin com.apple.locationd.migrator (CoreLocationMigrator.migrator)
		Migration Elapsed:04:08 seconds

[2026-09-27 08:09:01 +0000] Status=2, isTerminal=NO, Elapsed=04:17.
	Waiting on Data Migration
		Reason:Running plugin com.apple.locationd.migrator (CoreLocationMigrator.migrator)
		Migration Elapsed:04:09 seconds

[2026-09-27 08:09:02 +0000] Status=2, isTerminal=NO, Elapsed=04:18.
	Waiting on Data Migration
		Reason:Running plugin com.apple.locationd.migrator (CoreLocationMigrator.migrator)
		Migration Elapsed:04:10 seconds

[2026-09-27 08:09:03 +0000] Status=2, isTerminal=NO, Elapsed=04:19.
	Waiting on Data Migration
		Reason:Running plugin com.apple.locationd.migrator (CoreLocationMigrator.migrator)
		Migration Elapsed:04:11 seconds

[2026-09-27 08:09:04 +0000] Status=2, isTerminal=NO, Elapsed=04:20.
	Waiting on Data Migration
		Reason:Running plugin com.apple.locationd.migrator (CoreLocationMigrator.migrator)
		Migration Elapsed:04:12 seconds

[2026-09-27 08:09:05 +0000] Status=2, isTerminal=NO, Elapsed=04:21.
	Waiting on Data Migration
		Reason:Running plugin com.apple.locationd.migrator (CoreLocationMigrator.migrator)
		Migration Elapsed:04:13 seconds

[2026-09-27 08:09:06 +0000] Status=2, isTerminal=NO, Elapsed=04:22.
	Waiting on Data Migration
		Reason:Running plugin com.apple.locationd.migrator (CoreLocationMigrator.migrator)
		Migration Elapsed:04:14 seconds

[2026-09-27 08:09:07 +0000] Status=2, isTerminal=NO, Elapsed=04:23.
	Waiting on Data Migration
		Reason:Running plugin com.apple.locationd.migrator (CoreLocationMigrator.migrator)
		Migration Elapsed:04:15 seconds

[2026-09-27 08:09:08 +0000] Status=2, isTerminal=NO, Elapsed=04:24.
	Waiting on Data Migration
		Reason:Running plugin com.apple.locationd.migrator (CoreLocationMigrator.migrator)
		Migration Elapsed:04:16 seconds

[2026-09-27 08:09:09 +0000] Status=2, isTerminal=NO, Elapsed=04:25.
	Waiting on Data Migration
		Reason:Running plugin com.apple.locationd.migrator (CoreLocationMigrator.migrator)
		Migration Elapsed:04:17 seconds

[2026-09-27 08:09:10 +0000] Status=2, isTerminal=NO, Elapsed=04:26.
	Waiting on Data Migration
		Reason:Running plugin com.apple.locationd.migrator (CoreLocationMigrator.migrator)
		Migration Elapsed:04:18 seconds

[2026-09-27 08:09:11 +0000] Status=2, isTerminal=NO, Elapsed=04:27.
	Waiting on Data Migration
		Reason:Running plugin com.apple.locationd.migrator (CoreLocationMigrator.migrator)
		Migration Elapsed:04:19 seconds

[2026-09-27 08:09:12 +0000] Status=2, isTerminal=NO, Elapsed=04:28.
	Waiting on Data Migration
		Reason:Running plugin com.apple.locationd.migrator (CoreLocationMigrator.migrator)
		Migration Elapsed:04:20 seconds

[2026-09-27 08:09:13 +0000] Status=2, isTerminal=NO, Elapsed=04:29.
	Waiting on Data Migration
		Reason:Running plugin com.apple.locationd.migrator (CoreLocationMigrator.migrator)
		Migration Elapsed:04:21 seconds

[2026-09-27 08:09:14 +0000] Status=2, isTerminal=NO, Elapsed=04:30.
	Waiting on Data Migration
		Reason:Running plugin com.apple.locationd.migrator (CoreLocationMigrator.migrator)
		Migration Elapsed:04:22 seconds

[2026-09-27 08:09:15 +0000] Status=2, isTerminal=NO, Elapsed=04:31.
	Waiting on Data Migration
		Reason:Running plugin com.apple.locationd.migrator (CoreLocationMigrator.migrator)
		Migration Elapsed:04:23 seconds

[2026-09-27 08:09:16 +0000] Status=2, isTerminal=NO, Elapsed=04:32.
	Waiting on Data Migration
		Reason:Running plugin com.apple.locationd.migrator (CoreLocationMigrator.migrator)
		Migration Elapsed:04:24 seconds

[2026-09-27 08:09:17 +0000] Status=2, isTerminal=NO, Elapsed=04:33.
	Waiting on Data Migration
		Reason:Running plugin com.apple.locationd.migrator (CoreLocationMigrator.migrator)
		Migration Elapsed:04:25 seconds

[2026-09-27 08:09:18 +0000] Status=2, isTerminal=NO, Elapsed=04:34.
	Waiting on Data Migration
		Reason:Running plugin com.apple.locationd.migrator (CoreLocationMigrator.migrator)
		Migration Elapsed:04:26 seconds

[2026-09-27 08:09:19 +0000] Status=2, isTerminal=NO, Elapsed=04:35.
	Waiting on Data Migration
		Reason:Running plugin com.apple.locationd.migrator (CoreLocationMigrator.migrator)
		Migration Elapsed:04:27 seconds

[2026-09-27 08:09:20 +0000] Status=2, isTerminal=NO, Elapsed=04:36.
	Waiting on Data Migration
		Reason:Running plugin com.apple.locationd.migrator (CoreLocationMigrator.migrator)
		Migration Elapsed:04:28 seconds

[2026-09-27 08:09:21 +0000] Status=2, isTerminal=NO, Elapsed=04:37.
	Waiting on Data Migration
		Reason:Running plugin com.apple.locationd.migrator (CoreLocationMigrator.migrator)
		Migration Elapsed:04:29 seconds

[2026-09-27 08:09:22 +0000] Status=2, isTerminal=NO, Elapsed=04:38.
	Waiting on Data Migration
		Reason:Running plugin com.apple.locationd.migrator (CoreLocationMigrator.migrator)
		Migration Elapsed:04:30 seconds

[2026-09-27 08:09:23 +0000] Status=2, isTerminal=NO, Elapsed=04:39.
	Waiting on Data Migration
		Reason:Running plugin com.apple.locationd.migrator (CoreLocationMigrator.migrator)
		Migration Elapsed:04:31 seconds

[2026-09-27 08:09:24 +0000] Status=2, isTerminal=NO, Elapsed=04:40.
	Waiting on Data Migration
		Reason:Running plugin com.apple.locationd.migrator (CoreLocationMigrator.migrator)
		Migration Elapsed:04:32 seconds

[2026-09-27 08:09:25 +0000] Status=2, isTerminal=NO, Elapsed=04:41.
	Waiting on Data Migration
		Reason:Running plugin com.apple.locationd.migrator (CoreLocationMigrator.migrator)
		Migration Elapsed:04:33 seconds

[2026-09-27 08:09:26 +0000] Status=2, isTerminal=NO, Elapsed=04:42.
	Waiting on Data Migration
		Reason:Running plugin com.apple.locationd.migrator (CoreLocationMigrator.migrator)
		Migration Elapsed:04:34 seconds

[2026-09-27 08:09:27 +0000] Status=2, isTerminal=NO, Elapsed=04:43.
	Waiting on Data Migration
		Reason:Running plugin com.apple.locationd.migrator (CoreLocationMigrator.migrator)
		Migration Elapsed:04:35 seconds

[2026-09-27 08:09:28 +0000] Status=2, isTerminal=NO, Elapsed=04:44.
	Waiting on Data Migration
		Reason:Running plugin com.apple.locationd.migrator (CoreLocationMigrator.migrator)
		Migration Elapsed:04:36 seconds

[2026-09-27 08:09:29 +0000] Status=2, isTerminal=NO, Elapsed=04:45.
	Waiting on Data Migration
		Reason:Running plugin com.apple.locationd.migrator (CoreLocationMigrator.migrator)
		Migration Elapsed:04:37 seconds

[2026-09-27 08:09:30 +0000] Status=2, isTerminal=NO, Elapsed=04:46.
	Waiting on Data Migration
		Reason:Running plugin com.apple.locationd.migrator (CoreLocationMigrator.migrator)
		Migration Elapsed:04:38 seconds

[2026-09-27 08:09:31 +0000] Status=2, isTerminal=NO, Elapsed=04:47.
	Waiting on Data Migration
		Reason:Running plugin com.apple.locationd.migrator (CoreLocationMigrator.migrator)
		Migration Elapsed:04:39 seconds

[2026-09-27 08:09:32 +0000] Status=2, isTerminal=NO, Elapsed=04:48.
	Waiting on Data Migration
		Reason:Running plugin com.apple.locationd.migrator (CoreLocationMigrator.migrator)
		Migration Elapsed:04:40 seconds

[2026-09-27 08:09:35 +0000] Status=2, isTerminal=NO, Elapsed=04:51.
	Waiting on Data Migration
		Reason:Running plugin com.apple.locationd.migrator (CoreLocationMigrator.migrator)
		Migration Elapsed:04:41 seconds

[2026-09-27 08:09:37 +0000] Status=2, isTerminal=NO, Elapsed=04:52.
	Waiting on Data Migration
		Reason:Running plugin com.apple.locationd.migrator (CoreLocationMigrator.migrator)
		Migration Elapsed:04:43 seconds

[2026-09-27 08:09:39 +0000] Status=2, isTerminal=NO, Elapsed=04:54.
	Waiting on Data Migration
		Reason:Running plugin com.apple.CloudTabsMigrator.migrator (CloudTabsMigrator.migrator)
		Migration Elapsed:04:45 seconds

[2026-09-27 08:09:42 +0000] Status=2, isTerminal=NO, Elapsed=04:58.
	Waiting on Data Migration
		Reason:Running plugin com.apple.CloudTabsMigrator.migrator (CloudTabsMigrator.migrator)
		Migration Elapsed:04:46 seconds

[2026-09-27 08:09:44 +0000] Status=4, isTerminal=NO, Elapsed=04:59.
	Waiting on System App

[2026-09-27 08:09:46 +0000] Status=4, isTerminal=NO, Elapsed=05:01.
	Waiting on System App

[2026-09-27 08:09:46 +0000] Status=4, isTerminal=NO, Elapsed=05:02.
	Waiting on System App

[2026-09-27 08:09:47 +0000] Status=4, isTerminal=NO, Elapsed=05:02.
	Waiting on System App

[2026-09-27 08:09:47 +0000] Status=4, isTerminal=NO, Elapsed=05:03.
	Waiting on System App

[2026-09-27 08:09:49 +0000] Status=4, isTerminal=NO, Elapsed=05:04.
	Waiting on System App

[2026-09-27 08:09:49 +0000] Status=4, isTerminal=NO, Elapsed=05:05.
	Waiting on System App

[2026-09-27 08:09:50 +0000] Status=4, isTerminal=NO, Elapsed=05:06.
	Waiting on System App

[2026-09-27 08:09:52 +0000] Status=4, isTerminal=NO, Elapsed=05:07.
	Waiting on System App

[2026-09-27 08:09:59 +0000] Status=4294967295, isTerminal=YES, Elapsed=05:14.
	Finished

[08:10:10] Simülatör açıldı
[08:12:19] AsistSeed çalışıyor: --now 2026-09-27T08:12:19Z (Mac saat dilimi: UTC)
[08:12:19] Tohum: 18 satır, ayrıntı kaydı: 5EED0001-0000-4000-8000-000000000014
[08:12:20] Tohum verisi kopyalandı: /Users/runner/Library/Developer/CoreSimulator/Devices/7216FA45-3AD9-4EF4-A56D-3CCCCF4CFAD1/data/Containers/Data/Application/D3E3E1A1-F314-41BE-A8D4-D53D9597A9B4/Library/Application Support/Asist/asist-data.json
[08:12:20] Tohum verisi yüklendi
[08:12:22] Uygulama başlatıldı (tohumlu ilk açılış), pid=16256
Note: No display specified. Defaulting to display: 116737C4-4AC7-445E-BE81-377BBF4985C4 (screenID: 1, name: LCD)
Wrote screenshot to: /Users/runner/work/_temp/sim/tam/01-bugun.png
[08:12:46] Ekran görüntüsü: 01-bugun.png (Bugün (açık tema))
Note: No display specified. Defaulting to display: 116737C4-4AC7-445E-BE81-377BBF4985C4 (screenID: 1, name: LCD)
Wrote screenshot to: /Users/runner/work/_temp/sim/tam/02-bugun-karanlik.png
[08:12:55] Ekran görüntüsü: 02-bugun-karanlik.png (Bugün (karanlık tema))
[08:12:59] Bağlantı (başlatma argümanı): asist://sekme/listeler
[08:13:01] Uygulama başlatıldı (03-listeler), pid=18224
Note: No display specified. Defaulting to display: 116737C4-4AC7-445E-BE81-377BBF4985C4 (screenID: 1, name: LCD)
Wrote screenshot to: /Users/runner/work/_temp/sim/tam/03-listeler.png
[08:13:10] Ekran görüntüsü: 03-listeler.png (Listeler sekmesi (asist://sekme/listeler))
[08:13:10] Bağlantı (başlatma argümanı): asist://sekme/projeler
[08:13:11] Uygulama başlatıldı (04-projeler), pid=19014
Note: No display specified. Defaulting to display: 116737C4-4AC7-445E-BE81-377BBF4985C4 (screenID: 1, name: LCD)
Wrote screenshot to: /Users/runner/work/_temp/sim/tam/04-projeler.png
[08:13:20] Ekran görüntüsü: 04-projeler.png (Projeler sekmesi (asist://sekme/projeler))
[08:13:20] Bağlantı (başlatma argümanı): asist://sekme/ayarlar
[08:13:24] Uygulama başlatıldı (05-ayarlar), pid=19236
Note: No display specified. Defaulting to display: 116737C4-4AC7-445E-BE81-377BBF4985C4 (screenID: 1, name: LCD)
Wrote screenshot to: /Users/runner/work/_temp/sim/tam/05-ayarlar.png
[08:13:35] Ekran görüntüsü: 05-ayarlar.png (Ayarlar sekmesi (asist://sekme/ayarlar))
[08:13:35] Bağlantı (başlatma argümanı): asist://ayarlar/tetikleyiciler
[08:13:39] Uygulama başlatıldı (06-ayarlar-tetikleyiciler), pid=19830
Note: No display specified. Defaulting to display: 116737C4-4AC7-445E-BE81-377BBF4985C4 (screenID: 1, name: LCD)
Wrote screenshot to: /Users/runner/work/_temp/sim/tam/06-ayarlar-tetikleyiciler.png
[08:13:49] Ekran görüntüsü: 06-ayarlar-tetikleyiciler.png (Ayarlar › Tetikleyiciler)
[08:13:49] Bağlantı (başlatma argümanı): asist://kayit/5EED0001-0000-4000-8000-000000000014
[08:13:50] Uygulama başlatıldı (07-kayit-detay), pid=20570
Note: No display specified. Defaulting to display: 116737C4-4AC7-445E-BE81-377BBF4985C4 (screenID: 1, name: LCD)
Wrote screenshot to: /Users/runner/work/_temp/sim/tam/07-kayit-detay.png
[08:13:59] Ekran görüntüsü: 07-kayit-detay.png (Kayıt ayrıntısı (asist://kayit/5EED0001-0000-4000-8000-000000000014))
[08:13:59] Bağlantı (başlatma argümanı): asist://gunsonu
[08:14:01] Uygulama başlatıldı (08-gun-sonu), pid=20880
Note: No display specified. Defaulting to display: 116737C4-4AC7-445E-BE81-377BBF4985C4 (screenID: 1, name: LCD)
Wrote screenshot to: /Users/runner/work/_temp/sim/tam/08-gun-sonu.png
[08:14:09] Ekran görüntüsü: 08-gun-sonu.png (Gün sonu (asist://gunsonu))
[08:14:09] Bağlantı (başlatma argümanı): asist://yaz
[08:14:11] Uygulama başlatıldı (09-yaz), pid=21692
Note: No display specified. Defaulting to display: 116737C4-4AC7-445E-BE81-377BBF4985C4 (screenID: 1, name: LCD)
Wrote screenshot to: /Users/runner/work/_temp/sim/tam/09-yaz.png
[08:14:24] Ekran görüntüsü: 09-yaz.png (Yaz sayfası (asist://yaz))
[08:14:24] Bağlantı (başlatma argümanı): asist://sekme/bugun
[08:14:26] Uygulama başlatıldı (10-bugun-sekme), pid=22533
Note: No display specified. Defaulting to display: 116737C4-4AC7-445E-BE81-377BBF4985C4 (screenID: 1, name: LCD)
Wrote screenshot to: /Users/runner/work/_temp/sim/tam/10-bugun-sekme.png
[08:14:35] Ekran görüntüsü: 10-bugun-sekme.png (asist://sekme/bugun (sayfa kapanır, Bugün kökü))
[08:14:43] Uygulama başlatıldı (temiz kurulum (tohumsuz)), pid=23318
Note: No display specified. Defaulting to display: 116737C4-4AC7-445E-BE81-377BBF4985C4 (screenID: 1, name: LCD)
Wrote screenshot to: /Users/runner/work/_temp/sim/tam/11-tanitim.png
[08:15:03] Ekran görüntüsü: 11-tanitim.png (Temiz kurulum: tanıtım ekranı)
[08:15:16] Sonuç: BAŞARILI (ekran görüntüsü: 11, çökme raporu: 0, betik kodu: 0)
