getpwuid_r did not find a match for uid 501
Timestamp               Ty Process[PID:TID]
2026-09-27 08:12:22.891 E  Asist[16256:c7f6] [com.apple.appintents:General] Failed to connect to linkd to request update AppShortcut parameters, error: Yardımcı uygulamayla iletişim kurulamadı.
2026-09-27 08:12:26.396 E  Asist[16256:c7f6] [com.apple.app_launch_measurement:General] Failed to send CA Event for app launch measurements for ca_event_type: 0 event_name: com.apple.app_launch_measurement.FirstFramePresentationMetric
2026-09-27 08:12:27.067 E  Asist[16256:c7ba] [com.apple.CFBundle:plugin] AddInstanceForFactory: No factory registered for id <CFUUID 0x11381d9e0> F8BB1C28-BAE8-11D6-9C31-00039315CD46
2026-09-27 08:12:27.397 E  Asist[16256:c809] [com.apple.app_launch_measurement:General] Failed to send CA Event for app launch measurements for ca_event_type: 1 event_name: com.apple.app_launch_measurement.ExtendedLaunchMetrics
2026-09-27 08:13:01.561 E  Asist[18224:db3e] [com.apple.appintents:General] Failed to connect to linkd to request update AppShortcut parameters, error: Yardımcı uygulamayla iletişim kurulamadı.
2026-09-27 08:13:02.222 E  Asist[18224:db37] [com.apple.app_launch_measurement:General] Failed to send CA Event for app launch measurements for ca_event_type: 0 event_name: com.apple.app_launch_measurement.FirstFramePresentationMetric
2026-09-27 08:13:02.493 E  Asist[18224:db30] [com.apple.CFBundle:plugin] AddInstanceForFactory: No factory registered for id <CFUUID 0x1134700e0> F8BB1C28-BAE8-11D6-9C31-00039315CD46
2026-09-27 08:13:03.271 E  Asist[18224:db3b] [com.apple.app_launch_measurement:General] Failed to send CA Event for app launch measurements for ca_event_type: 1 event_name: com.apple.app_launch_measurement.ExtendedLaunchMetrics
2026-09-27 08:13:11.774 E  Asist[19014:e256] [com.apple.appintents:General] Failed to connect to linkd to request update AppShortcut parameters, error: Yardımcı uygulamayla iletişim kurulamadı.
2026-09-27 08:13:12.625 E  Asist[19014:e24b] [com.apple.CFBundle:plugin] AddInstanceForFactory: No factory registered for id <CFUUID 0x1157f30e0> F8BB1C28-BAE8-11D6-9C31-00039315CD46
2026-09-27 08:13:21.967 E  Asist[19236:e4df] [com.apple.appintents:General] Failed to connect to linkd to request update AppShortcut parameters, error: Yardımcı uygulamayla iletişim kurulamadı.
2026-09-27 08:13:23.216 E  Asist[19236:e4d6] [com.apple.CFBundle:plugin] AddInstanceForFactory: No factory registered for id <CFUUID 0x115178240> F8BB1C28-BAE8-11D6-9C31-00039315CD46
2026-09-27 08:13:37.238 E  Asist[19830:eac3] [com.apple.appintents:General] Failed to connect to linkd to request update AppShortcut parameters, error: Yardımcı uygulamayla iletişim kurulamadı.
2026-09-27 08:13:38.604 E  Asist[19830:eabb] [com.apple.CFBundle:plugin] AddInstanceForFactory: No factory registered for id <CFUUID 0x1090ecc40> F8BB1C28-BAE8-11D6-9C31-00039315CD46
2026-09-27 08:13:41.111 F  Asist[19830:eabb] [com.apple.runtime-issues:RuntimeIssues] Provided AppIntent does not match an App Shortcut, SiriTipView will not display.
2026-09-27 08:13:50.532 E  Asist[20570:f1c3] [com.apple.appintents:General] Failed to connect to linkd to request update AppShortcut parameters, error: Yardımcı uygulamayla iletişim kurulamadı.
2026-09-27 08:13:51.486 E  Asist[20570:f1b4] [com.apple.CFBundle:plugin] AddInstanceForFactory: No factory registered for id <CFUUID 0x1111355a0> F8BB1C28-BAE8-11D6-9C31-00039315CD46
2026-09-27 08:13:52.294 F  Asist[20570:f1b4] [com.apple.runtime-issues:SwiftUI] Invalid frame dimension (negative or non-finite).
2026-09-27 08:14:01.391 E  Asist[20880:f51a] [com.apple.appintents:General] Failed to connect to linkd to request update AppShortcut parameters, error: Yardımcı uygulamayla iletişim kurulamadı.
2026-09-27 08:14:02.564 E  Asist[20880:f514] [com.apple.CFBundle:plugin] AddInstanceForFactory: No factory registered for id <CFUUID 0x114cbcd60> F8BB1C28-BAE8-11D6-9C31-00039315CD46
2026-09-27 08:14:11.235 E  Asist[21692:fcc3] [com.apple.appintents:General] Failed to connect to linkd to request update AppShortcut parameters, error: Yardımcı uygulamayla iletişim kurulamadı.
2026-09-27 08:14:12.120 E  Asist[21692:fcbe] [com.apple.CFBundle:plugin] AddInstanceForFactory: No factory registered for id <CFUUID 0x111d545e0> F8BB1C28-BAE8-11D6-9C31-00039315CD46
2026-09-27 08:14:14.987 E  Asist[21692:fcc8] [com.apple.TextInputUI:CandidateGeneration] Result accumulator timeout: 0.250000, exceeded.
2026-09-27 08:14:15.386 E  Asist[21692:fcc8] [com.apple.TextInputUI:CandidateGeneration] Attempted to update accumulator from source type: 0, after completion has already been called for token:[78A59140]. This is an error and will be ignored.
2026-09-27 08:14:26.291 E  Asist[22533:104bc] [com.apple.appintents:General] Failed to connect to linkd to request update AppShortcut parameters, error: Yardımcı uygulamayla iletişim kurulamadı.
2026-09-27 08:14:27.566 E  Asist[22533:104ae] [com.apple.CFBundle:plugin] AddInstanceForFactory: No factory registered for id <CFUUID 0x11555c120> F8BB1C28-BAE8-11D6-9C31-00039315CD46
2026-09-27 08:14:43.186 E  Asist[23318:10d56] [com.apple.appintents:General] Failed to connect to linkd to request update AppShortcut parameters, error: Yardımcı uygulamayla iletişim kurulamadı.
